 
****************************************
Report : timing
        -path full
        -delay min
        -max_paths 1
Design : system_top
Version: O-2018.06-SP1
Date   : Thu Oct  8 00:22:01 2026
****************************************

Operating Conditions: scmetro_tsmc_cl013g_rvt_ff_1p32v_m40c   Library: scmetro_tsmc_cl013g_rvt_ff_1p32v_m40c
Wire Load Model Mode: top

  Startpoint: U0_SYS_CTRL_ALU_EN_reg
              (rising edge-triggered flip-flop clocked by REF_CLK)
  Endpoint: U0_ALU_OUT_VALID_reg
            (rising edge-triggered flip-flop clocked by ALU_CLK)
  Path Group: ALU_CLK
  Path Type: min

  Des/Clust/Port     Wire Load Model       Library
  ------------------------------------------------
  system_top         tsmc13_wl30           scmetro_tsmc_cl013g_rvt_ss_1p08v_125c

  Point                                                   Incr       Path
  --------------------------------------------------------------------------
  clock REF_CLK (rise edge)                               0.00       0.00
  clock network delay (ideal)                             0.00       0.00
  U0_SYS_CTRL_ALU_EN_reg/CK (DFFRQX2M)                    0.00       0.00 r
  U0_SYS_CTRL_ALU_EN_reg/Q (DFFRQX2M)                     0.86       0.86 f
  U0_ALU_OUT_VALID_reg/D (DFFRQX1M)                       0.00       0.86 f
  data arrival time                                                  0.86

  clock ALU_CLK (rise edge)                               0.00       0.00
  clock network delay (ideal)                             0.00       0.00
  clock uncertainty                                       0.10       0.10
  U0_ALU_OUT_VALID_reg/CK (DFFRQX1M)                      0.00       0.10 r
  library hold time                                      -0.10       0.00
  data required time                                                 0.00
  --------------------------------------------------------------------------
  data required time                                                 0.00
  data arrival time                                                 -0.86
  --------------------------------------------------------------------------
  slack (MET)                                                        0.86


  Startpoint: U0_UART_FIFO_sync_r2w_sync_reg_reg_0_
              (rising edge-triggered flip-flop clocked by REF_CLK)
  Endpoint: U0_UART_FIFO_sync_r2w_sync_reg_0_
            (rising edge-triggered flip-flop clocked by REF_CLK)
  Path Group: REF_CLK
  Path Type: min

  Des/Clust/Port     Wire Load Model       Library
  ------------------------------------------------
  system_top         tsmc13_wl30           scmetro_tsmc_cl013g_rvt_ss_1p08v_125c

  Point                                                   Incr       Path
  --------------------------------------------------------------------------
  clock REF_CLK (rise edge)                               0.00       0.00
  clock network delay (ideal)                             0.00       0.00
  U0_UART_FIFO_sync_r2w_sync_reg_reg_0_/CK (DFFRQX1M)     0.00       0.00 r
  U0_UART_FIFO_sync_r2w_sync_reg_reg_0_/Q (DFFRQX1M)      0.66       0.66 f
  U0_UART_FIFO_sync_r2w_sync_reg_0_/D (DFFRQX1M)          0.00       0.66 f
  data arrival time                                                  0.66

  clock REF_CLK (rise edge)                               0.00       0.00
  clock network delay (ideal)                             0.00       0.00
  clock uncertainty                                       0.10       0.10
  U0_UART_FIFO_sync_r2w_sync_reg_0_/CK (DFFRQX1M)         0.00       0.10 r
  library hold time                                      -0.05       0.05
  data required time                                                 0.05
  --------------------------------------------------------------------------
  data required time                                                 0.05
  data arrival time                                                 -0.66
  --------------------------------------------------------------------------
  slack (MET)                                                        0.61


  Startpoint: U0_UART_U0_UART_RX_U_Start_Check_strt_glitch_reg
              (rising edge-triggered flip-flop clocked by RX_CLK)
  Endpoint: U0_UART_U0_UART_RX_U_FSM_current_state_reg_1_
            (rising edge-triggered flip-flop clocked by RX_CLK)
  Path Group: RX_CLK
  Path Type: min

  Des/Clust/Port     Wire Load Model       Library
  ------------------------------------------------
  system_top         tsmc13_wl30           scmetro_tsmc_cl013g_rvt_ss_1p08v_125c

  Point                                                   Incr       Path
  --------------------------------------------------------------------------
  clock RX_CLK (rise edge)                                0.00       0.00
  clock network delay (ideal)                             0.00       0.00
  U0_UART_U0_UART_RX_U_Start_Check_strt_glitch_reg/CK (DFFRQX1M)
                                                          0.00       0.00 r
  U0_UART_U0_UART_RX_U_Start_Check_strt_glitch_reg/Q (DFFRQX1M)
                                                          0.89       0.89 r
  U1734/Y (OAI31X2M)                                      0.34       1.23 f
  U0_UART_U0_UART_RX_U_FSM_current_state_reg_1_/D (DFFRQX4M)
                                                          0.00       1.23 f
  data arrival time                                                  1.23

  clock RX_CLK (rise edge)                                0.00       0.00
  clock network delay (ideal)                             0.00       0.00
  clock uncertainty                                       0.10       0.10
  U0_UART_U0_UART_RX_U_FSM_current_state_reg_1_/CK (DFFRQX4M)
                                                          0.00       0.10 r
  library hold time                                      -0.06       0.04
  data required time                                                 0.04
  --------------------------------------------------------------------------
  data required time                                                 0.04
  data arrival time                                                 -1.23
  --------------------------------------------------------------------------
  slack (MET)                                                        1.19


  Startpoint: U0_UART_FIFO_sync_w2r_sync_reg_reg_0_
              (rising edge-triggered flip-flop clocked by TX_CLK)
  Endpoint: U0_UART_FIFO_sync_w2r_sync_reg_0_
            (rising edge-triggered flip-flop clocked by TX_CLK)
  Path Group: TX_CLK
  Path Type: min

  Des/Clust/Port     Wire Load Model       Library
  ------------------------------------------------
  system_top         tsmc13_wl30           scmetro_tsmc_cl013g_rvt_ss_1p08v_125c

  Point                                                   Incr       Path
  --------------------------------------------------------------------------
  clock TX_CLK (rise edge)                                0.00       0.00
  clock network delay (ideal)                             0.00       0.00
  U0_UART_FIFO_sync_w2r_sync_reg_reg_0_/CK (DFFRQX1M)     0.00       0.00 r
  U0_UART_FIFO_sync_w2r_sync_reg_reg_0_/Q (DFFRQX1M)      0.65       0.65 f
  U0_UART_FIFO_sync_w2r_sync_reg_0_/D (DFFRQX1M)          0.00       0.65 f
  data arrival time                                                  0.65

  clock TX_CLK (rise edge)                                0.00       0.00
  clock network delay (ideal)                             0.00       0.00
  clock uncertainty                                       0.10       0.10
  U0_UART_FIFO_sync_w2r_sync_reg_0_/CK (DFFRQX1M)         0.00       0.10 r
  library hold time                                      -0.05       0.05
  data required time                                                 0.05
  --------------------------------------------------------------------------
  data required time                                                 0.05
  data arrival time                                                 -0.65
  --------------------------------------------------------------------------
  slack (MET)                                                        0.61


  Startpoint: U0_RST_SYNC_sync_reg_reg_0_/CK
              (internal path startpoint clocked by UART_CLK)
  Endpoint: U0_RST_SYNC_sync_reg_reg_1_
            (rising edge-triggered flip-flop clocked by UART_CLK)
  Path Group: UART_CLK
  Path Type: min

  Des/Clust/Port     Wire Load Model       Library
  ------------------------------------------------
  system_top         tsmc13_wl30           scmetro_tsmc_cl013g_rvt_ss_1p08v_125c

  Point                                                   Incr       Path
  --------------------------------------------------------------------------
  clock UART_CLK (rise edge)                              0.00       0.00
  clock network delay (ideal)                             0.00       0.00
  input external delay                                    0.00       0.00 r
  U0_RST_SYNC_sync_reg_reg_0_/CK (DFFRQX1M)               0.00       0.00 r
  U0_RST_SYNC_sync_reg_reg_0_/Q (DFFRQX1M)                0.67       0.67 r
  U0_RST_SYNC_sync_reg_reg_1_/D (DFFRHQX8M)               0.00       0.67 r
  data arrival time                                                  0.67

  clock UART_CLK (rise edge)                              0.00       0.00
  clock network delay (ideal)                             0.00       0.00
  clock uncertainty                                       0.10       0.10
  U0_RST_SYNC_sync_reg_reg_1_/CK (DFFRHQX8M)              0.00       0.10 r
  library hold time                                      -0.07       0.03
  data required time                                                 0.03
  --------------------------------------------------------------------------
  data required time                                                 0.03
  data arrival time                                                 -0.67
  --------------------------------------------------------------------------
  slack (MET)                                                        0.64


1
