 
****************************************
Report : timing
        -path full
        -delay max
        -max_paths 1
Design : system_top
Version: O-2018.06-SP1
Date   : Thu Oct  8 00:22:01 2026
****************************************

Operating Conditions: scmetro_tsmc_cl013g_rvt_ss_1p08v_125c   Library: scmetro_tsmc_cl013g_rvt_ss_1p08v_125c
Wire Load Model Mode: top

  Startpoint: U0_Register_File_regArr_reg_1__2_
              (rising edge-triggered flip-flop clocked by REF_CLK)
  Endpoint: U0_ALU_ALU_OUT_reg_0_
            (rising edge-triggered flip-flop clocked by ALU_CLK)
  Path Group: ALU_CLK
  Path Type: max

  Des/Clust/Port     Wire Load Model       Library
  ------------------------------------------------
  system_top         tsmc13_wl30           scmetro_tsmc_cl013g_rvt_ss_1p08v_125c

  Point                                                   Incr       Path
  --------------------------------------------------------------------------
  clock REF_CLK (rise edge)                               0.00       0.00
  clock network delay (ideal)                             0.00       0.00
  U0_Register_File_regArr_reg_1__2_/CK (DFFRHQX4M)        0.00       0.00 r
  U0_Register_File_regArr_reg_1__2_/Q (DFFRHQX4M)         0.50       0.50 r
  U1383/Y (BUFX18M)                                       0.43       0.93 r
  U1369/Y (OR2X6M)                                        0.27       1.20 r
  U1843/Y (NOR2X12M)                                      0.11       1.31 f
  U1467/Y (INVX6M)                                        0.12       1.43 r
  U1853/Y (OR2X12M)                                       0.25       1.67 r
  U1854/Y (CLKAND2X4M)                                    0.33       2.00 r
  U1855/Y (NAND2BX12M)                                    0.17       2.17 f
  U1869/Y (AOI21X6M)                                      0.31       2.49 r
  U1870/Y (NAND3X12M)                                     0.37       2.86 f
  U1877/Y (NAND2BX8M)                                     0.27       3.12 f
  U1878/Y (XNOR2X8M)                                      0.36       3.48 r
  U1879/Y (NAND2X12M)                                     0.22       3.71 f
  U1287/Y (NAND4X8M)                                      0.20       3.90 r
  U1890/Y (NAND3X12M)                                     0.16       4.07 f
  U1891/Y (INVX20M)                                       0.15       4.21 r
  U1911/Y (NAND2X4M)                                      0.15       4.36 f
  U1282/Y (NAND2X6M)                                      0.21       4.57 r
  U1063/Y (NAND3X4M)                                      0.26       4.83 f
  U1916/Y (NAND2X12M)                                     0.24       5.07 r
  U1535/Y (INVX2M)                                        0.19       5.26 f
  U1620/Y (AOI21X6M)                                      0.26       5.53 r
  U1934/Y (XNOR2X4M)                                      0.35       5.87 r
  U1935/Y (NAND2X12M)                                     0.13       6.01 f
  U1936/Y (XNOR2X8M)                                      0.20       6.20 r
  U1275/Y (BUFX24M)                                       0.19       6.39 r
  U1034/Y (INVX10M)                                       0.11       6.50 f
  U1272/Y (AO21X4M)                                       0.29       6.79 f
  U1394/Y (AOI21X4M)                                      0.36       7.14 r
  U1943/Y (NAND4X8M)                                      0.27       7.41 f
  U1944/Y (BUFX32M)                                       0.26       7.67 f
  U1542/Y (OAI21X4M)                                      0.35       8.02 r
  U1390/Y (OAI21X6M)                                      0.20       8.22 f
  U1948/Y (AOI22X4M)                                      0.36       8.58 r
  U1949/Y (AOI211X4M)                                     0.20       8.79 f
  U1951/Y (AOI211X4M)                                     0.61       9.39 r
  U1526/Y (OAI211X8M)                                     0.21       9.60 f
  U0_ALU_ALU_OUT_reg_0_/D (DFFRHQX1M)                     0.00       9.60 f
  data arrival time                                                  9.60

  clock ALU_CLK (rise edge)                              10.00      10.00
  clock network delay (ideal)                             0.00      10.00
  clock uncertainty                                      -0.20       9.80
  U0_ALU_ALU_OUT_reg_0_/CK (DFFRHQX1M)                    0.00       9.80 r
  library setup time                                     -0.19       9.61
  data required time                                                 9.61
  --------------------------------------------------------------------------
  data required time                                                 9.61
  data arrival time                                                 -9.60
  --------------------------------------------------------------------------
  slack (MET)                                                        0.01


  Startpoint: U0_UART_FIFO_u_fifo_wr_w_ptr_reg_3_
              (rising edge-triggered flip-flop clocked by REF_CLK)
  Endpoint: U0_UART_FIFO_u_fifo_mem_FIFO_MEM_reg_3__0_
            (rising edge-triggered flip-flop clocked by REF_CLK)
  Path Group: REF_CLK
  Path Type: max

  Des/Clust/Port     Wire Load Model       Library
  ------------------------------------------------
  system_top         tsmc13_wl30           scmetro_tsmc_cl013g_rvt_ss_1p08v_125c

  Point                                                   Incr       Path
  --------------------------------------------------------------------------
  clock REF_CLK (rise edge)                               0.00       0.00
  clock network delay (ideal)                             0.00       0.00
  U0_UART_FIFO_u_fifo_wr_w_ptr_reg_3_/CK (DFFRQX4M)       0.00       0.00 r
  U0_UART_FIFO_u_fifo_wr_w_ptr_reg_3_/Q (DFFRQX4M)        0.88       0.88 r
  U1164/Y (CLKINVX1M)                                     0.81       1.69 f
  U1035/Y (AO2B2X1M)                                      0.83       2.52 f
  U1028/Y (INVX2M)                                        0.62       3.13 r
  U1026/Y (OAI22X1M)                                      0.53       3.66 f
  U1018/Y (AOI221X2M)                                     0.87       4.53 r
  U1163/Y (NAND2X2M)                                      0.73       5.26 f
  U996/Y (NAND2X2M)                                       0.79       6.05 r
  U989/Y (NAND2BX2M)                                      0.90       6.95 r
  U976/Y (NOR2X4M)                                        0.55       7.50 f
  U1314/Y (NAND2X8M)                                      0.66       8.16 r
  U1411/Y (INVX6M)                                        0.48       8.64 f
  U2545/Y (AOI22X1M)                                      0.69       9.33 r
  U0_UART_FIFO_u_fifo_mem_FIFO_MEM_reg_3__0_/D (DFFRQX1M)
                                                          0.00       9.33 r
  data arrival time                                                  9.33

  clock REF_CLK (rise edge)                              10.00      10.00
  clock network delay (ideal)                             0.00      10.00
  clock uncertainty                                      -0.20       9.80
  U0_UART_FIFO_u_fifo_mem_FIFO_MEM_reg_3__0_/CK (DFFRQX1M)
                                                          0.00       9.80 r
  library setup time                                     -0.43       9.37
  data required time                                                 9.37
  --------------------------------------------------------------------------
  data required time                                                 9.37
  data arrival time                                                 -9.33
  --------------------------------------------------------------------------
  slack (MET)                                                        0.04


  Startpoint: UART_RX_IN (input port clocked by UART_CLK)
  Endpoint: U0_UART_U0_UART_RX_U_edge_bit_counter_edge_cnt_reg_1_
            (rising edge-triggered flip-flop clocked by RX_CLK)
  Path Group: RX_CLK
  Path Type: max

  Des/Clust/Port     Wire Load Model       Library
  ------------------------------------------------
  system_top         tsmc13_wl30           scmetro_tsmc_cl013g_rvt_ss_1p08v_125c

  Point                                                   Incr       Path
  --------------------------------------------------------------------------
  clock UART_CLK (rise edge)                              0.00       0.00
  clock network delay (ideal)                             0.00       0.00
  input external delay                                   54.26      54.26 r
  UART_RX_IN (in)                                         0.17      54.43 r
  U1745/Y (CLKBUFX4M)                                     0.61      55.04 r
  U1744/Y (NAND3XLM)                                      0.95      55.98 f
  U1079/Y (AOI21X4M)                                      0.96      56.95 r
  U1761/Y (CLKINVX4M)                                     1.12      58.06 f
  U1775/Y (NAND2X3M)                                      1.16      59.23 r
  U1083/Y (AOI221X2M)                                     0.35      59.58 f
  U1081/Y (CLKINVX1M)                                     0.47      60.05 r
  U1082/Y (CLKINVX1M)                                     0.43      60.48 f
  U0_UART_U0_UART_RX_U_edge_bit_counter_edge_cnt_reg_1_/D (DFFRQX4M)
                                                          0.00      60.48 f
  data arrival time                                                 60.48

  clock RX_CLK (rise edge)                              271.30     271.30
  clock network delay (ideal)                             0.00     271.30
  clock uncertainty                                      -0.20     271.10
  U0_UART_U0_UART_RX_U_edge_bit_counter_edge_cnt_reg_1_/CK (DFFRQX4M)
                                                          0.00     271.10 r
  library setup time                                     -0.24     270.86
  data required time                                               270.86
  --------------------------------------------------------------------------
  data required time                                               270.86
  data arrival time                                                -60.48
  --------------------------------------------------------------------------
  slack (MET)                                                      210.38


  Startpoint: U0_UART_FIFO_u_fifo_rd_rd_ptr_reg_2_
              (rising edge-triggered flip-flop clocked by TX_CLK)
  Endpoint: U0_UART_FIFO_u_fifo_rd_rd_ptr_reg_3_
            (rising edge-triggered flip-flop clocked by TX_CLK)
  Path Group: TX_CLK
  Path Type: max

  Des/Clust/Port     Wire Load Model       Library
  ------------------------------------------------
  system_top         tsmc13_wl30           scmetro_tsmc_cl013g_rvt_ss_1p08v_125c

  Point                                                   Incr       Path
  --------------------------------------------------------------------------
  clock TX_CLK (rise edge)                                0.00       0.00
  clock network delay (ideal)                             0.00       0.00
  U0_UART_FIFO_u_fifo_rd_rd_ptr_reg_2_/CK (DFFRQX1M)      0.00       0.00 r
  U0_UART_FIFO_u_fifo_rd_rd_ptr_reg_2_/Q (DFFRQX1M)       0.92       0.92 r
  U1047/Y (BUFX10M)                                       0.82       1.74 r
  U1763/Y (CLKINVX2M)                                     1.13       2.87 f
  U1783/Y (AOI22X1M)                                      0.91       3.78 r
  U1145/Y (CLKINVX1M)                                     0.55       4.32 f
  U1146/Y (CLKINVX1M)                                     0.77       5.09 r
  U2088/Y (CLKINVX1M)                                     0.86       5.95 f
  U2089/Y (OAI22X1M)                                      0.98       6.93 r
  U1088/Y (AOI221X2M)                                     0.34       7.27 f
  U2092/Y (CLKAND2X2M)                                    0.97       8.24 f
  U1659/Y (NOR3BX2M)                                      0.91       9.15 r
  U1283/Y (BUFX2M)                                        0.85      10.00 r
  U2119/Y (CLKINVX2M)                                     0.96      10.96 f
  U1806/Y (NOR3X6M)                                       0.90      11.86 r
  U1805/Y (AOI2BB2X1M)                                    0.72      12.57 r
  U0_UART_FIFO_u_fifo_rd_rd_ptr_reg_3_/D (DFFRQX4M)       0.00      12.57 r
  data arrival time                                                 12.57

  clock TX_CLK (rise edge)                             8681.60    8681.60
  clock network delay (ideal)                             0.00    8681.60
  clock uncertainty                                      -0.20    8681.40
  U0_UART_FIFO_u_fifo_rd_rd_ptr_reg_3_/CK (DFFRQX4M)      0.00    8681.40 r
  library setup time                                     -0.42    8680.98
  data required time                                              8680.98
  --------------------------------------------------------------------------
  data required time                                              8680.98
  data arrival time                                                -12.57
  --------------------------------------------------------------------------
  slack (MET)                                                     8668.41


  Startpoint: U0_UART_U0_UART_TX_U_FSM_current_state_reg_0_
              (rising edge-triggered flip-flop clocked by TX_CLK)
  Endpoint: UART_TX_O (output port clocked by UART_CLK)
  Path Group: UART_CLK
  Path Type: max

  Des/Clust/Port     Wire Load Model       Library
  ------------------------------------------------
  system_top         tsmc13_wl30           scmetro_tsmc_cl013g_rvt_ss_1p08v_125c

  Point                                                   Incr       Path
  --------------------------------------------------------------------------
  clock TX_CLK (rise edge)                                0.00       0.00
  clock network delay (ideal)                             0.00       0.00
  U0_UART_U0_UART_TX_U_FSM_current_state_reg_0_/CK (DFFRQX1M)
                                                          0.00       0.00 r
  U0_UART_U0_UART_TX_U_FSM_current_state_reg_0_/Q (DFFRQX1M)
                                                          0.89       0.89 r
  U1417/Y (CLKBUFX1M)                                     0.82       1.71 r
  U1778/Y (CLKINVX4M)                                     0.96       2.67 f
  U1106/Y (AOI221X2M)                                     1.00       3.67 r
  U1776/Y (OAI31X2M)                                      0.45       4.12 f
  U1768/Y (BUFX2M)                                        0.60       4.72 f
  UART_TX_O (out)                                         0.00       4.72 f
  data arrival time                                                  4.72

  clock UART_CLK (rise edge)                            271.30     271.30
  clock network delay (ideal)                             0.00     271.30
  clock uncertainty                                      -0.20     271.10
  output external delay                                 -54.26     216.84
  data required time                                               216.84
  --------------------------------------------------------------------------
  data required time                                               216.84
  data arrival time                                                 -4.72
  --------------------------------------------------------------------------
  slack (MET)                                                      212.12


1
