
                                 Formality (R)

               Version L-2016.03-SP1 for linux64 - Apr 13, 2016 

                    Copyright (c) 1988 - 2016 Synopsys, Inc.
   This software and the associated documentation are proprietary to Synopsys,
 Inc. This software may only be used in accordance with the terms and conditions
 of a written license agreement with Synopsys, Inc. All other use, reproduction,
            or distribution of this software is strictly prohibited.

  ** Highlights of Formality (R) Version L-2016.03 **
   - New alternate verification strategies for resolving inconclusive verifications
   - Automation for deploying alternate strategies
   - New command to export the mapping of reference to implementation registers
   - New capability to combine PG and low power information from db libraries with Verilog functional models

   * Please refer to the Formality Release Notes for details and additional enhancements

Build: 4031317
Hostname: IC_EDA (RHEL64)
Current time: Thu Oct  8 17:40:07 2026

Loading db file '/home/synopsys/Formality2016/libraries/syn/gtech.db'
########################### Define Top Module ############################
set top_module SYS_TOP
SYS_TOP
######################### Formality Setup File ###########################
set synopsys_auto_setup true
true
set_svf "../../DFT/system_top.svf"
SVF set to '../../DFT/system_top.svf'.
1
set SSLIB "/home/ICer/tsmc_fb_cl013g_sc/aci/sc-m/synopsys/scmetro_tsmc_cl013g_rvt_ss_1p08v_125c.db"
/home/ICer/tsmc_fb_cl013g_sc/aci/sc-m/synopsys/scmetro_tsmc_cl013g_rvt_ss_1p08v_125c.db
set TTLIB "/home/ICer/tsmc_fb_cl013g_sc/aci/sc-m/synopsys/scmetro_tsmc_cl013g_rvt_tt_1p2v_25c.db"
/home/ICer/tsmc_fb_cl013g_sc/aci/sc-m/synopsys/scmetro_tsmc_cl013g_rvt_tt_1p2v_25c.db
set FFLIB "/home/ICer/tsmc_fb_cl013g_sc/aci/sc-m/synopsys/scmetro_tsmc_cl013g_rvt_ff_1p32v_m40c.db"
/home/ICer/tsmc_fb_cl013g_sc/aci/sc-m/synopsys/scmetro_tsmc_cl013g_rvt_ff_1p32v_m40c.db
set STDLIB_V "/home/ICer/tsmc_fb_cl013g_sc/aci/sc-m/verilog/tsmc13_m_neg.v"
/home/ICer/tsmc_fb_cl013g_sc/aci/sc-m/verilog/tsmc13_m_neg.v
######################### Reference Container ############################
## Read Reference technology libraries
read_db -container r [list $SSLIB $TTLIB $FFLIB]
Loading db file '/home/ICer/tsmc_fb_cl013g_sc/aci/sc-m/synopsys/scmetro_tsmc_cl013g_rvt_ss_1p08v_125c.db'
Current container set to 'r'
Loading db file '/home/ICer/tsmc_fb_cl013g_sc/aci/sc-m/synopsys/scmetro_tsmc_cl013g_rvt_tt_1p2v_25c.db'
Loading db file '/home/ICer/tsmc_fb_cl013g_sc/aci/sc-m/synopsys/scmetro_tsmc_cl013g_rvt_ff_1p32v_m40c.db'
1
## Read Reference Design Files
set fh [open system.lst r]
file12
set rtl_files [split [read $fh] "\n"]
/home/ICer/Labs/System_Final/rtl/ALU.v /home/ICer/Labs/System_Final/rtl/ClkDiv.v /home/ICer/Labs/System_Final/rtl/ClkDiv_mux.v /home/ICer/Labs/System_Final/rtl/CLK_GATE.v /home/ICer/Labs/System_Final/rtl/mux2X1.v /home/ICer/Labs/System_Final/rtl/data_sampling.v /home/ICer/Labs/System_Final/rtl/Data_Sync.v /home/ICer/Labs/System_Final/rtl/deserializer.v /home/ICer/Labs/System_Final/rtl/DF_Sync.v /home/ICer/Labs/System_Final/rtl/edge_bit_counter.v /home/ICer/Labs/System_Final/rtl/fifo_mem.v /home/ICer/Labs/System_Final/rtl/fifo_rd.v /home/ICer/Labs/System_Final/rtl/fifo_wr.v /home/ICer/Labs/System_Final/rtl/FSM_RX.v /home/ICer/Labs/System_Final/rtl/FSM_TX.v /home/ICer/Labs/System_Final/rtl/MUX_TX.v /home/ICer/Labs/System_Final/rtl/parity_calc.v /home/ICer/Labs/System_Final/rtl/Parity_Check.v /home/ICer/Labs/System_Final/rtl/PULSE_GEN.v /home/ICer/Labs/System_Final/rtl/Register_File.v /home/ICer/Labs/System_Final/rtl/RST_SYNC.v /home/ICer/Labs/System_Final/rtl/serializer.v /home/ICer/Labs/System_Final/rtl/Start_Check.v /home/ICer/Labs/System_Final/rtl/Stop_Check.v /home/ICer/Labs/System_Final/rtl/UART.v /home/ICer/Labs/System_Final/rtl/UART_RX.v /home/ICer/Labs/System_Final/rtl/UART_TX.v /home/ICer/Labs/System_Final/rtl/Async_fifo.v /home/ICer/Labs/System_Final/rtl/SYS_TOP.v {}
close $fh
set clean_files {}
foreach f $rtl_files {
    if {[string trim $f] ne ""} {
        lappend clean_files [string trim $f]
    }
}
read_verilog -container r $clean_files
No target library specified, default is WORK
Initializing DesignWare ...
Initialization Complete
Loading verilog file '/home/ICer/Labs/System_Final/rtl/ALU.v'
Loading verilog file '/home/ICer/Labs/System_Final/rtl/ClkDiv.v'
Loading verilog file '/home/ICer/Labs/System_Final/rtl/ClkDiv_mux.v'
Loading verilog file '/home/ICer/Labs/System_Final/rtl/CLK_GATE.v'
Loading verilog file '/home/ICer/Labs/System_Final/rtl/mux2X1.v'
Loading verilog file '/home/ICer/Labs/System_Final/rtl/data_sampling.v'
Loading verilog file '/home/ICer/Labs/System_Final/rtl/Data_Sync.v'
Loading verilog file '/home/ICer/Labs/System_Final/rtl/deserializer.v'
Loading verilog file '/home/ICer/Labs/System_Final/rtl/DF_Sync.v'
Loading verilog file '/home/ICer/Labs/System_Final/rtl/edge_bit_counter.v'
Loading verilog file '/home/ICer/Labs/System_Final/rtl/fifo_mem.v'
Loading verilog file '/home/ICer/Labs/System_Final/rtl/fifo_rd.v'
Loading verilog file '/home/ICer/Labs/System_Final/rtl/fifo_wr.v'
Loading verilog file '/home/ICer/Labs/System_Final/rtl/FSM_RX.v'
Loading verilog file '/home/ICer/Labs/System_Final/rtl/FSM_TX.v'
Loading verilog file '/home/ICer/Labs/System_Final/rtl/MUX_TX.v'
Loading verilog file '/home/ICer/Labs/System_Final/rtl/parity_calc.v'
Loading verilog file '/home/ICer/Labs/System_Final/rtl/Parity_Check.v'
Loading verilog file '/home/ICer/Labs/System_Final/rtl/PULSE_GEN.v'
Loading verilog file '/home/ICer/Labs/System_Final/rtl/Register_File.v'
Loading verilog file '/home/ICer/Labs/System_Final/rtl/RST_SYNC.v'
Loading verilog file '/home/ICer/Labs/System_Final/rtl/serializer.v'
Loading verilog file '/home/ICer/Labs/System_Final/rtl/Start_Check.v'
Loading verilog file '/home/ICer/Labs/System_Final/rtl/Stop_Check.v'
Loading verilog file '/home/ICer/Labs/System_Final/rtl/UART.v'
Loading verilog file '/home/ICer/Labs/System_Final/rtl/UART_RX.v'
Loading verilog file '/home/ICer/Labs/System_Final/rtl/UART_TX.v'
Loading verilog file '/home/ICer/Labs/System_Final/rtl/Async_fifo.v'
Loading verilog file '/home/ICer/Labs/System_Final/rtl/SYS_TOP.v'
1
# Read the SystemVerilog controller
read_sverilog -container r "/home/ICer/Labs/System_Final/rtl/sys_ctrl.sv"
No target library specified, default is WORK
Loading verilog file '/home/ICer/Labs/System_Final/rtl/sys_ctrl.sv'
1
## set the top Reference Design 
set_top r:/WORK/$top_module
Setting top design to 'r:/WORK/SYS_TOP'
Status:   Elaborating design SYS_TOP   ...  
Status:   Elaborating design mux2X1   ...  
Status:   Elaborating design RST_SYNC  NUM_STAGES=2 ...  
Information: Created design named 'RST_SYNC_NUM_STAGES2'. (FE-LINK-13)
Status:   Elaborating design Data_Sync  BUS_WIDTH=8, NUM_STAGES=2 ...  
Information: Created design named 'Data_Sync_BUS_WIDTH8_NUM_STAGES2'. (FE-LINK-13)
Status:   Elaborating design Async_fifo  D_WIDTH=8, F_DEPTH=8, P_WIDTH=4 ...  
Information: Created design named 'Async_fifo_D_WIDTH8_F_DEPTH8_P_WIDTH4'. (FE-LINK-13)
Status:   Elaborating design DF_Sync  DATA_WIDTH=4 ...  
Information: Created design named 'DF_Sync_DATA_WIDTH4'. (FE-LINK-13)
Status:   Elaborating design fifo_wr  P_WIDTH=4 ...  
Information: Created design named 'fifo_wr_P_WIDTH4'. (FE-LINK-13)
Status:   Elaborating design fifo_rd  P_WIDTH=4 ...  
Information: Created design named 'fifo_rd_P_WIDTH4'. (FE-LINK-13)
Status:   Elaborating design fifo_mem  D_WIDTH=8, A_WIDTH=3, F_DEPTH=8, P_WIDTH=4 ...  
Information: Created design named 'fifo_mem_D_WIDTH8_A_WIDTH3_F_DEPTH8_P_WIDTH4'. (FE-LINK-13)
Status:   Elaborating design PULSE_GEN   ...  
Status:   Elaborating design ClkDiv   ...  
Status:   Elaborating design ClkDiv_mux   ...  
Status:   Elaborating design UART   ...  
Status:   Elaborating design UART_TX   ...  
Status:   Elaborating design serializer   ...  
Status:   Elaborating design parity_calc   ...  
Status:   Elaborating design MUX_TX   ...  
Status:   Elaborating design FSM_TX   ...  
Status:   Elaborating design UART_RX   ...  
Status:   Elaborating design edge_bit_counter   ...  
Status:   Elaborating design data_sampling   ...  
Status:   Elaborating design deserializer   ...  
Status:   Elaborating design Start_Check   ...  
Status:   Elaborating design Stop_Check   ...  
Status:   Elaborating design Parity_Check   ...  
Status:   Elaborating design FSM_RX   ...  
Status:   Elaborating design sys_ctrl   ...  
Status:   Elaborating design Register_File   ...  
Status:   Elaborating design ALU   ...  
Status:   Elaborating design CLK_GATE   ...  
Status:  Implementing inferred operators...

************ Library Checking Summary ************
Warning:  3 unlinked power cell(s) with unread pg pins.
        Use 'report_libraries -defects all' for more details.
**************************************************

Top design successfully set to 'r:/WORK/SYS_TOP'
Reference design set to 'r:/WORK/SYS_TOP'
1
######################## Implementation Container #########################
# Read Implementation technology libraries
read_db -container i [list $SSLIB $TTLIB $FFLIB]
Loading db file '/home/ICer/tsmc_fb_cl013g_sc/aci/sc-m/synopsys/scmetro_tsmc_cl013g_rvt_ss_1p08v_125c.db'
Current container set to 'i'
Loading db file '/home/ICer/tsmc_fb_cl013g_sc/aci/sc-m/synopsys/scmetro_tsmc_cl013g_rvt_tt_1p2v_25c.db'
Loading db file '/home/ICer/tsmc_fb_cl013g_sc/aci/sc-m/synopsys/scmetro_tsmc_cl013g_rvt_ff_1p32v_m40c.db'
1
# Read Implementation Design Files
read_verilog -container i -netlist "/home/ICer/Labs/System_Final/PNR/Export/SYS_TOP.v"
No target library specified, default is WORK
Loading verilog file '/home/ICer/Labs/System_Final/PNR/Export/SYS_TOP.v'
1
read_verilog -container i -libname STDLIB $STDLIB_V
Initializing DesignWare ...
Initialization Complete
Loading verilog file '/home/ICer/tsmc_fb_cl013g_sc/aci/sc-m/verilog/tsmc13_m_neg.v'
1
## set the top Implementation Design
set_top i:/WORK/$top_module
Setting top design to 'i:/WORK/SYS_TOP'
Status:  Implementing inferred operators...

************ Library Checking Summary ************
Warning:  3 unlinked power cell(s) with unread pg pins.
        Use 'report_libraries -defects all' for more details.
**************************************************

Top design successfully set to 'i:/WORK/SYS_TOP'
Implementation design set to 'i:/WORK/SYS_TOP'
1
############################### Don't verify #################################
# do not verify scan in & scan out ports as a compare point as it is existed only after synthesis and not existed in the RTL
#scan in
set_dont_verify_points -type port r:/WORK/${top_module}/SI*
Set don't verify point 'r:/WORK/SYS_TOP/SI[0]'
Set don't verify point 'r:/WORK/SYS_TOP/SI[1]'
Set don't verify point 'r:/WORK/SYS_TOP/SI[2]'
Set don't verify point 'r:/WORK/SYS_TOP/SI[3]'
1
set_dont_verify_points -type port i:/WORK/${top_module}/SI*
Set don't verify point 'i:/WORK/SYS_TOP/SI[0]'
Set don't verify point 'i:/WORK/SYS_TOP/SI[1]'
Set don't verify point 'i:/WORK/SYS_TOP/SI[2]'
Set don't verify point 'i:/WORK/SYS_TOP/SI[3]'
1
#scan_out
set_dont_verify_points -type port r:/WORK/${top_module}/SO*
Set don't verify point 'r:/WORK/SYS_TOP/SO[0]'
Set don't verify point 'r:/WORK/SYS_TOP/SO[1]'
Set don't verify point 'r:/WORK/SYS_TOP/SO[2]'
Set don't verify point 'r:/WORK/SYS_TOP/SO[3]'
1
set_dont_verify_points -type port i:/WORK/${top_module}/SO*
Set don't verify point 'i:/WORK/SYS_TOP/SO[0]'
Set don't verify point 'i:/WORK/SYS_TOP/SO[1]'
Set don't verify point 'i:/WORK/SYS_TOP/SO[2]'
Set don't verify point 'i:/WORK/SYS_TOP/SO[3]'
1
############################### constants #####################################
# all atpg enable(test_mode, scan_enable) are zero during formal compare
#test_mode
set_constant r:/WORK/${top_module}/test_mode 0
Set 'r:/WORK/SYS_TOP/test_mode' to constant 0
1
set_constant i:/WORK/${top_module}/test_mode 0
Set 'i:/WORK/SYS_TOP/test_mode' to constant 0
1
#scan_enable
set_constant r:/WORK/${top_module}/SE 0
Set 'r:/WORK/SYS_TOP/SE' to constant 0
1
set_constant i:/WORK/${top_module}/SE 0
Set 'i:/WORK/SYS_TOP/SE' to constant 0
1
########################### matching Compare points ##########################
match
Reference design is 'r:/WORK/SYS_TOP'
Implementation design is 'i:/WORK/SYS_TOP'
Status:  Checking designs...
    Warning: 4 (13) undriven nets found in reference (implementation) design; see formality1.log for list (FM-399)
Status:  Building verification models...
Status:  Processing Guide Commands...
    Set 'r:/WORK/SYS_TOP/SE' to constant 0    
    Set 'i:/WORK/SYS_TOP/SE' to constant 0    
    Set 'r:/WORK/SYS_TOP/test_mode' to constant 1    
    Set 'i:/WORK/SYS_TOP/test_mode' to constant 1    
    Set 'i:/WORK/SYS_TOP/SE' to constant 0    ; previous value was also 0
    Set 'i:/WORK/SYS_TOP/test_mode' to constant 1    ; previous value was also 1

***************************** Guidance Summary *****************************
                                         Status
Command                 Accepted   Rejected  Unsupported  Unprocessed  Total
----------------------------------------------------------------------------
environment         :          2          0          0          0          2
instance_map        :         29          0          0          0         29
mark                :         20          0          0          0         20
multiplier          :          2          0          0          0          2
replace             :          1          0          0          0          1
scan_input          :          2          0          0          0          2
transformation
   map              :         17          0          0          0         17
   share            :          6          0          0          0          6
uniquify            :         29          2          0          0         31
ununiquify          :          1          0          0          0          1

Note: If verification succeeds you can safely ignore unaccepted guidance commands.

SVF files read:
      ../../DFT/system_top.svf

SVF files produced:
  /home/ICer/Labs/System_Final/Formality/post-PnR/formality1_svf/
    svf.txt
****************************************************************************

Status:  Matching...
    
*********************************** Matching Results ***********************************    
 391 Compare points matched by name    
 0 Compare points matched by signature analysis    
 0 Compare points matched by topology    
 5 Matched primary inputs, black-box outputs    
 0(0) Unmatched reference(implementation) compare points    
 0(0) Unmatched reference(implementation) primary inputs, black-box outputs    
****************************************************************************************

1
################################# verify #####################################
set successful [verify]
Reference design is 'r:/WORK/SYS_TOP'
Implementation design is 'i:/WORK/SYS_TOP'
    
*********************************** Matching Results ***********************************    
 391 Compare points matched by name    
 0 Compare points matched by signature analysis    
 0 Compare points matched by topology    
 5 Matched primary inputs, black-box outputs    
 0(0) Unmatched reference(implementation) compare points    
 0(0) Unmatched reference(implementation) primary inputs, black-box outputs    
****************************************************************************************

Status:  Verifying...

***************************** Synopsys Auto Setup Summary ******************************

!!! Synopsys Auto Setup Mode was enabled. !!!
!!! Verification results are valid assuming the following setup constraints: !!!

### RTL Interpretation Setup
   set hdlin_ignore_parallel_case false
   set hdlin_ignore_full_case false
   set hdlin_error_on_mismatch_message false
   set hdlin_ignore_embedded_configuration true

### Undriven Signal Handling Setup
   set verification_set_undriven_signals synthesis

### Test Logic Setup
   set verification_verify_directly_undriven_output false
   Constants set on:
     SYS_TOP/SE
     SYS_TOP/test_mode
   For details see report_dont_verify_points and report_constants


For further details on Synopsys Auto Setup Mode: Type man synopsys_auto_setup
****************************************************************************************


********************************* Verification Results *********************************
Verification SUCCEEDED
   ATTENTION: synopsys_auto_setup mode was enabled.
              See Synopsys Auto Setup Summary for details.
----------------------------------------------------------
 Reference design: r:/WORK/SYS_TOP
 Implementation design: i:/WORK/SYS_TOP
 391 Passing compare points
----------------------------------------------------------------------------------------
Matched Compare Points     BBPin    Loop   BBNet     Cut    Port     DFF     LAT   TOTAL
----------------------------------------------------------------------------------------
Passing (equivalent)           0       0       0       0       3     387       1     391
Failing (not equivalent)       0       0       0       0       0       0       0       0
Not Compared
  Don't verify                 0       0       0       0       4       0       0       4
****************************************************************************************
1
if {!$successful} {
diagnose
analyze_points -failing
}
report_passing_points > "reports/passing_points.rpt"
report_failing_points > "reports/failing_points.rpt"
report_aborted_points > "reports/aborted_points.rpt"
report_unverified_points > "reports/unverified_points.rpt"
start_gui
     1  source -echo -verbose pnr_fm_script.tcl
1
1
fm_shell (verify)> 