
################################################################################
#
# This file has been generated by SpyGlass:
#     Report Name      : moresimple
#     Report Created by: ICer
#     Report Created on:  Wed Sep 23 16:39:12 2026
#     Working Directory: /home/ICer/Labs/System_Final/SpyGlass
#     SpyGlass Version : SpyGlass_vL-2016.06
#     Policy Name      : SpyGlass(SpyGlass_vL-2016.06)
#                        clock-reset(SpyGlass_vL-2016.06)
#
#     Total Number of Generated Messages :         52
#     Number of Waived Messages          :          3
#     Number of Reported Messages        :         49
#     Number of Overlimit Messages       :          0
#
#
################################################################################

+++++++++++++++++++++++++++++++++++++++++++++++++++++++++++++++++++++++
MORESIMPLE REPORT:


############### BuiltIn -> RuleGroup=Design Read ###############
+++++++++++++++++++++++++++++++++++++++++++++++++++++++++++++++++++++++++++++++++++++++
ID       Rule                    Alias                   Severity    File                                                                      Line    Wt    Message
======================================================================================
[1]      DetectTopDesignUnits    DetectTopDesignUnits    Info        ../rtl/system_top.v                                                       2       2     Module system_top is a top level design unit
[0]      ElabSummary             ElabSummary             Info        ./spyglass-1/cdc/cdc_verify/spyglass_reports/SpyGlass/elab_summary.rpt    0       2     Please refer file './spyglass-1/cdc/cdc_verify/spyglass_reports/SpyGlass/elab_summary.rpt' for elab summary report
[20]     Info_Case_Analysis      showSimVal              Info        ../rtl/system_top.v                                                       2       10    Information for set_case_analysis value propagation for design 'system_top' is displayed
+++++++++++++++++++++++++++++++++++++++++++++++++++++++++++++++++++++++++++++++++++++++


############### BuiltIn -> RuleGroup=SGDC Checks ###############
+++++++++++++++++++++++++++++++++++++++++++++++++++++++++++++++++++++++++++++++++++++++
ID       Rule                Alias    Severity    File                    Line    Wt    Message
======================================================================================
[4]      SGDC_sync_cell10             Info        sgdc/system_top.sgdc    54      2     Constraint 'sync_cell': Overlapping constraint specification found. All the specifications will be used for rule-checking
+++++++++++++++++++++++++++++++++++++++++++++++++++++++++++++++++++++++++++++++++++++++


############### Non-BuiltIn -> Goal=cdc/cdc_verify ###############
+++++++++++++++++++++++++++++++++++++++++++++++++++++++++++++++++++++++++++++++++++++++
ID       Rule                    Alias             Severity    File                                                                                       Line    Wt    Message
======================================================================================
[77]     Ac_clockperiod02                          Info        sgdc/system_top.sgdc                                                                       12      2     For top design unit 'system_top', Period has been rounded for 3 (60 %) clocks. Refer file: './spyglass-1/cdc/cdc_verify/spyglass_reports/clock-reset/Ac_clockperiod02.csv' for details
[23]     Ac_crossing01                             Info        ../rtl/system_top.v                                                                        2       10    CrossingMatrix spreadsheet generated for design 'system_top'
[71]     Ac_initstate01          ResetState        Info        ../rtl/system_top.v                                                                        2       10    99 percent of sequential outputs are initialized with sets/resets and 0 percent sequential outputs are initialized by data path. Refer file: './spyglass-1/cdc/cdc_verify/spyglass_reports/clock-reset/adv_cdc.reg' for details
[78]     Ac_report01             PropStatistics    Info        ../rtl/system_top.v                                                                        2       10    Implicit: '4' implicit properties analyzed, '0' failed, '0' passed, '0' partially proved, '0' not analyzed, '4' others for top design unit 'system_top'. Refer file: './spyglass-1/cdc/cdc_verify/spyglass_reports/clock-reset/adv_cdc.rpt' for details
[1C]     Ac_sync01                                 Info        ../rtl/ClkDiv.v                                                                            46      2     Synchronized Crossing: destination flop system_top.U0_ClkDiv.flag, clocked by system_top.UART_CLK, source flop system_top.U0_RegFile.regArr[3][7:0], clocked by system_top.REF_CLK, by method: does not require synchronization (long-delay/quasi-static) [Total Sources: 1 (Number of source domains: 1)]
[1F]     Ac_sync01                                 Info        ../rtl/ClkDiv.v                                                                            46      2     Synchronized Crossing: destination flop system_top.U1_ClkDiv.flag, clocked by system_top.UART_CLK, source flop system_top.U0_RegFile.regArr[2][7:2], clocked by system_top.REF_CLK, by method: does not require synchronization (long-delay/quasi-static) [Total Sources: 1 (Number of source domains: 1)]
[1B]     Ac_sync01                                 Info        ../rtl/ClkDiv.v                                                                            47      2     Synchronized Crossing: destination flop system_top.U0_ClkDiv.div_clk, clocked by system_top.UART_CLK, source flop system_top.U0_RegFile.regArr[3][7:0], clocked by system_top.REF_CLK, by method: does not require synchronization (long-delay/quasi-static) [Total Sources: 1 (Number of source domains: 1)]
[1E]     Ac_sync01                                 Info        ../rtl/ClkDiv.v                                                                            47      2     Synchronized Crossing: destination flop system_top.U1_ClkDiv.div_clk, clocked by system_top.UART_CLK, source flop system_top.U0_RegFile.regArr[2][7:2], clocked by system_top.REF_CLK, by method: does not require synchronization (long-delay/quasi-static) [Total Sources: 1 (Number of source domains: 1)]
[9]      Ac_sync01                                 Info        ../rtl/FSM_RX.v                                                                            50      2     Synchronized Crossing: destination flop system_top.U0_UART.U0_UART_RX.U_FSM.data_valid, clocked by system_top.UART_RX_CLK, source flop system_top.U0_RegFile.regArr[2][7:2], clocked by system_top.REF_CLK, by method: does not require synchronization (long-delay/quasi-static) [Total Sources: 2 (Number of source domains: 1)]
[14]     Ac_sync01                                 Info        ../rtl/Parity_Check.v                                                                      19      2     Synchronized Crossing: destination flop system_top.U0_UART.U0_UART_RX.U_Parity_Check.par_err, clocked by system_top.UART_RX_CLK, source flop system_top.U0_RegFile.regArr[2][7:3], clocked by system_top.REF_CLK, by method: does not require synchronization (long-delay/quasi-static) [Total Sources: 2 (Number of source domains: 1)]
[12]     Ac_sync01                                 Info        ../rtl/Start_Check.v                                                                       18      2     Synchronized Crossing: destination flop system_top.U0_UART.U0_UART_RX.U_Start_Check.strt_glitch, clocked by system_top.UART_RX_CLK, source flop system_top.U0_RegFile.regArr[2][7:3], clocked by system_top.REF_CLK, by method: does not require synchronization (long-delay/quasi-static) [Total Sources: 1 (Number of source domains: 1)]
[15]     Ac_sync01                                 Info        ../rtl/Stop_Check.v                                                                        14      2     Synchronized Crossing: destination flop system_top.U0_UART.U0_UART_RX.U_Stop_Check.stp_err, clocked by system_top.UART_RX_CLK, source flop system_top.U0_RegFile.regArr[2][7:3], clocked by system_top.REF_CLK, by method: does not require synchronization (long-delay/quasi-static) [Total Sources: 1 (Number of source domains: 1)]
[11]     Ac_sync01                                 Info        ../rtl/data_sampling.v                                                                     59      2     Synchronized Crossing: destination flop system_top.U0_UART.U0_UART_RX.U_data_sampling.sampled_bit, clocked by system_top.UART_RX_CLK, source flop system_top.U0_RegFile.regArr[2][7:2], clocked by system_top.REF_CLK, by method: does not require synchronization (long-delay/quasi-static) [Total Sources: 1 (Number of source domains: 1)]
[C]      Ac_sync01                                 Info        ../rtl/parity_calc.v                                                                       20      2     Synchronized Crossing: destination flop system_top.U0_UART.U0_UART_TX.U_parity_calc.par_bit, clocked by system_top.UART_TX_CLK, source flop system_top.U0_UART_FIFO.u_fifo_mem.FIFO_MEM[7:0][7:0], clocked by system_top.REF_CLK, by method: Enable Based Synchronizer [Total Sources: 2 (Number of source domains: 1)]
[1A]     Ac_sync02                                 Info        ../rtl/ClkDiv.v                                                                            51      2     Synchronized Crossing: destination flop system_top.U0_ClkDiv.counter[7:0], clocked by system_top.UART_CLK, source flop system_top.U0_RegFile.regArr[3][7:0], clocked by system_top.REF_CLK, by method: does not require synchronization (long-delay/quasi-static) [Total Sources: 1 (Number of source domains: 1)]
[1D]     Ac_sync02                                 Info        ../rtl/ClkDiv.v                                                                            51      2     Synchronized Crossing: destination flop system_top.U1_ClkDiv.counter[7:0], clocked by system_top.UART_CLK, source flop system_top.U0_RegFile.regArr[2][7:2], clocked by system_top.REF_CLK, by method: does not require synchronization (long-delay/quasi-static) [Total Sources: 1 (Number of source domains: 1)]
[6]      Ac_sync02                                 Info        ../rtl/DF_Sync.v                                                                           21      2     Synchronized Crossing: destination flop system_top.U0_UART_FIFO.sync_r2w.sync_reg[3:0], clocked by system_top.REF_CLK, source flop system_top.U0_UART_FIFO.u_fifo_rd.gray_rd_ptr[3:0], clocked by system_top.UART_TX_CLK, by method: synchronizing cell(cell name : 'DF_Sync') [Total Sources: 1 (Number of source domains: 1)]
[19]     Ac_sync02                                 Info        ../rtl/DF_Sync.v                                                                           21      2     Synchronized Crossing: destination flop system_top.U0_UART_FIFO.sync_w2r.sync_reg[3:0], clocked by system_top.UART_TX_CLK, source flop system_top.U0_UART_FIFO.u_fifo_wr.gray_w_ptr[3:0], clocked by system_top.REF_CLK, by method: synchronizing cell(cell name : 'DF_Sync') [Total Sources: 1 (Number of source domains: 1)]
[7]      Ac_sync02                                 Info        ../rtl/Data_Sync.v                                                                         28      2     Synchronized Crossing: destination flop system_top.U0_ref_sync.sync_flop[0], clocked by system_top.REF_CLK, source flop system_top.U0_UART.U0_UART_RX.U_FSM.data_valid, clocked by system_top.UART_RX_CLK, by method: synchronizing cell(cell name : 'Data_Sync') [Total Sources: 1 (Number of source domains: 1)]
[5]      Ac_sync02                                 Info        ../rtl/Data_Sync.v                                                                         54      2     Synchronized Crossing: destination flop system_top.U0_ref_sync.sync_bus[7:0], clocked by system_top.REF_CLK, source flop system_top.U0_UART.U0_UART_RX.U_deserializer.P_DATA[7:0], clocked by system_top.UART_RX_CLK, by method: synchronized enable [Total Sources: 1 (Number of source domains: 1)]
[18]     Ac_sync02                                 Info        ../rtl/FSM_RX.v                                                                            38      2     Synchronized Crossing: destination flop system_top.U0_UART.U0_UART_RX.U_FSM.current_state[2:0], clocked by system_top.UART_RX_CLK, source flop system_top.U0_RegFile.regArr[2][7:2], clocked by system_top.REF_CLK, by method: does not require synchronization (long-delay/quasi-static) [Total Sources: 2 (Number of source domains: 1)]
[E]      Ac_sync02                                 Info        ../rtl/FSM_TX.v                                                                            31      2     Synchronized Crossing: destination flop system_top.U0_UART.U0_UART_TX.U_FSM.current_state[2:1], clocked by system_top.UART_TX_CLK, source flop system_top.U0_RegFile.regArr[2][0], clocked by system_top.REF_CLK, by method: does not require synchronization (long-delay/quasi-static) [Total Sources: 1 (Number of source domains: 1)]
[16]     Ac_sync02                                 Info        ../rtl/data_sampling.v                                                                     58      2     Synchronized Crossing: destination flop system_top.U0_UART.U0_UART_RX.U_data_sampling.samples[1:0], clocked by system_top.UART_RX_CLK, source flop system_top.U0_RegFile.regArr[2][7:2], clocked by system_top.REF_CLK, by method: does not require synchronization (long-delay/quasi-static) [Total Sources: 1 (Number of source domains: 1)]
[A]      Ac_sync02                                 Info        ../rtl/deserializer.v                                                                      14      2     Synchronized Crossing: destination flop system_top.U0_UART.U0_UART_RX.U_deserializer.P_DATA[7:0], clocked by system_top.UART_RX_CLK, source flop system_top.U0_RegFile.regArr[2][7:2], clocked by system_top.REF_CLK, by method: does not require synchronization (long-delay/quasi-static) [Total Sources: 1 (Number of source domains: 1)]
[F]      Ac_sync02                                 Info        ../rtl/edge_bit_counter.v                                                                  42      2     Synchronized Crossing: destination flop system_top.U0_UART.U0_UART_RX.U_edge_bit_counter.edge_cnt[5:0], clocked by system_top.UART_RX_CLK, source flop system_top.U0_RegFile.regArr[2][7:2], clocked by system_top.REF_CLK, by method: does not require synchronization (long-delay/quasi-static) [Total Sources: 1 (Number of source domains: 1)]
[10]     Ac_sync02                                 Info        ../rtl/edge_bit_counter.v                                                                  43      2     Synchronized Crossing: destination flop system_top.U0_UART.U0_UART_RX.U_edge_bit_counter.bit_cnt[3:0], clocked by system_top.UART_RX_CLK, source flop system_top.U0_RegFile.regArr[2][7:2], clocked by system_top.REF_CLK, by method: does not require synchronization (long-delay/quasi-static) [Total Sources: 1 (Number of source domains: 1)]
[D]      Ac_sync02                                 Info        ../rtl/serializer.v                                                                        26      2     Synchronized Crossing: destination flop system_top.U0_UART.U0_UART_TX.U_serializer.shift_data[7:0], clocked by system_top.UART_TX_CLK, source flop system_top.U0_UART_FIFO.u_fifo_mem.FIFO_MEM[7:0][7:0], clocked by system_top.REF_CLK, by method: Mux-select sync [Total Sources: 1 (Number of source domains: 1)]
[28]     Ar_sync01                                 Info        ../rtl/ALU.v                                                                               24      10    Reset signal 'system_top.RST_N' for 'clear' pin of flop 'system_top.U0_ALU.OUT_VALID', clocked by 'system_top.ALU_CLK', is synchronized by method: Multi-flop reset synchronizer (Name:system_top.U1_RST_SYNC.sync_reg[1])
[2A]     Ar_sync01                                 Info        ../rtl/ClkDiv.v                                                                            46      10    Reset signal 'system_top.RST_N' for 'set' pin of flop 'system_top.U0_ClkDiv.flag', clocked by 'system_top.UART_CLK', is synchronized by method: Multi-flop reset synchronizer (Name:system_top.U0_RST_SYNC.sync_reg[1])
[27]     Ar_sync01                                 Info        ../rtl/Data_Sync.v                                                                         42      10    Reset signal 'system_top.RST_N' for 'clear' pin of flop 'system_top.U0_ref_sync.enable_pulse', clocked by 'system_top.REF_CLK', is synchronized by method: Multi-flop reset synchronizer (Name:system_top.U1_RST_SYNC.sync_reg[1])
[2B]     Ar_sync01                                 Info        ../rtl/edge_bit_counter.v                                                                  43      10    Reset signal 'system_top.RST_N' for 'clear' pin of flop 'system_top.U0_UART.U0_UART_RX.U_edge_bit_counter.bit_cnt[0]', clocked by 'system_top.UART_RX_CLK', is synchronized by method: Multi-flop reset synchronizer (Name:system_top.U0_RST_SYNC.sync_reg[1])
[29]     Ar_sync01                                 Info        ../rtl/fifo_rd.v                                                                           27      10    Reset signal 'system_top.RST_N' for 'clear' pin of flop 'system_top.U0_UART_FIFO.u_fifo_rd.rd_ptr[0]', clocked by 'system_top.UART_TX_CLK', is synchronized by method: Multi-flop reset synchronizer (Name:system_top.U0_RST_SYNC.sync_reg[1])
[30]     Ar_syncdeassert01                         Info        ../rtl/ALU.v                                                                               24      10    Reset signal 'system_top.RST_N' for 'clear' pin of flop 'system_top.U0_ALU.OUT_VALID', synchronously de-asserts relative to clock signal 'system_top.ALU_CLK'
[2D]     Ar_syncdeassert01                         Info        ../rtl/ClkDiv.v                                                                            46      10    Reset signal 'system_top.RST_N' for 'set' pin of flop 'system_top.U0_ClkDiv.flag', synchronously de-asserts relative to clock signal 'system_top.UART_CLK'
[2F]     Ar_syncdeassert01                         Info        ../rtl/Data_Sync.v                                                                         42      10    Reset signal 'system_top.RST_N' for 'clear' pin of flop 'system_top.U0_ref_sync.enable_pulse', synchronously de-asserts relative to clock signal 'system_top.REF_CLK'
[2E]     Ar_syncdeassert01                         Info        ../rtl/edge_bit_counter.v                                                                  43      10    Reset signal 'system_top.RST_N' for 'clear' pin of flop 'system_top.U0_UART.U0_UART_RX.U_edge_bit_counter.bit_cnt[0]', synchronously de-asserts relative to clock signal 'system_top.UART_RX_CLK'
[2C]     Ar_syncdeassert01                         Info        ../rtl/fifo_rd.v                                                                           27      10    Reset signal 'system_top.RST_N' for 'clear' pin of flop 'system_top.U0_UART_FIFO.u_fifo_rd.rd_ptr[0]', synchronously de-asserts relative to clock signal 'system_top.UART_TX_CLK'
[25]     Clock_info02                              Info        N.A.                                                                                       0       2     Clock Tree generated
[39]     Clock_info15                              Info        N.A.                                                                                       0       2     Port-Clock information generated for PortClockMatrix report
[3]      Propagate_Clocks                          Info        ../rtl/system_top.v                                                                        18      2     For system_top, clock(s) 'system_top.UART_CLK,system_top.UART_RX_CLK,system_top.UART_TX_CLK' of domain 'd1' propagated
[2]      Propagate_Clocks                          Info        ../rtl/system_top.v                                                                        55      2     For system_top, clock(s) 'system_top.REF_CLK,system_top.ALU_CLK' of domain 'd0' propagated
[24]     Propagate_Resets                          Info        ../rtl/system_top.v                                                                        5       2     For system_top, reset 'system_top.RST_N' propagated
[26]     Reset_info02                              Info        N.A.                                                                                       0       2     Reset Tree generated
[3A]     Setup_port01                              Info        ./spyglass-1/cdc/cdc_verify/spyglass_reports/clock-reset/system_top_input_abstract.sgdc    0       2     Abstracted sgdc file for input ports of block 'system_top' is generated
[22]     Setup_quasi_static01                      Info        ./spyglass-1/cdc/cdc_verify/spyglass_reports/clock-reset/auto_quasi_static.sgdc            25      2     For design 'system_top', '1' quasi_static constraint(s) inferred
+++++++++++++++++++++++++++++++++++++++++++++++++++++++++++++++++++++++++++++++++++++++
