Loading db file '/home/ICer/tsmc_fb_cl013g_sc/aci/sc-m/synopsys/scmetro_tsmc_cl013g_rvt_ss_1p08v_125c.db'
Information: Propagating switching activity (low effort zero delay simulation). (PWR-6)
Warning: Design has unannotated primary inputs. (PWR-414)
Warning: Design has unannotated sequential cell outputs. (PWR-415)
 
****************************************
Report : power
        -hier
        -analysis_effort low
Design : SYS_TOP
Version: O-2018.06-SP1
Date   : Thu Oct  8 00:55:07 2026
****************************************


Library(s) Used:

    scmetro_tsmc_cl013g_rvt_ss_1p08v_125c (File: /home/ICer/tsmc_fb_cl013g_sc/aci/sc-m/synopsys/scmetro_tsmc_cl013g_rvt_ss_1p08v_125c.db)


Operating Conditions: scmetro_tsmc_cl013g_rvt_ss_1p08v_125c   Library: scmetro_tsmc_cl013g_rvt_ss_1p08v_125c
Wire Load Model Mode: top

Design        Wire Load Model            Library
------------------------------------------------
SYS_TOP                tsmc13_wl30       scmetro_tsmc_cl013g_rvt_ss_1p08v_125c


Global Operating Voltage = 1.08 
Power-specific unit information :
    Voltage Units = 1V
    Capacitance Units = 1.000000pf
    Time Units = 1ns
    Dynamic Power Units = 1mW    (derived from V,C,T units)
    Leakage Power Units = 1pW


--------------------------------------------------------------------------------
                                       Switch   Int      Leak     Total
Hierarchy                              Power    Power    Power    Power    %
--------------------------------------------------------------------------------
SYS_TOP                                   0.389    0.154 1.92e+07    0.562 100.0
  U0_ALU (ALU_test_1)                  1.40e-02 3.21e-02 4.73e+06 5.08e-02   9.0
    mult_38 (ALU_DW02_mult_0)             0.000    0.000 1.67e+06 1.67e-03   0.3
    add_34 (ALU_DW01_add_0)               0.000    0.000 2.05e+05 2.05e-04   0.0
    sub_36 (ALU_DW01_sub_0)               0.000    0.000 2.45e+05 2.45e-04   0.0
    div_42 (ALU_DW_div_uns_0)             0.000    0.000 1.26e+06 1.26e-03   0.2
  U0_RegFile (Register_File_test_1)    8.43e-02 4.18e-02 4.65e+06    0.131  23.3
  U0_SYS_CTRL (sys_ctrl_test_1)        3.40e-02 1.68e-02 1.93e+06 5.27e-02   9.4
  U0_UART (UART_test_1)                3.12e-02 1.35e-02 2.34e+06 4.71e-02   8.4
    U0_UART_RX (UART_RX_test_1)        2.02e-02 8.78e-03 1.68e+06 3.07e-02   5.5
      U_FSM (FSM_RX_test_1)            2.64e-03 1.43e-03 4.58e+05 4.52e-03   0.8
      U_Parity_Check (Parity_Check_test_1)
                                          0.000 1.90e-04 1.26e+05 3.16e-04   0.1
      U_Stop_Check (Stop_Check_test_1)    0.000 1.90e-04 2.68e+04 2.17e-04   0.0
      U_Start_Check (Start_Check_test_1)
                                          0.000 1.87e-04 3.60e+04 2.23e-04   0.0
      U_deserializer (deserializer_test_1)
                                       4.50e-03 2.21e-03 2.16e+05 6.92e-03   1.2
      U_data_sampling (data_sampling_test_1)
                                       1.89e-03 8.26e-04 2.26e+05 2.94e-03   0.5
      U_edge_bit_counter (edge_bit_counter_test_1)
                                       6.42e-03 2.89e-03 5.22e+05 9.83e-03   1.7
    U0_UART_TX (UART_TX_test_1)        1.00e-02 4.62e-03 6.48e+05 1.53e-02   2.7
      U_FSM (FSM_TX_test_1)            1.64e-03 8.79e-04 1.20e+05 2.64e-03   0.5
      U_MUX (MUX_TX)                   5.95e-05 1.83e-05 3.47e+04 1.13e-04   0.0
      U_parity_calc (parity_calc_test_1)
                                       7.82e-05 1.95e-04 1.09e+05 3.82e-04   0.1
      U_serializer (serializer_test_1) 6.33e-03 3.21e-03 3.59e+05 9.90e-03   1.8
  U_RX_CLK_MUX (mux2X1_2)              5.19e-03 2.32e-04 1.88e+04 5.44e-03   1.0
  U1_ClkDiv (ClkDiv_test_1)            6.29e-03 2.99e-03 8.04e+05 1.01e-02   1.8
    add_51 (ClkDiv_1_DW01_inc_0)          0.000    0.000 9.76e+04 9.76e-05   0.0
  U0_CLKDIV_MUX (ClkDiv_mux)           8.17e-05 7.25e-06 6.57e+04 1.55e-04   0.0
  U_TX_CLK_MUX (mux2X1_3)              6.12e-03 2.41e-04 1.88e+04 6.38e-03   1.1
  U0_ClkDiv (ClkDiv_test_0)            7.28e-03 3.42e-03 7.44e+05 1.14e-02   2.0
    add_51 (ClkDiv_0_DW01_inc_0)       1.24e-04 2.36e-05 9.73e+04 2.45e-04   0.0
  U0_PULSE_GEN (PULSE_GEN_test_1)      3.83e-04 5.12e-04 3.89e+04 9.34e-04   0.2
  U0_UART_FIFO (Async_fifo_D_WIDTH8_F_DEPTH8_P_WIDTH4_test_1)
                                       6.47e-02 2.98e-02 3.23e+06 9.77e-02  17.4
    u_fifo_mem (fifo_mem_D_WIDTH8_A_WIDTH3_F_DEPTH8_P_WIDTH4_test_1)
                                       4.09e-02 1.93e-02 2.16e+06 6.24e-02  11.1
    u_fifo_rd (fifo_rd_P_WIDTH4_test_1)
                                       5.52e-03 2.60e-03 3.57e+05 8.48e-03   1.5
    u_fifo_wr (fifo_wr_P_WIDTH4_test_1)
                                       5.46e-03 2.65e-03 3.44e+05 8.45e-03   1.5
    sync_w2r (DF_Sync_DATA_WIDTH4_test_1)
                                       4.16e-03 2.22e-03 1.56e+05 6.53e-03   1.2
    sync_r2w (DF_Sync_DATA_WIDTH4_test_0)
                                       4.17e-03 2.16e-03 1.55e+05 6.48e-03   1.2
  U0_ref_sync (Data_Sync_BUS_WIDTH8_NUM_STAGES2_test_1)
                                       6.86e-03 3.36e-03 3.38e+05 1.06e-02   1.9
  U1_RST_SYNC (RST_SYNC_NUM_STAGES2_1) 1.42e-04 3.38e-04 3.10e+04 5.11e-04   0.1
  U0_RST_SYNC (RST_SYNC_NUM_STAGES2_0) 1.42e-04 3.33e-04 3.02e+04 5.05e-04   0.1
  U3_mux2X1 (mux2X1_5)                 1.98e-04 9.41e-05 1.26e+04 3.04e-04   0.1
  U2_mux2X1 (mux2X1_0)                 1.98e-04 9.41e-05 1.26e+04 3.04e-04   0.1
  U1_mux2X1 (mux2X1_4)                 4.45e-03 2.24e-04 1.88e+04 4.69e-03   0.8
  U0_mux2X1 (mux2X1_1)                 5.35e-02 7.25e-04 1.88e+04 5.42e-02   9.7
  U0_CLK_GATE (CLK_GATE)               6.32e-02 6.06e-03 3.71e+04 6.93e-02  12.3
1
