 
****************************************
Report : timing
        -path full
        -delay max
        -max_paths 1
Design : SYS_TOP
Version: O-2018.06-SP1
Date   : Thu Oct  8 00:55:07 2026
****************************************

Operating Conditions: scmetro_tsmc_cl013g_rvt_ss_1p08v_125c   Library: scmetro_tsmc_cl013g_rvt_ss_1p08v_125c
Wire Load Model Mode: top

  Startpoint: U0_ALU/ALU_OUT_reg_0_
              (rising edge-triggered flip-flop clocked by ALU_CLK)
  Endpoint: U0_ALU/ALU_OUT_reg_1_
            (rising edge-triggered flip-flop clocked by ALU_CLK)
  Path Group: ALU_CLK
  Path Type: max

  Des/Clust/Port     Wire Load Model       Library
  ------------------------------------------------
  SYS_TOP            tsmc13_wl30           scmetro_tsmc_cl013g_rvt_ss_1p08v_125c

  Point                                                   Incr       Path
  --------------------------------------------------------------------------
  clock ALU_CLK (rise edge)                               0.00       0.00
  clock network delay (ideal)                             0.00       0.00
  U0_ALU/ALU_OUT_reg_0_/CK (SDFFRQX2M)                    0.00       0.00 r
  U0_ALU/ALU_OUT_reg_0_/Q (SDFFRQX2M)                     0.62       0.62 f
  U0_ALU/ALU_OUT_reg_1_/SI (SDFFRQX2M)                    0.00       0.62 f
  data arrival time                                                  0.62

  clock ALU_CLK (rise edge)                              10.00      10.00
  clock network delay (ideal)                             0.00      10.00
  clock uncertainty                                      -0.20       9.80
  U0_ALU/ALU_OUT_reg_1_/CK (SDFFRQX2M)                    0.00       9.80 r
  library setup time                                     -0.57       9.23
  data required time                                                 9.23
  --------------------------------------------------------------------------
  data required time                                                 9.23
  data arrival time                                                 -0.62
  --------------------------------------------------------------------------
  slack (MET)                                                        8.61


  Startpoint: U0_RegFile/regArr_reg_2__4_
              (rising edge-triggered flip-flop clocked by DFTCLK)
  Endpoint: U1_ClkDiv/counter_reg_1_
            (rising edge-triggered flip-flop clocked by DFTCLK)
  Path Group: DFTCLK
  Path Type: max

  Des/Clust/Port     Wire Load Model       Library
  ------------------------------------------------
  SYS_TOP            tsmc13_wl30           scmetro_tsmc_cl013g_rvt_ss_1p08v_125c

  Point                                                   Incr       Path
  --------------------------------------------------------------------------
  clock DFTCLK (rise edge)                                0.00       0.00
  clock network delay (ideal)                             0.00       0.00
  U0_RegFile/regArr_reg_2__4_/CK (SDFFRQX1M)              0.00       0.00 r
  U0_RegFile/regArr_reg_2__4_/Q (SDFFRQX1M)               0.60       0.60 f
  U0_RegFile/U17/Y (INVXLM)                               0.61       1.21 r
  U0_RegFile/U18/Y (INVX6M)                               0.64       1.85 f
  U0_RegFile/REG2[4] (Register_File_test_1)               0.00       1.85 f
  U0_CLKDIV_MUX/in[2] (ClkDiv_mux)                        0.00       1.85 f
  U0_CLKDIV_MUX/U15/Y (INVX2M)                            0.73       2.59 r
  U0_CLKDIV_MUX/U13/Y (NAND4BX2M)                         0.78       3.37 f
  U0_CLKDIV_MUX/U24/Y (NOR3X2M)                           0.87       4.24 r
  U0_CLKDIV_MUX/U11/Y (INVXLM)                            0.57       4.81 f
  U0_CLKDIV_MUX/U12/Y (INVX2M)                            0.85       5.66 r
  U0_CLKDIV_MUX/out[2] (ClkDiv_mux)                       0.00       5.66 r
  U1_ClkDiv/i_div_ratio[2] (ClkDiv_test_1)                0.00       5.66 r
  U1_ClkDiv/U9/Y (OR2X1M)                                 0.45       6.11 r
  U1_ClkDiv/U3/Y (BUFX2M)                                 0.64       6.75 r
  U1_ClkDiv/U7/Y (OR2X2M)                                 0.69       7.44 r
  U1_ClkDiv/U18/Y (OR2X2M)                                0.69       8.13 r
  U1_ClkDiv/U17/Y (OR2X2M)                                0.89       9.02 r
  U1_ClkDiv/U5/Y (NOR3X4M)                                0.35       9.37 f
  U1_ClkDiv/U39/Y (NAND2BX1M)                             0.56       9.94 f
  U1_ClkDiv/U57/Y (CLKXOR2X2M)                            0.46      10.40 f
  U1_ClkDiv/U53/Y (NOR4X1M)                               0.90      11.30 r
  U1_ClkDiv/U47/Y (CLKNAND2X2M)                           0.94      12.24 f
  U1_ClkDiv/U46/Y (MXI2X1M)                               0.76      12.99 r
  U1_ClkDiv/U45/Y (CLKNAND2X2M)                           1.12      14.11 f
  U1_ClkDiv/U6/Y (AND3X4M)                                0.81      14.92 f
  U1_ClkDiv/U24/Y (AO22XLM)                               0.77      15.69 f
  U1_ClkDiv/counter_reg_1_/D (SDFFRQX2M)                  0.00      15.69 f
  data arrival time                                                 15.69

  clock DFTCLK (rise edge)                              200.00     200.00
  clock network delay (ideal)                             0.00     200.00
  clock uncertainty                                      -0.20     199.80
  U1_ClkDiv/counter_reg_1_/CK (SDFFRQX2M)                 0.00     199.80 r
  library setup time                                     -0.49     199.31
  data required time                                               199.31
  --------------------------------------------------------------------------
  data required time                                               199.31
  data arrival time                                                -15.69
  --------------------------------------------------------------------------
  slack (MET)                                                      183.62


  Startpoint: SE (input port clocked by DFTCLK)
  Endpoint: U0_SYS_CTRL/alu_out_reg_reg_5_
            (rising edge-triggered flip-flop clocked by DFTCLK)
  Path Group: INREG
  Path Type: max

  Des/Clust/Port     Wire Load Model       Library
  ------------------------------------------------
  SYS_TOP            tsmc13_wl30           scmetro_tsmc_cl013g_rvt_ss_1p08v_125c

  Point                                                   Incr       Path
  --------------------------------------------------------------------------
  clock DFTCLK (rise edge)                                0.00       0.00
  clock network delay (ideal)                             0.00       0.00
  input external delay                                   40.00      40.00 r
  SE (in)                                                 0.66      40.66 r
  U18/Y (DLY1X1M)                                         0.88      41.53 r
  U24/Y (DLY1X1M)                                         0.88      42.41 r
  U0_SYS_CTRL/test_se (sys_ctrl_test_1)                   0.00      42.41 r
  U0_SYS_CTRL/U246/Y (DLY1X1M)                            0.88      43.29 r
  U0_SYS_CTRL/U247/Y (DLY1X1M)                            0.88      44.16 r
  U0_SYS_CTRL/U237/Y (DLY1X1M)                            0.88      45.04 r
  U0_SYS_CTRL/U213/Y (DLY1X1M)                            0.88      45.91 r
  U0_SYS_CTRL/U250/Y (DLY1X1M)                            0.89      46.80 r
  U0_SYS_CTRL/U257/Y (DLY1X1M)                            0.88      47.68 r
  U0_SYS_CTRL/U258/Y (DLY1X1M)                            0.89      48.56 r
  U0_SYS_CTRL/U234/Y (DLY1X1M)                            0.90      49.46 r
  U0_SYS_CTRL/alu_out_reg_reg_5_/SE (SDFFRQX2M)           0.00      49.46 r
  data arrival time                                                 49.46

  clock DFTCLK (rise edge)                              200.00     200.00
  clock network delay (ideal)                             0.00     200.00
  clock uncertainty                                      -0.20     199.80
  U0_SYS_CTRL/alu_out_reg_reg_5_/CK (SDFFRQX2M)           0.00     199.80 r
  library setup time                                     -0.61     199.19
  data required time                                               199.19
  --------------------------------------------------------------------------
  data required time                                               199.19
  data arrival time                                                -49.46
  --------------------------------------------------------------------------
  slack (MET)                                                      149.73


  Startpoint: U1_ClkDiv/flag_reg
              (rising edge-triggered flip-flop clocked by DFTCLK)
  Endpoint: SO[0] (output port clocked by DFTCLK)
  Path Group: REGOUT
  Path Type: max

  Des/Clust/Port     Wire Load Model       Library
  ------------------------------------------------
  SYS_TOP            tsmc13_wl30           scmetro_tsmc_cl013g_rvt_ss_1p08v_125c

  Point                                    Incr       Path
  -----------------------------------------------------------
  clock DFTCLK (rise edge)                 0.00       0.00
  clock network delay (ideal)              0.00       0.00
  U1_ClkDiv/flag_reg/CK (SDFFSQX2M)        0.00       0.00 r
  U1_ClkDiv/flag_reg/Q (SDFFSQX2M)         1.20       1.20 r
  U1_ClkDiv/test_so (ClkDiv_test_1)        0.00       1.20 r
  SO[0] (out)                              0.00       1.20 r
  data arrival time                                   1.20

  clock DFTCLK (rise edge)               200.00     200.00
  clock network delay (ideal)              0.00     200.00
  clock uncertainty                       -0.20     199.80
  output external delay                  -40.00     159.80
  data required time                                159.80
  -----------------------------------------------------------
  data required time                                159.80
  data arrival time                                  -1.20
  -----------------------------------------------------------
  slack (MET)                                       158.60


1
