
################################################################################
#
# This file has been generated by SpyGlass:
#     Report Name      : moresimple
#     Report Created by: ICer
#     Report Created on:  Wed Sep 23 16:22:31 2026
#     Working Directory: /home/ICer/Labs/System_Final/SpyGlass
#     SpyGlass Version : SpyGlass_vL-2016.06
#     Policy Name      : SpyGlass(SpyGlass_vL-2016.06)
#                        clock-reset(SpyGlass_vL-2016.06)
#
#     Total Number of Generated Messages :         12
#     Number of Waived Messages          :          1
#     Number of Reported Messages        :         11
#     Number of Overlimit Messages       :          0
#
#
################################################################################

+++++++++++++++++++++++++++++++++++++++++++++++++++++++++++++++++++++++
MORESIMPLE REPORT:


############### BuiltIn -> RuleGroup=Design Read ###############
+++++++++++++++++++++++++++++++++++++++++++++++++++++++++++++++++++++++++++++++++++++++
ID       Rule                    Alias                   Severity    File                                                                           Line    Wt    Message
======================================================================================
[1]      DetectTopDesignUnits    DetectTopDesignUnits    Info        ../rtl/system_top.v                                                            2       2     Module system_top is a top level design unit
[0]      ElabSummary             ElabSummary             Info        ./spyglass-1/cdc/cdc_setup_check/spyglass_reports/SpyGlass/elab_summary.rpt    0       2     Please refer file './spyglass-1/cdc/cdc_setup_check/spyglass_reports/SpyGlass/elab_summary.rpt' for elab summary report
[5]      Info_Case_Analysis      showSimVal              Info        ../rtl/system_top.v                                                            2       10    Information for set_case_analysis value propagation for design 'system_top' is displayed
+++++++++++++++++++++++++++++++++++++++++++++++++++++++++++++++++++++++++++++++++++++++


############### BuiltIn -> RuleGroup=SGDC Checks ###############
+++++++++++++++++++++++++++++++++++++++++++++++++++++++++++++++++++++++++++++++++++++++
ID       Rule                Alias    Severity    File                    Line    Wt    Message
======================================================================================
[4]      SGDC_sync_cell10             Info        sgdc/system_top.sgdc    54      2     Constraint 'sync_cell': Overlapping constraint specification found. All the specifications will be used for rule-checking
+++++++++++++++++++++++++++++++++++++++++++++++++++++++++++++++++++++++++++++++++++++++


############### Non-BuiltIn -> Goal=cdc/cdc_setup_check ###############
+++++++++++++++++++++++++++++++++++++++++++++++++++++++++++++++++++++++++++++++++++++++
ID       Rule                Alias    Severity    File                                                                                            Line    Wt    Message
======================================================================================
[7]      Clock_info02                 Info        N.A.                                                                                            0       2     Clock Tree generated
[11]     Clock_info15                 Info        N.A.                                                                                            0       2     Port-Clock information generated for PortClockMatrix report
[3]      Propagate_Clocks             Info        ../rtl/system_top.v                                                                             18      2     For system_top, clock(s) 'system_top.UART_CLK,system_top.UART_RX_CLK,system_top.UART_TX_CLK' of domain 'd1' propagated
[2]      Propagate_Clocks             Info        ../rtl/system_top.v                                                                             55      2     For system_top, clock(s) 'system_top.REF_CLK,system_top.ALU_CLK' of domain 'd0' propagated
[6]      Propagate_Resets             Info        ../rtl/system_top.v                                                                             5       2     For system_top, reset 'system_top.RST_N' propagated
[8]      Reset_info02                 Info        N.A.                                                                                            0       2     Reset Tree generated
[12]     Setup_port01                 Info        ./spyglass-1/cdc/cdc_setup_check/spyglass_reports/clock-reset/system_top_input_abstract.sgdc    0       2     Abstracted sgdc file for input ports of block 'system_top' is generated
+++++++++++++++++++++++++++++++++++++++++++++++++++++++++++++++++++++++++++++++++++++++
