
################################################################################
#
# This file has been generated by SpyGlass:
#     Report Name      : moresimple
#     Report Created by: ICer
#     Report Created on:  Wed Sep 23 16:13:22 2026
#     Working Directory: /home/ICer/Labs/System_Final/SpyGlass
#     SpyGlass Version : SpyGlass_vL-2016.06
#     Policy Name      : SpyGlass(SpyGlass_vL-2016.06)
#                        erc(SpyGlass_vL-2016.06)
#                        latch(SpyGlass_vL-2016.06)
#                        lint(SpyGlass_vL-2016.06)
#                        morelint(SpyGlass_vL-2016.06)
#                        openmore(SpyGlass_vL-2016.06)
#                        simulation(SpyGlass_vL-2016.06)
#                        starc(SpyGlass_vL-2016.06)
#                        starc2005(SpyGlass_vL-2016.06)
#                        timing(SpyGlass_vL-2016.06)
#
#     Total Number of Generated Messages :          4
#     Number of Waived Messages          :          0
#     Number of Reported Messages        :          4
#     Number of Overlimit Messages       :          0
#
#
################################################################################

+++++++++++++++++++++++++++++++++++++++++++++++++++++++++++++++++++++++
MORESIMPLE REPORT:


############### BuiltIn -> RuleGroup=Design Read ###############
+++++++++++++++++++++++++++++++++++++++++++++++++++++++++++++++++++++++++++++++++++++++
ID       Rule                    Alias                   Severity    File                                                                     Line    Wt    Message
======================================================================================
[1]      DetectTopDesignUnits    DetectTopDesignUnits    Info        ../rtl/system_top.v                                                      2       2     Module system_top is a top level design unit
[0]      ElabSummary             ElabSummary             Info        ./spyglass-1/lint/lint_rtl/spyglass_reports/SpyGlass/elab_summary.rpt    0       2     Please refer file './spyglass-1/lint/lint_rtl/spyglass_reports/SpyGlass/elab_summary.rpt' for elab summary report
+++++++++++++++++++++++++++++++++++++++++++++++++++++++++++++++++++++++++++++++++++++++


############### Non-BuiltIn -> Goal=lint/lint_rtl ###############
+++++++++++++++++++++++++++++++++++++++++++++++++++++++++++++++++++++++++++++++++++++++
ID       Rule               Alias                Severity    File               Line    Wt    Message
======================================================================================
[7]      STARC05-1.4.3.4    ClkSigToNonClkPin    Warning     ../rtl/ClkDiv.v    47      10    Clock signal 'system_top.U0_ClkDiv.div_clk' used as a non-clock (Used with name 'system_top.U0_ClkDiv.div_clk')
[8]      STARC05-1.4.3.4    ClkSigToNonClkPin    Warning     ../rtl/ClkDiv.v    47      10    Clock signal 'system_top.U1_ClkDiv.div_clk' used as a non-clock (Used with name 'system_top.U1_ClkDiv.div_clk')
+++++++++++++++++++++++++++++++++++++++++++++++++++++++++++++++++++++++++++++++++++++++
