****************************************
Report : Time Based Power (Cycle Accurate)
	-hierarchy
Design : SYS_TOP
Version: O-2018.06-SP1
Date   : Thu Oct  8 20:57:00 2026
****************************************



                                      Int      Switch   Leak      Total
Hierarchy                             Power    Power    Power     Power    %
--------------------------------------------------------------------------------
SYS_TOP                               1.01e-06 2.71e-06 2.26e-05  2.64e-05 100.0
  U0_UART (UART_test_1)               5.53e-09 1.89e-08 2.27e-06  2.29e-06   8.7
    U0_UART_RX (UART_RX_test_1)       5.43e-09 1.79e-08 1.61e-06  1.64e-06   6.2
      U_Parity_Check (Parity_Check_test_1)
                                      1.31e-10    0.000 1.30e-07  1.30e-07   0.5
      U_Stop_Check (Stop_Check_test_1)
                                         0.000    0.000 2.38e-08  2.38e-08   0.1
      U_Start_Check (Start_Check_test_1)
                                         0.000    0.000 2.05e-08  2.05e-08   0.1
      U_data_sampling (data_sampling_test_1)
                                         0.000    0.000 1.76e-07  1.76e-07   0.7
      U_FSM (FSM_RX_test_1)           2.01e-10 5.73e-10 5.10e-07  5.11e-07   1.9
      U_deserializer (deserializer_test_1)
                                      4.86e-09 1.73e-08 2.05e-07  2.27e-07   0.9
      U_edge_bit_counter (edge_bit_counter_test_1)
                                      2.39e-10    0.000 4.86e-07  4.86e-07   1.8
    U0_UART_TX (UART_TX_test_1)       9.98e-11 1.00e-09 6.49e-07  6.51e-07   2.5
      U_serializer (serializer_test_1)
                                      2.56e-12    0.000 3.45e-07  3.45e-07   1.3
      U_MUX (MUX_TX)                  6.88e-11 8.48e-10 3.42e-08  3.51e-08   0.1
      U_parity_calc (parity_calc_test_1)
                                         0.000    0.000 1.09e-07  1.09e-07   0.4
      U_FSM (FSM_TX_test_1)           2.85e-11 1.52e-10 1.36e-07  1.36e-07   0.5
  U2_mux2X1 (mux2X1_0)                     N/A 1.14e-09 2.88e-08  2.94e-08   0.1
  U1_RST_SYNC (RST_SYNC_NUM_STAGES2_1)
                                      8.53e-13    0.000 3.48e-08  3.48e-08   0.1
  U0_RegFile (Register_File_test_1)        N/A 1.58e-09 4.36e-06  4.36e-06  16.6
  U_RX_CLK_MUX (mux2X1_2)             1.26e-07 1.80e-07 1.69e-08  3.22e-07   1.2
  U0_SYS_CTRL (sys_ctrl_test_1)       4.07e-10 1.62e-09 1.97e-06  1.97e-06   7.5
  U1_ClkDiv (ClkDiv_test_1)                N/A 1.77e-11 6.72e-07  6.72e-07   2.5
    add_51 (ClkDiv_1_DW01_inc_0)         0.000    0.000 9.76e-08  9.76e-08   0.4
  U0_mux2X1 (mux2X1_1)                   0.000    0.000 1.69e-08  1.69e-08   0.1
  U0_PULSE_GEN (PULSE_GEN_test_1)     6.49e-11    0.000 3.52e-08  3.52e-08   0.1
  U0_ClkDiv (ClkDiv_test_0)           6.53e-07 2.29e-06 6.80e-07  3.62e-06  13.7
    add_51 (ClkDiv_0_DW01_inc_0)         0.000    0.000 9.67e-08  9.67e-08   0.4
  U_TX_CLK_MUX (mux2X1_3)             3.91e-09 5.29e-09 1.69e-08  2.61e-08   0.1
  U3_mux2X1 (mux2X1_5)                     N/A 2.85e-10 2.08e-08  2.10e-08   0.1
  U1_mux2X1 (mux2X1_4)                   0.000    0.000 1.69e-08  1.69e-08   0.1
  U0_UART_FIFO (Async_fifo_D_WIDTH8_F_DEPTH8_P_WIDTH4_test_1)
                                      1.30e-11    0.000 2.97e-06  2.97e-06  11.3
    u_fifo_rd (fifo_rd_P_WIDTH4_test_1)
                                      3.31e-12    0.000 3.38e-07  3.38e-07   1.3
    sync_w2r (DF_Sync_DATA_WIDTH4_test_1)
                                         0.000    0.000 1.35e-07  1.35e-07   0.5
    u_fifo_mem (fifo_mem_D_WIDTH8_A_WIDTH3_F_DEPTH8_P_WIDTH4_test_1)
                                      4.69e-12    0.000 1.93e-06  1.93e-06   7.3
    u_fifo_wr (fifo_wr_P_WIDTH4_test_1)
                                      3.26e-12    0.000 3.40e-07  3.40e-07   1.3
    sync_r2w (DF_Sync_DATA_WIDTH4_test_0)
                                      1.71e-12    0.000 1.54e-07  1.54e-07   0.6
  U0_CLKDIV_MUX (ClkDiv_mux)             0.000    0.000 7.13e-08  7.13e-08   0.3
  U0_ALU (ALU_test_1)                 4.15e-10 6.87e-10 6.09e-06  6.09e-06  23.1
    div_42 (ALU_DW_div_uns_0)            0.000    0.000 2.55e-06  2.55e-06   9.7
    sub_36 (ALU_DW01_sub_0)              0.000    0.000 2.29e-07  2.29e-07   0.9
    add_34 (ALU_DW01_add_0)              0.000    0.000 2.11e-07  2.11e-07   0.8
    mult_38 (ALU_DW02_mult_0)            0.000    0.000 2.01e-06  2.01e-06   7.6
      FS_1 (ALU_DW01_add_1)              0.000    0.000 2.16e-07  2.16e-07   0.8
  U0_RST_SYNC (RST_SYNC_NUM_STAGES2_0)
                                      7.65e-13    0.000 3.47e-08  3.47e-08   0.1
  U0_CLK_GATE (CLK_GATE)              2.17e-07 2.11e-07 3.53e-08  4.63e-07   1.8
  U0_ref_sync (Data_Sync_BUS_WIDTH8_NUM_STAGES2_test_1)
                                      1.13e-09 3.89e-09 2.69e-07  2.74e-07   1.0


                                      Peak     Peak            Glitch   X-tran
Hierarchy                             Power    Time            Power    Power
--------------------------------------------------------------------------------
SYS_TOP                               2.33e-04 1854740-1854750    0.000    0.000
  U0_UART (UART_test_1)               8.00e-05  132240-132250     0.000    0.000
    U0_UART_RX (UART_RX_test_1)       7.94e-05  132240-132250     0.000    0.000
      U_Parity_Check (Parity_Check_test_1)
                                      1.10e-06  844290-844300     0.000    0.000
      U_Stop_Check (Stop_Check_test_1)
                                      2.38e-08       0-10         0.000    0.000
      U_Start_Check (Start_Check_test_1)
                                      2.05e-08       0-10         0.000    0.000
      U_data_sampling (data_sampling_test_1)
                                      1.76e-07       0-10         0.000    0.000
      U_FSM (FSM_RX_test_1)           5.41e-06  210360-210370     0.000    0.000
      U_deserializer (deserializer_test_1)
                                      7.73e-05  983180-983190     0.000    0.000
      U_edge_bit_counter (edge_bit_counter_test_1)
                                      1.45e-06  357920-357930     0.000    0.000
    U0_UART_TX (UART_TX_test_1)       1.33e-05 1854740-1854750    0.000    0.000
      U_serializer (serializer_test_1)
                                      8.86e-07    1490-1500       0.000    0.000
      U_MUX (MUX_TX)                  8.26e-06 1229760-1229770    0.000    0.000
      U_parity_calc (parity_calc_test_1)
                                      1.09e-07       0-10         0.000    0.000
      U_FSM (FSM_TX_test_1)           4.67e-06 1255800-1255810    0.000    0.000
  U2_mux2X1 (mux2X1_0)                1.26e-04    1050-1060       0.000    0.000
  U1_RST_SYNC (RST_SYNC_NUM_STAGES2_1)
                                      2.17e-07    1010-1020       0.000    0.000
  U0_RegFile (Register_File_test_1)   1.17e-04 1451470-1451480    0.000    0.000
  U_RX_CLK_MUX (mux2X1_2)             4.33e-06     270-280        0.000    0.000
  U0_SYS_CTRL (sys_ctrl_test_1)       5.92e-05 1451450-1451460    0.000    0.000
  U1_ClkDiv (ClkDiv_test_1)           3.52e-06    1490-1500       0.000    0.000
    add_51 (ClkDiv_1_DW01_inc_0)      9.76e-08       0-10         0.000    0.000
  U0_mux2X1 (mux2X1_1)                1.69e-08       0-10         0.000    0.000
  U0_PULSE_GEN (PULSE_GEN_test_1)     1.68e-06 1255800-1255810    0.000    0.000
  U0_ClkDiv (ClkDiv_test_0)           1.87e-04  214160-214170     0.000    0.000
    add_51 (ClkDiv_0_DW01_inc_0)      9.98e-08    5300-5310       0.000    0.000
  U_TX_CLK_MUX (mux2X1_3)             4.19e-06   10170-10180      0.000    0.000
  U3_mux2X1 (mux2X1_5)                3.18e-05    1490-1500       0.000    0.000
  U1_mux2X1 (mux2X1_4)                1.69e-08       0-10         0.000    0.000
  U0_UART_FIFO (Async_fifo_D_WIDTH8_F_DEPTH8_P_WIDTH4_test_1)
                                      5.00e-06    1050-1060       0.000    0.000
    u_fifo_rd (fifo_rd_P_WIDTH4_test_1)
                                      1.04e-06    1490-1500       0.000    0.000
    sync_w2r (DF_Sync_DATA_WIDTH4_test_1)
                                      1.35e-07       0-10         0.000    0.000
    u_fifo_mem (fifo_mem_D_WIDTH8_A_WIDTH3_F_DEPTH8_P_WIDTH4_test_1)
                                      2.93e-06    1050-1060       0.000    0.000
    u_fifo_wr (fifo_wr_P_WIDTH4_test_1)
                                      1.04e-06    1050-1060       0.000    0.000
    sync_r2w (DF_Sync_DATA_WIDTH4_test_0)
                                      5.18e-07    1050-1060       0.000    0.000
  U0_CLKDIV_MUX (ClkDiv_mux)          7.13e-08       0-10         0.000    0.000
  U0_ALU (ALU_test_1)                 1.02e-04 1954950-1954960    0.000    0.000
    div_42 (ALU_DW_div_uns_0)         2.56e-06       0-10         0.000    0.000
    sub_36 (ALU_DW01_sub_0)           2.31e-07 1451480-1451490    0.000    0.000
    add_34 (ALU_DW01_add_0)           2.25e-07 1555640-1555650    0.000    0.000
    mult_38 (ALU_DW02_mult_0)         2.01e-06       0-10         0.000    0.000
      FS_1 (ALU_DW01_add_1)           2.16e-07       0-10         0.000    0.000
  U0_RST_SYNC (RST_SYNC_NUM_STAGES2_0)
                                      1.98e-07    1010-1020       0.000    0.000
  U0_CLK_GATE (CLK_GATE)              5.05e-06      20-30         0.000    0.000
  U0_ref_sync (Data_Sync_BUS_WIDTH8_NUM_STAGES2_test_1)
                                      8.59e-05 1156850-1156860    0.000    0.000
1
