****************************************
Report : Time Based Power (Cycle Accurate)
	-net_power
	-cell_power
	-verbose
	-sort_by dynamic_power
	-power_greater_than       0
Design : SYS_TOP
Version: O-2018.06-SP1
Date   : Thu Oct  8 20:57:00 2026
****************************************

Sampling Interval: 10 ns

Library(s) Used:

    scmetro_tsmc_cl013g_rvt_ss_1p08v_125c (File: /home/ICer/tsmc_fb_cl013g_sc/aci/sc-m/synopsys/scmetro_tsmc_cl013g_rvt_ss_1p08v_125c.db)
    scmetro_tsmc_cl013g_rvt_ff_1p32v_m40c (File: /home/ICer/tsmc_fb_cl013g_sc/aci/sc-m/synopsys/scmetro_tsmc_cl013g_rvt_ff_1p32v_m40c.db)


Operating Conditions: scmetro_tsmc_cl013g_rvt_ss_1p08v_125c   Library: scmetro_tsmc_cl013g_rvt_ss_1p08v_125c
Wire Load Model Mode: top

Cell               Design       Wire_model  Library       Selection_type
--------------------------------------------------------------------------------
                   SYS_TOP      tsmc13_wl30 scmetro_tsmc_cl013g_rvt_ss_1p08v_125c
                                                          user-specified

Power-specific unit information :
    Voltage Units = 1 V
    Capacitance Units = 1 pf
    Time Units = 1 ns
    Dynamic Power Units = 1 W
    Leakage Power Units = 1 W



  Attributes
  ----------
      a  -  Switching activity information / Switching power information annotated on net
      p  -  Propagated switching activity information on net
      d  -  Default switching activity used on net
      u  -  Net switching activity uninitialized
      m  -  Net is driven by multiple pins
      b  -  Net is a primary input (boundary net)

		Toggle rates reported with respect to time unit 1ns
--------------------------------------------------------------------------------
                                  Total      Static   Toggle   Switching
Net                         Vdd   Net Load   Prob.    Rate     Power      Attrs
--------------------------------------------------------------------------------
ALU_CLK                     1.08    0.037    0.049    0.0098   2.109e-07  a
UART_RX_CLK                 1.08    0.042    0.500    0.0074   1.796e-07  a
UART_TX_CLK                 1.08    0.039    0.500    0.0002   5.286e-09  a
UART_RX_OUT[2]              1.08    0.129    0.340    0.29e-4  2.179e-09  a
UART_RX_OUT[6]              1.08    0.129    0.235    0.29e-4  2.179e-09  a
UART_RX_OUT[3]              1.08    0.129    0.303    0.29e-4  2.172e-09  a
UART_RX_OUT[7]              1.08    0.129    0.307    0.29e-4  2.172e-09  a
UART_RX_OUT[4]              1.08    0.129    0.251    0.29e-4  2.167e-09  a
UART_RX_OUT[1]              1.08    0.128    0.307    0.29e-4  2.161e-09  a
UART_RX_OUT[5]              1.08    0.128    0.271    0.29e-4  2.161e-09  a
UART_RX_OUT[0]              1.08    0.127    0.356    0.28e-4  2.135e-09  a
UART_RX_V_SYNC              1.08    0.128    0.000    0.16e-4  1.187e-09  a
SYNC_REF_RST                1.08    2.090    1.000    0.47e-6  1.136e-09  a
UART_TX_O                   1.08    0.130    0.907    0.11e-4  8.481e-10  a
UART_RX_V_OUT               1.08    0.062    0.002    0.16e-4  5.735e-10  a
UART_RX_SYNC[1]             1.08    0.162    0.348    0.47e-5  4.410e-10  a
UART_RX_SYNC[3]             1.08    0.128    0.344    0.56e-5  4.171e-10  a
UART_RX_SYNC[7]             1.08    0.126    0.344    0.56e-5  4.115e-10  a
UART_RX_SYNC[5]             1.08    0.161    0.247    0.37e-5  3.493e-10  a
UART_RX_SYNC[0]             1.08    0.160    0.332    0.33e-5  3.469e-10  a
Operand_A[2]                1.08    0.585    0.323    0.47e-6  3.180e-10  a
Operand_A[3]                1.08    0.553    0.323    0.47e-6  3.005e-10  a
SYNC_UART_RST               1.08    0.524    0.999    0.47e-6  2.848e-10  a
Operand_A[0]                1.08    0.517    0.323    0.47e-6  2.811e-10  a
UART_RX_SYNC[6]             1.08    0.161    0.146    0.28e-5  2.632e-10  a
UART_RX_SYNC[4]             1.08    0.161    0.194    0.28e-5  2.631e-10  a
RF_Address[0]               1.08    0.225    0.421    0.14e-5  2.449e-10  a
UART_RX_SYNC[2]             1.08    0.128    0.380    0.28e-5  2.092e-10  a
RF_WrEn                     1.08    0.064    0.000    0.47e-5  1.747e-10  a
Operand_B[4]                1.08    0.307    0.275    0.47e-6  1.668e-10  a
Operand_B[2]                1.08    0.303    0.275    0.47e-6  1.647e-10  a
RF_Address[2]               1.08    0.289    0.283    0.93e-6  1.574e-10  a
UART_TX_VLD                 1.08    0.096    0.000    0.28e-5  1.569e-10  a
UART_TX_Busy                1.08    0.031    0.196    0.79e-5  1.522e-10  a
ALU_EN                      1.08    0.127    0.000    0.19e-5  1.385e-10  a
RF_Address[1]               1.08    0.231    0.295    0.93e-6  1.257e-10  a
ALU_FUN[0]                  1.08    0.196    0.000    0.93e-6  1.064e-10  a
RF_WrData[4]                1.08    0.095    0.509    0.14e-5  1.033e-10  a
RF_RdData_VLD               1.08    0.129    0.000    0.93e-6  7.002e-11  a
ALU_OUT_VLD                 1.08    0.064    0.000    0.19e-5  6.988e-11  a
Operand_A[1]                1.08    0.128    0.323    0.47e-6  6.961e-11  a
ALU_OUT[0]                  1.08    0.063    0.000    0.19e-5  6.882e-11  a
ALU_OUT[1]                  1.08    0.063    0.000    0.19e-5  6.882e-11  a
ALU_OUT[5]                  1.08    0.063    0.000    0.19e-5  6.854e-11  a
RF_RdEn                     1.08    0.097    0.000    0.93e-6  5.272e-11  a
RF_WrData[5]                1.08    0.095    0.146    0.93e-6  5.167e-11  a
RF_WrData[7]                1.08    0.095    0.146    0.93e-6  5.167e-11  a
RF_WrData[0]                1.08    0.095    0.283    0.93e-6  5.166e-11  a
RF_WrData[1]                1.08    0.095    0.049    0.93e-6  5.166e-11  a
RF_WrData[2]                1.08    0.095    0.558    0.47e-6  5.166e-11  a
RF_WrData[3]                1.08    0.095    0.049    0.93e-6  5.166e-11  a
RF_WrData[6]                1.08    0.095    0.234    0.93e-6  5.166e-11  a
RF_RdData[0]                1.08    0.094    0.461    0.47e-6  5.137e-11  a
RF_RdData[2]                1.08    0.094    0.461    0.47e-6  5.137e-11  a
RF_RdData[4]                1.08    0.094    0.461    0.47e-6  5.137e-11  a
RF_RdData[6]                1.08    0.094    0.461    0.47e-6  5.137e-11  a
ALU_OUT[3]                  1.08    0.063    0.000    0.93e-6  3.427e-11  a
ALU_OUT[4]                  1.08    0.063    0.000    0.93e-6  3.427e-11  a
ALU_OUT[6]                  1.08    0.063    0.000    0.93e-6  3.427e-11  a
ALU_OUT[7]                  1.08    0.063    0.000    0.93e-6  3.427e-11  a
ALU_OUT[8]                  1.08    0.063    0.000    0.93e-6  3.427e-11  a
ALU_OUT[9]                  1.08    0.063    0.000    0.93e-6  3.427e-11  a
ALU_OUT[10]                 1.08    0.063    0.000    0.93e-6  3.427e-11  a
ALU_OUT[11]                 1.08    0.063    0.000    0.93e-6  3.427e-11  a
ALU_OUT[12]                 1.08    0.063    0.000    0.93e-6  3.427e-11  a
ALU_OUT[13]                 1.08    0.063    0.000    0.93e-6  3.427e-11  a
ALU_OUT[14]                 1.08    0.063    0.000    0.93e-6  3.427e-11  a
ALU_OUT[15]                 1.08    0.063    0.000    0.93e-6  3.427e-11  a
ALU_CLK_EN_DFT              1.08    0.043    0.000    0.0000      0.0000  u
ALU_CLK__L1_N0              1.08    0.040    0.000    0.0000      0.0000  u
ALU_CLK__L2_N0              1.08    0.058    0.000    0.0000      0.0000  u
ALU_CLK__L3_N0              1.08    0.544    0.000    0.0000      0.0000  u
ALU_FUN[1]                  1.08    0.163    0.000    0.0000      0.0000  a
ALU_FUN[2]                  1.08    0.263    0.000    0.0000      0.0000  a
ALU_FUN[3]                  1.08    0.325    0.000    0.0000      0.0000  a
ALU_OUT[2]                  1.08    0.063    0.000    0.0000      0.0000  a
CLKG_EN                     1.08    0.100    0.000    0.0000      0.0000  u
CLK_A                       1.08    0.037    0.000    0.0000      0.0000  u
CLK_A__L1_N0                1.08    0.076    0.000    0.0000      0.0000  u
CLK_A__L2_N0                1.08    0.076    0.000    0.0000      0.0000  u
CLK_A__L2_N1                1.08    0.038    0.000    0.0000      0.0000  u
CLK_A__L3_N0                1.08    0.152    0.000    0.0000      0.0000  u
CLK_A__L4_N0                1.08    0.076    0.000    0.0000      0.0000  u
CLK_A__L4_N1                1.08    0.076    0.000    0.0000      0.0000  u
CLK_A__L5_N0                1.08    0.228    0.000    0.0000      0.0000  u
CLK_A__L5_N1                1.08    0.228    0.000    0.0000      0.0000  u
CLK_A__L6_N0                1.08    0.200    0.000    0.0000      0.0000  u
CLK_A__L6_N1                1.08    0.200    0.000    0.0000      0.0000  u
CLK_A__L6_N2                1.08    0.200    0.000    0.0000      0.0000  u
CLK_A__L6_N3                1.08    0.200    0.000    0.0000      0.0000  u
CLK_A__L6_N4                1.08    0.200    0.000    0.0000      0.0000  u
CLK_A__L6_N5                1.08    0.200    0.000    0.0000      0.0000  u
CLK_A__L7_N0                1.08    0.541    0.000    0.0000      0.0000  u
CLK_A__L7_N1                1.08    0.574    0.000    0.0000      0.0000  u
CLK_A__L7_N2                1.08    0.574    0.000    0.0000      0.0000  u
CLK_A__L7_N3                1.08    0.454    0.000    0.0000      0.0000  u
CLK_A__L7_N4                1.08    0.478    0.000    0.0000      0.0000  u
CLK_A__L7_N5                1.08    0.573    0.000    0.0000      0.0000  u
CLK_A__L7_N6                1.08    0.483    0.000    0.0000      0.0000  u
CLK_A__L7_N7                1.08    0.573    0.000    0.0000      0.0000  u
CLK_A__L7_N8                1.08    0.573    0.000    0.0000      0.0000  u
CLK_A__L7_N9                1.08    0.510    0.000    0.0000      0.0000  u
CLK_A__L7_N10               1.08    0.510    0.000    0.0000      0.0000  u
CLK_A__L7_N11               1.08    0.478    0.000    0.0000      0.0000  u
CLK_A__L7_N12               1.08    0.414    0.000    0.0000      0.0000  u
CLK_A__L7_N13               1.08    0.446    0.000    0.0000      0.0000  u
CLK_A__L7_N14               1.08    0.446    0.000    0.0000      0.0000  u
CLK_A__L7_N15               1.08    0.510    0.000    0.0000      0.0000  u
CLK_A__L7_N16               1.08    0.511    0.000    0.0000      0.0000  u
CLK_A__L7_N17               1.08    0.510    0.000    0.0000      0.0000  u
CLK_B                       1.08    0.043    0.000    0.0000      0.0000  u
CLK_B__L1_N0                1.08    0.076    0.000    0.0000      0.0000  u
CLK_B__L2_N0                1.08    0.171    0.000    0.0000      0.0000  u
CLK_B__L3_N0                1.08    0.032    0.000    0.0000      0.0000  u
CLK_B__L3_N1                1.08    0.032    0.000    0.0000      0.0000  u
CLK_B__L3_N2                1.08    0.038    0.000    0.0000      0.0000  u
CLK_B__L4_N0                1.08    0.105    0.000    0.0000      0.0000  u
CLK_B__L5_N0                1.08    0.076    0.000    0.0000      0.0000  u
CLK_B__L5_N1                1.08    0.038    0.000    0.0000      0.0000  u
CLK_B__L6_N0                1.08    0.133    0.000    0.0000      0.0000  u
CLK_B__L6_N1                1.08    0.038    0.000    0.0000      0.0000  u
CLK_B__L7_N0                1.08    0.032    0.000    0.0000      0.0000  u
CLK_B__L7_N1                1.08    0.032    0.000    0.0000      0.0000  u
CLK_B__L7_N2                1.08    0.038    0.000    0.0000      0.0000  u
CLK_B__L8_N0                1.08    0.044    0.000    0.0000      0.0000  u
CLK_B__L9_N0                1.08    0.044    0.000    0.0000      0.0000  u
CLK_B__L10_N0               1.08    0.076    0.000    0.0000      0.0000  u
CLK_B__L11_N0               1.08    0.058    0.000    0.0000      0.0000  u
CLK_B__L12_N0               1.08    0.133    0.000    0.0000      0.0000  u
CLK_B__L13_N0               1.08    0.446    0.000    0.0000      0.0000  u
CLK_B__L13_N1               1.08    0.192    0.000    0.0000      0.0000  u
DIV_RATIO[0]                1.08    0.159    0.000    0.0000      0.0000  a
DIV_RATIO[1]                1.08    0.256    0.000    0.0000      0.0000  a
DIV_RATIO[2]                1.08    0.224    0.000    0.0000      0.0000  a
DIV_RATIO[3]                1.08    0.224    0.000    0.0000      0.0000  a
DIV_RATIO[4]                1.08    0.224    0.000    0.0000      0.0000  a
DIV_RATIO[5]                1.08    0.224    1.000    0.0000      0.0000  a
DIV_RATIO[6]                1.08    0.258    0.000    0.0000      0.0000  a
DIV_RATIO[7]                1.08    0.226    0.000    0.0000      0.0000  a
DIV_RATIO_RX[0]             1.08    0.064    1.000    0.0000      0.0000  a
DIV_RATIO_RX[1]             1.08    0.160    0.000    0.0000      0.0000  a
DIV_RATIO_RX[2]             1.08    0.128    0.000    0.0000      0.0000  a
DIV_RATIO_RX[3]             1.08    0.129    0.000    0.0000      0.0000  a
FE_OFN1_SYNC_REF_RST        1.08    2.013    0.000    0.0000      0.0000  u
FE_OFN2_SYNC_REF_RST        1.08    1.394    0.000    0.0000      0.0000  u
FE_OFN5_SYNC_UART_RST       1.08    2.345    0.000    0.0000      0.0000  u
FIFO_FULL                   1.08    0.098    0.000    0.0000      0.0000  u
Operand_A[4]                1.08    0.484    0.000    0.0000      0.0000  a
Operand_A[5]                1.08    0.483    0.000    0.0000      0.0000  a
Operand_A[6]                1.08    0.128    0.000    0.0000      0.0000  a
Operand_A[7]                1.08    0.130    0.000    0.0000      0.0000  a
Operand_B[0]                1.08    0.366    0.000    0.0000      0.0000  a
Operand_B[1]                1.08    0.397    0.000    0.0000      0.0000  a
Operand_B[3]                1.08    0.300    0.000    0.0000      0.0000  a
Operand_B[5]                1.08    0.390    0.000    0.0000      0.0000  a
Operand_B[6]                1.08    0.303    0.000    0.0000      0.0000  a
Operand_B[7]                1.08    0.336    0.000    0.0000      0.0000  a
REF_CLK__L1_N0              1.08    0.039    0.000    0.0000      0.0000  u
REF_CLK__L2_N0              1.08    0.034    0.000    0.0000      0.0000  u
RF_Address[3]               1.08    0.225    0.000    0.0000      0.0000  a
RF_RdData[1]                1.08    0.094    0.000    0.0000      0.0000  a
RF_RdData[3]                1.08    0.094    0.000    0.0000      0.0000  a
RF_RdData[5]                1.08    0.094    0.000    0.0000      0.0000  a
RF_RdData[7]                1.08    0.094    0.000    0.0000      0.0000  a
SO[0]                       1.08    0.196    0.000    0.0000      0.0000  u
SO[1]                       1.08    0.227    0.000    0.0000      0.0000  u
SO[2]                       1.08    0.194    0.000    0.0000      0.0000  u
SO[3]                       1.08    0.194    0.000    0.0000      0.0000  u
SYNC_REF_RST_internal       1.08    0.034    0.000    0.0000      0.0000  u
SYNC_UART_RST_internal      1.08    0.032    0.000    0.0000      0.0000  u
UART_CLK__L1_N0             1.08    0.039    0.000    0.0000      0.0000  u
UART_CLK__L2_N0             1.08    0.034    0.000    0.0000      0.0000  u
UART_Config[0]              1.08    0.193    0.151    0.47e-6     0.0000  a
UART_Config[1]              1.08    0.161    0.000    0.0000      0.0000  a
UART_Config[2]              1.08    0.417    0.000    0.0000      0.0000  a
UART_Config[3]              1.08    0.420    0.000    0.0000      0.0000  a
UART_Config[4]              1.08    0.418    0.000    0.0000      0.0000  a
UART_Config[5]              1.08    0.483    0.000    0.0000      0.0000  a
UART_Config[6]              1.08    0.483    0.000    0.0000      0.0000  a
UART_Config[7]              1.08    0.457    1.000    0.0000      0.0000  a
UART_RX_CLK__L1_N0          1.08    0.076    0.000    0.0000      0.0000  u
UART_RX_CLK__L2_N0          1.08    0.133    0.000    0.0000      0.0000  u
UART_RX_CLK__L3_N0          1.08    0.478    0.000    0.0000      0.0000  u
UART_RX_CLK__L3_N1          1.08    0.414    0.000    0.0000      0.0000  u
UART_RX_CLK_div             1.08    0.035    0.000    0.0000      0.0000  u
UART_RX_CLK_div__L1_N0      1.08    0.034    0.000    0.0000      0.0000  u
UART_TX_Busy_PULSE          1.08    0.033    0.000    0.0000      0.0000  u
UART_TX_CLK__L1_N0          1.08    0.054    0.000    0.0000      0.0000  u
UART_TX_CLK__L2_N0          1.08    0.133    0.000    0.0000      0.0000  u
UART_TX_CLK__L3_N0          1.08    0.541    0.000    0.0000      0.0000  u
UART_TX_CLK__L3_N1          1.08    0.510    0.000    0.0000      0.0000  u
UART_TX_CLK_div             1.08    0.034    0.000    0.0000      0.0000  u
UART_TX_IN_0_               1.08    0.095    0.000    0.0000      0.0000  u
UART_TX_IN_1_               1.08    0.095    0.000    0.0000      0.0000  u
UART_TX_IN_2_               1.08    0.095    0.000    0.0000      0.0000  u
UART_TX_IN_3_               1.08    0.095    0.000    0.0000      0.0000  u
UART_TX_IN_4_               1.08    0.095    0.000    0.0000      0.0000  u
UART_TX_IN_5_               1.08    0.095    0.000    0.0000      0.0000  u
UART_TX_IN_7_               1.08    0.095    0.000    0.0000      0.0000  u
UART_TX_SYNC[0]             1.08    0.065    0.000    0.0000      0.0000  u
UART_TX_SYNC[1]             1.08    0.065    0.000    0.0000      0.0000  u
UART_TX_SYNC[2]             1.08    0.065    0.000    0.0000      0.0000  u
UART_TX_SYNC[3]             1.08    0.065    0.000    0.0000      0.0000  u
UART_TX_SYNC[4]             1.08    0.065    0.000    0.0000      0.0000  u
UART_TX_SYNC[5]             1.08    0.065    0.000    0.0000      0.0000  u
UART_TX_SYNC[6]             1.08    0.065    0.000    0.0000      0.0000  u
UART_TX_SYNC[7]             1.08    0.064    0.000    0.0000      0.0000  u
UART_TX_V_SYNC              1.08    0.096    0.000    0.0000      0.0000  u
framing_error               1.08    0.130    0.000    0.0000      0.0000  a
n2                          1.08    0.033    0.000    0.0000      0.0000  u
n10                         1.08    0.095    0.000    0.0000      0.0000  u
n11                         1.08    0.160    0.000    0.0000      0.0000  u
n13                         1.08    0.094    0.000    0.0000      0.0000  u
n14                         1.08    0.095    0.000    0.0000      0.0000  u
n15                         1.08    0.095    0.000    0.0000      0.0000  u
n17                         1.08    0.095    0.000    0.0000      0.0000  u
n20                         1.08    0.094    0.000    0.0000      0.0000  u
n21                         1.08    0.097    0.000    0.0000      0.0000  u
n25                         1.08    0.063    0.000    0.0000      0.0000  u
n26                         1.08    0.031    0.000    0.0000      0.0000  u
n27                         1.08    0.063    0.000    0.0000      0.0000  u
n28                         1.08    0.063    0.000    0.0000      0.0000  u
n29                         1.08    0.063    0.000    0.0000      0.0000  u
n30                         1.08    0.063    0.000    0.0000      0.0000  u
n31                         1.08    0.063    0.000    0.0000      0.0000  u
n32                         1.08    0.063    0.000    0.0000      0.0000  u
parity_error                1.08    0.226    0.000    0.0000      0.0000  a
scan_clk__L1_N0             1.08    0.119    0.000    0.0000      0.0000  u
scan_clk__L2_N0             1.08    0.033    0.000    0.0000      0.0000  u
scan_clk__L2_N1             1.08    0.038    0.000    0.0000      0.0000  u
scan_clk__L2_N2             1.08    0.038    0.000    0.0000      0.0000  u
scan_clk__L3_N0             1.08    0.038    0.000    0.0000      0.0000  u
scan_clk__L3_N1             1.08    0.038    0.000    0.0000      0.0000  u
scan_clk__L4_N0             1.08    0.038    0.000    0.0000      0.0000  u
scan_clk__L4_N1             1.08    0.038    0.000    0.0000      0.0000  u
scan_clk__L5_N0             1.08    0.038    0.000    0.0000      0.0000  u
scan_clk__L5_N1             1.08    0.038    0.000    0.0000      0.0000  u
scan_clk__L6_N0             1.08    0.038    0.000    0.0000      0.0000  u
scan_clk__L6_N1             1.08    0.038    0.000    0.0000      0.0000  u
scan_clk__L7_N0             1.08    0.038    0.000    0.0000      0.0000  u
scan_clk__L7_N1             1.08    0.038    0.000    0.0000      0.0000  u
scan_clk__L8_N0             1.08    0.037    0.000    0.0000      0.0000  u
scan_clk__L8_N1             1.08    0.038    0.000    0.0000      0.0000  u
scan_clk__L9_N0             1.08    0.033    0.000    0.0000      0.0000  u
scan_clk__L9_N1             1.08    0.038    0.000    0.0000      0.0000  u
scan_clk__L10_N0            1.08    0.038    0.000    0.0000      0.0000  u
scan_clk__L11_N0            1.08    0.037    0.000    0.0000      0.0000  u
scan_clk__L12_N0            1.08    0.067    0.000    0.0000      0.0000  u
--------------------------------------------------------------------------------
Total (248 nets)                                               4.240e-07 Watt



  Attributes
  ----------
      a  -  Annotated internal | leakage | switching power 
      b  -  Black-box (unresolved) cell
      c  -  Clock pin internal power only
      d  -  Does not include clock pin internal power
      h  -  Hierarchical cell

                        Internal  Switching  Leakage    Total
Cell                    Power     Power      Power      Power   (     %)  Attrs
--------------------------------------------------------------------------------
U0_ClkDiv               6.526e-07 2.291e-06 6.802e-07 3.624e-06 (13.75%)  h
U0_CLK_GATE             2.172e-07 2.109e-07 3.529e-08 4.634e-07 ( 1.76%)  h
U_RX_CLK_MUX            1.256e-07 1.796e-07 1.687e-08 3.221e-07 ( 1.22%)  h
U0_UART                 5.532e-09 1.890e-08 2.270e-06 2.295e-06 ( 8.70%)  h
U_TX_CLK_MUX            3.913e-09 5.286e-09 1.687e-08 2.607e-08 ( 0.10%)  h
U0_ref_sync             1.135e-09 3.889e-09 2.691e-07 2.742e-07 ( 1.04%)  h
U0_SYS_CTRL             4.075e-10 1.622e-09 1.968e-06 1.970e-06 ( 7.47%)  h
U0_ALU                  4.145e-10 6.873e-10 6.086e-06 6.087e-06 (23.09%)  h
U0_RegFile              -5.553e-10
                                  1.576e-09 4.362e-06 4.364e-06 (16.55%)  h
U2_mux2X1               -5.478e-10
                                  1.136e-09 2.884e-08 2.943e-08 ( 0.11%)  h
U3_mux2X1               -1.365e-10
                                  2.848e-10 2.083e-08 2.098e-08 ( 0.08%)  h
U0_PULSE_GEN            6.488e-11    0.0000 3.518e-08 3.524e-08 ( 0.13%)  h
U1_ClkDiv               -4.457e-12
                                  1.772e-11 6.719e-07 6.719e-07 ( 2.55%)  h
U0_UART_FIFO            1.297e-11    0.0000 2.972e-06 2.972e-06 (11.28%)  h
U1_RST_SYNC             8.533e-13    0.0000 3.484e-08 3.484e-08 ( 0.13%)  h
U0_RST_SYNC             7.647e-13    0.0000 3.465e-08 3.465e-08 ( 0.13%)  h
ALU_CLK__L1_I0             0.0000    0.0000 7.172e-09 7.172e-09 ( 0.03%)  
ALU_CLK__L2_I0             0.0000    0.0000 2.360e-08 2.360e-08 ( 0.09%)  
ALU_CLK__L3_I0             0.0000    0.0000 2.513e-08 2.513e-08 ( 0.10%)  
CLK_A__L1_I0               0.0000    0.0000 7.318e-09 7.318e-09 ( 0.03%)  
CLK_A__L2_I0               0.0000    0.0000 2.833e-08 2.833e-08 ( 0.11%)  
CLK_A__L2_I1               0.0000    0.0000 7.318e-09 7.318e-09 ( 0.03%)  
CLK_A__L3_I0               0.0000    0.0000 5.801e-08 5.801e-08 ( 0.22%)  
CLK_A__L4_I0               0.0000    0.0000 5.801e-08 5.801e-08 ( 0.22%)  
CLK_A__L4_I1               0.0000    0.0000 5.801e-08 5.801e-08 ( 0.22%)  
CLK_A__L5_I0               0.0000    0.0000 5.801e-08 5.801e-08 ( 0.22%)  
CLK_A__L5_I1               0.0000    0.0000 5.801e-08 5.801e-08 ( 0.22%)  
CLK_A__L6_I0               0.0000    0.0000 5.801e-08 5.801e-08 ( 0.22%)  
CLK_A__L6_I1               0.0000    0.0000 5.801e-08 5.801e-08 ( 0.22%)  
CLK_A__L6_I2               0.0000    0.0000 5.801e-08 5.801e-08 ( 0.22%)  
CLK_A__L6_I3               0.0000    0.0000 5.801e-08 5.801e-08 ( 0.22%)  
CLK_A__L6_I4               0.0000    0.0000 5.801e-08 5.801e-08 ( 0.22%)  
CLK_A__L6_I5               0.0000    0.0000 5.801e-08 5.801e-08 ( 0.22%)  
CLK_A__L7_I0               0.0000    0.0000 3.197e-08 3.197e-08 ( 0.12%)  
CLK_A__L7_I1               0.0000    0.0000 3.197e-08 3.197e-08 ( 0.12%)  
CLK_A__L7_I2               0.0000    0.0000 3.197e-08 3.197e-08 ( 0.12%)  
CLK_A__L7_I3               0.0000    0.0000 3.197e-08 3.197e-08 ( 0.12%)  
CLK_A__L7_I4               0.0000    0.0000 3.197e-08 3.197e-08 ( 0.12%)  
CLK_A__L7_I5               0.0000    0.0000 3.197e-08 3.197e-08 ( 0.12%)  
CLK_A__L7_I6               0.0000    0.0000 3.197e-08 3.197e-08 ( 0.12%)  
CLK_A__L7_I7               0.0000    0.0000 3.197e-08 3.197e-08 ( 0.12%)  
CLK_A__L7_I8               0.0000    0.0000 3.197e-08 3.197e-08 ( 0.12%)  
CLK_A__L7_I9               0.0000    0.0000 3.197e-08 3.197e-08 ( 0.12%)  
CLK_A__L7_I10              0.0000    0.0000 3.197e-08 3.197e-08 ( 0.12%)  
CLK_A__L7_I11              0.0000    0.0000 3.197e-08 3.197e-08 ( 0.12%)  
CLK_A__L7_I12              0.0000    0.0000 3.197e-08 3.197e-08 ( 0.12%)  
CLK_A__L7_I13              0.0000    0.0000 3.197e-08 3.197e-08 ( 0.12%)  
CLK_A__L7_I14              0.0000    0.0000 3.197e-08 3.197e-08 ( 0.12%)  
CLK_A__L7_I15              0.0000    0.0000 3.197e-08 3.197e-08 ( 0.12%)  
CLK_A__L7_I16              0.0000    0.0000 3.197e-08 3.197e-08 ( 0.12%)  
CLK_A__L7_I17              0.0000    0.0000 3.197e-08 3.197e-08 ( 0.12%)  
CLK_B__L1_I0               0.0000    0.0000 3.265e-08 3.265e-08 ( 0.12%)  
CLK_B__L2_I0               0.0000    0.0000 5.801e-08 5.801e-08 ( 0.22%)  
CLK_B__L3_I0               0.0000    0.0000 3.197e-08 3.197e-08 ( 0.12%)  
CLK_B__L3_I1               0.0000    0.0000 3.197e-08 3.197e-08 ( 0.12%)  
CLK_B__L3_I2               0.0000    0.0000 2.445e-08 2.445e-08 ( 0.09%)  
CLK_B__L4_I0               0.0000    0.0000 2.445e-08 2.445e-08 ( 0.09%)  
CLK_B__L5_I0               0.0000    0.0000 3.197e-08 3.197e-08 ( 0.12%)  
CLK_B__L5_I1               0.0000    0.0000 2.445e-08 2.445e-08 ( 0.09%)  
CLK_B__L6_I0               0.0000    0.0000 5.801e-08 5.801e-08 ( 0.22%)  
CLK_B__L6_I1               0.0000    0.0000 2.445e-08 2.445e-08 ( 0.09%)  
CLK_B__L7_I0               0.0000    0.0000 3.197e-08 3.197e-08 ( 0.12%)  
CLK_B__L7_I1               0.0000    0.0000 3.197e-08 3.197e-08 ( 0.12%)  
CLK_B__L7_I2               0.0000    0.0000 2.445e-08 2.445e-08 ( 0.09%)  
CLK_B__L8_I0               0.0000    0.0000 2.445e-08 2.445e-08 ( 0.09%)  
CLK_B__L9_I0               0.0000    0.0000 4.256e-08 4.256e-08 ( 0.16%)  
CLK_B__L10_I0              0.0000    0.0000 4.256e-08 4.256e-08 ( 0.16%)  
CLK_B__L11_I0              0.0000    0.0000 5.801e-08 5.801e-08 ( 0.22%)  
CLK_B__L12_I0              0.0000    0.0000 2.513e-08 2.513e-08 ( 0.10%)  
CLK_B__L13_I0              0.0000    0.0000 3.197e-08 3.197e-08 ( 0.12%)  
CLK_B__L13_I1              0.0000    0.0000 3.197e-08 3.197e-08 ( 0.12%)  
FE_OFC1_SYNC_REF_RST       0.0000    0.0000 1.474e-08 1.474e-08 ( 0.06%)  
FE_OFC2_SYNC_REF_RST       0.0000    0.0000 1.343e-08 1.343e-08 ( 0.05%)  
FE_OFC5_SYNC_UART_RST      0.0000    0.0000 1.081e-08 1.081e-08 ( 0.04%)  
REF_CLK__L1_I0             0.0000    0.0000 4.309e-08 4.309e-08 ( 0.16%)  
REF_CLK__L2_I0             0.0000    0.0000 9.028e-09 9.028e-09 ( 0.03%)  
U0_CLKDIV_MUX              0.0000    0.0000 7.126e-08 7.126e-08 ( 0.27%)  h
U0_mux2X1                  0.0000    0.0000 1.687e-08 1.687e-08 ( 0.06%)  h
U1_mux2X1                  0.0000    0.0000 1.687e-08 1.687e-08 ( 0.06%)  h
U10                        0.0000    0.0000 3.158e-09 3.158e-09 ( 0.01%)  
U11                        0.0000    0.0000 8.055e-09 8.055e-09 ( 0.03%)  
U17                        0.0000    0.0000 4.407e-09 4.407e-09 ( 0.02%)  
U18                        0.0000    0.0000 6.931e-09 6.931e-09 ( 0.03%)  
U19                        0.0000    0.0000 6.931e-09 6.931e-09 ( 0.03%)  
U20                        0.0000    0.0000 6.931e-09 6.931e-09 ( 0.03%)  
U21                        0.0000    0.0000 6.931e-09 6.931e-09 ( 0.03%)  
U22                        0.0000    0.0000 6.931e-09 6.931e-09 ( 0.03%)  
U23                        0.0000    0.0000 6.931e-09 6.931e-09 ( 0.03%)  
U24                        0.0000    0.0000 6.931e-09 6.931e-09 ( 0.03%)  
U25                        0.0000    0.0000 6.931e-09 6.931e-09 ( 0.03%)  
UART_CLK__L1_I0            0.0000    0.0000 4.304e-08 4.304e-08 ( 0.16%)  
UART_CLK__L2_I0            0.0000    0.0000 9.028e-09 9.028e-09 ( 0.03%)  
UART_RX_CLK__L1_I0         0.0000    0.0000 3.912e-08 3.912e-08 ( 0.15%)  
UART_RX_CLK__L2_I0         0.0000    0.0000 5.801e-08 5.801e-08 ( 0.22%)  
UART_RX_CLK__L3_I0         0.0000    0.0000 3.197e-08 3.197e-08 ( 0.12%)  
UART_RX_CLK__L3_I1         0.0000    0.0000 3.197e-08 3.197e-08 ( 0.12%)  
UART_RX_CLK_div__L1_I0     0.0000    0.0000 1.468e-08 1.468e-08 ( 0.06%)  
UART_TX_CLK__L1_I0         0.0000    0.0000 3.356e-08 3.356e-08 ( 0.13%)  
UART_TX_CLK__L2_I0         0.0000    0.0000 2.964e-08 2.964e-08 ( 0.11%)  
UART_TX_CLK__L3_I0         0.0000    0.0000 3.197e-08 3.197e-08 ( 0.12%)  
UART_TX_CLK__L3_I1         0.0000    0.0000 3.197e-08 3.197e-08 ( 0.12%)  
scan_clk__L1_I0            0.0000    0.0000 5.801e-08 5.801e-08 ( 0.22%)  
scan_clk__L2_I0            0.0000    0.0000 7.318e-09 7.318e-09 ( 0.03%)  
scan_clk__L2_I1            0.0000    0.0000 2.445e-08 2.445e-08 ( 0.09%)  
scan_clk__L2_I2            0.0000    0.0000 4.256e-08 4.256e-08 ( 0.16%)  
scan_clk__L3_I0            0.0000    0.0000 2.445e-08 2.445e-08 ( 0.09%)  
scan_clk__L3_I1            0.0000    0.0000 2.445e-08 2.445e-08 ( 0.09%)  
scan_clk__L4_I0            0.0000    0.0000 2.445e-08 2.445e-08 ( 0.09%)  
scan_clk__L4_I1            0.0000    0.0000 2.445e-08 2.445e-08 ( 0.09%)  
scan_clk__L5_I0            0.0000    0.0000 2.445e-08 2.445e-08 ( 0.09%)  
scan_clk__L5_I1            0.0000    0.0000 2.445e-08 2.445e-08 ( 0.09%)  
scan_clk__L6_I0            0.0000    0.0000 2.445e-08 2.445e-08 ( 0.09%)  
scan_clk__L6_I1            0.0000    0.0000 2.445e-08 2.445e-08 ( 0.09%)  
scan_clk__L7_I0            0.0000    0.0000 2.445e-08 2.445e-08 ( 0.09%)  
scan_clk__L7_I1            0.0000    0.0000 2.445e-08 2.445e-08 ( 0.09%)  
scan_clk__L8_I0            0.0000    0.0000 2.445e-08 2.445e-08 ( 0.09%)  
scan_clk__L8_I1            0.0000    0.0000 2.445e-08 2.445e-08 ( 0.09%)  
scan_clk__L9_I0            0.0000    0.0000 7.318e-09 7.318e-09 ( 0.03%)  
scan_clk__L9_I1            0.0000    0.0000 2.445e-08 2.445e-08 ( 0.09%)  
scan_clk__L10_I0           0.0000    0.0000 2.445e-08 2.445e-08 ( 0.09%)  
scan_clk__L11_I0           0.0000    0.0000 2.445e-08 2.445e-08 ( 0.09%)  
scan_clk__L12_I0           0.0000    0.0000 7.318e-09 7.318e-09 ( 0.03%)  
--------------------------------------------------------------------------------
Totals (122 cells)      1.006e-06 2.715e-06 2.264e-05 2.636e-05 (100.0%)


  Attributes
  ----------
      a  -  Annotated internal | leakage | switching power 
      b  -  Black-box (unresolved) cell
      c  -  Clock pin internal power only
      d  -  Does not include clock pin internal power
      h  -  Hierarchical cell

                          Peak         Peak            Glitch    X-tran
Cell                      Power        Time            Power     Power    Attrs
--------------------------------------------------------------------------------
U0_ClkDiv               1.868e-04  214160-214170        0.0000    0.0000  h
U0_CLK_GATE             5.049e-06      20-30            0.0000    0.0000  h
U_RX_CLK_MUX            4.331e-06     270-280           0.0000    0.0000  h
U0_UART                 8.004e-05  132240-132250        0.0000    0.0000  h
U_TX_CLK_MUX            4.186e-06   10170-10180         0.0000    0.0000  h
U0_ref_sync             8.592e-05 1156850-1156860       0.0000    0.0000  h
U0_SYS_CTRL             5.924e-05 1451450-1451460       0.0000    0.0000  h
U0_ALU                  1.015e-04 1954950-1954960       0.0000    0.0000  h
U0_RegFile              1.174e-04 1451470-1451480       0.0000    0.0000  h
U2_mux2X1               1.263e-04    1050-1060          0.0000    0.0000  h
U3_mux2X1               3.184e-05    1490-1500          0.0000    0.0000  h
U0_PULSE_GEN            1.684e-06 1255800-1255810       0.0000    0.0000  h
U1_ClkDiv               3.518e-06    1490-1500          0.0000    0.0000  h
U0_UART_FIFO            5.002e-06    1050-1060          0.0000    0.0000  h
U1_RST_SYNC             2.168e-07    1010-1020          0.0000    0.0000  h
U0_RST_SYNC             1.975e-07    1010-1020          0.0000    0.0000  h
ALU_CLK__L1_I0          7.318e-09       0-10            0.0000    0.0000  
ALU_CLK__L2_I0          2.360e-08       0-10            0.0000    0.0000  
ALU_CLK__L3_I0          2.513e-08       0-10            0.0000    0.0000  
CLK_A__L1_I0            7.318e-09       0-10            0.0000    0.0000  
CLK_A__L2_I0            2.833e-08       0-10            0.0000    0.0000  
CLK_A__L2_I1            7.318e-09       0-10            0.0000    0.0000  
CLK_A__L3_I0            5.801e-08       0-10            0.0000    0.0000  
CLK_A__L4_I0            5.801e-08       0-10            0.0000    0.0000  
CLK_A__L4_I1            5.801e-08       0-10            0.0000    0.0000  
CLK_A__L5_I0            5.801e-08       0-10            0.0000    0.0000  
CLK_A__L5_I1            5.801e-08       0-10            0.0000    0.0000  
CLK_A__L6_I0            5.801e-08       0-10            0.0000    0.0000  
CLK_A__L6_I1            5.801e-08       0-10            0.0000    0.0000  
CLK_A__L6_I2            5.801e-08       0-10            0.0000    0.0000  
CLK_A__L6_I3            5.801e-08       0-10            0.0000    0.0000  
CLK_A__L6_I4            5.801e-08       0-10            0.0000    0.0000  
CLK_A__L6_I5            5.801e-08       0-10            0.0000    0.0000  
CLK_A__L7_I0            3.197e-08       0-10            0.0000    0.0000  
CLK_A__L7_I1            3.197e-08       0-10            0.0000    0.0000  
CLK_A__L7_I2            3.197e-08       0-10            0.0000    0.0000  
CLK_A__L7_I3            3.197e-08       0-10            0.0000    0.0000  
CLK_A__L7_I4            3.197e-08       0-10            0.0000    0.0000  
CLK_A__L7_I5            3.197e-08       0-10            0.0000    0.0000  
CLK_A__L7_I6            3.197e-08       0-10            0.0000    0.0000  
CLK_A__L7_I7            3.197e-08       0-10            0.0000    0.0000  
CLK_A__L7_I8            3.197e-08       0-10            0.0000    0.0000  
CLK_A__L7_I9            3.197e-08       0-10            0.0000    0.0000  
CLK_A__L7_I10           3.197e-08       0-10            0.0000    0.0000  
CLK_A__L7_I11           3.197e-08       0-10            0.0000    0.0000  
CLK_A__L7_I12           3.197e-08       0-10            0.0000    0.0000  
CLK_A__L7_I13           3.197e-08       0-10            0.0000    0.0000  
CLK_A__L7_I14           3.197e-08       0-10            0.0000    0.0000  
CLK_A__L7_I15           3.197e-08       0-10            0.0000    0.0000  
CLK_A__L7_I16           3.197e-08       0-10            0.0000    0.0000  
CLK_A__L7_I17           3.197e-08       0-10            0.0000    0.0000  
CLK_B__L1_I0            3.265e-08       0-10            0.0000    0.0000  
CLK_B__L2_I0            5.801e-08       0-10            0.0000    0.0000  
CLK_B__L3_I0            3.197e-08       0-10            0.0000    0.0000  
CLK_B__L3_I1            3.197e-08       0-10            0.0000    0.0000  
CLK_B__L3_I2            2.445e-08       0-10            0.0000    0.0000  
CLK_B__L4_I0            2.445e-08       0-10            0.0000    0.0000  
CLK_B__L5_I0            3.197e-08       0-10            0.0000    0.0000  
CLK_B__L5_I1            2.445e-08       0-10            0.0000    0.0000  
CLK_B__L6_I0            5.801e-08       0-10            0.0000    0.0000  
CLK_B__L6_I1            2.445e-08       0-10            0.0000    0.0000  
CLK_B__L7_I0            3.197e-08       0-10            0.0000    0.0000  
CLK_B__L7_I1            3.197e-08       0-10            0.0000    0.0000  
CLK_B__L7_I2            2.445e-08       0-10            0.0000    0.0000  
CLK_B__L8_I0            2.445e-08       0-10            0.0000    0.0000  
CLK_B__L9_I0            4.256e-08       0-10            0.0000    0.0000  
CLK_B__L10_I0           4.256e-08       0-10            0.0000    0.0000  
CLK_B__L11_I0           5.801e-08       0-10            0.0000    0.0000  
CLK_B__L12_I0           2.513e-08       0-10            0.0000    0.0000  
CLK_B__L13_I0           3.197e-08       0-10            0.0000    0.0000  
CLK_B__L13_I1           3.197e-08       0-10            0.0000    0.0000  
FE_OFC1_SYNC_REF_RST    1.474e-08    1060-1070          0.0000    0.0000  
FE_OFC2_SYNC_REF_RST    1.343e-08    1060-1070          0.0000    0.0000  
FE_OFC5_SYNC_UART_RST   1.081e-08    1500-1510          0.0000    0.0000  
REF_CLK__L1_I0          5.801e-08       0-10            0.0000    0.0000  
REF_CLK__L2_I0          9.028e-09       0-10            0.0000    0.0000  
U0_CLKDIV_MUX           7.126e-08       0-10            0.0000    0.0000  h
U0_mux2X1               1.687e-08       0-10            0.0000    0.0000  h
U1_mux2X1               1.687e-08       0-10            0.0000    0.0000  h
U10                     3.159e-09    1060-1070          0.0000    0.0000  
U11                     8.055e-09       0-10            0.0000    0.0000  
U17                     4.407e-09       0-10            0.0000    0.0000  
U18                     6.931e-09       0-10            0.0000    0.0000  
U19                     6.931e-09       0-10            0.0000    0.0000  
U20                     6.931e-09       0-10            0.0000    0.0000  
U21                     6.931e-09       0-10            0.0000    0.0000  
U22                     6.931e-09       0-10            0.0000    0.0000  
U23                     6.931e-09       0-10            0.0000    0.0000  
U24                     6.931e-09       0-10            0.0000    0.0000  
U25                     6.931e-09       0-10            0.0000    0.0000  
UART_CLK__L1_I0         5.801e-08       0-10            0.0000    0.0000  
UART_CLK__L2_I0         9.028e-09       0-10            0.0000    0.0000  
UART_RX_CLK__L1_I0      4.797e-08     140-150           0.0000    0.0000  
UART_RX_CLK__L2_I0      5.801e-08       0-10            0.0000    0.0000  
UART_RX_CLK__L3_I0      3.197e-08       0-10            0.0000    0.0000  
UART_RX_CLK__L3_I1      3.197e-08       0-10            0.0000    0.0000  
UART_RX_CLK_div__L1_I0  1.468e-08       0-10            0.0000    0.0000  
UART_TX_CLK__L1_I0      4.225e-08    5840-5850          0.0000    0.0000  
UART_TX_CLK__L2_I0      2.964e-08       0-10            0.0000    0.0000  
UART_TX_CLK__L3_I0      3.197e-08       0-10            0.0000    0.0000  
UART_TX_CLK__L3_I1      3.197e-08       0-10            0.0000    0.0000  
scan_clk__L1_I0         5.801e-08       0-10            0.0000    0.0000  
scan_clk__L2_I0         7.318e-09       0-10            0.0000    0.0000  
scan_clk__L2_I1         2.445e-08       0-10            0.0000    0.0000  
scan_clk__L2_I2         4.256e-08       0-10            0.0000    0.0000  
scan_clk__L3_I0         2.445e-08       0-10            0.0000    0.0000  
scan_clk__L3_I1         2.445e-08       0-10            0.0000    0.0000  
scan_clk__L4_I0         2.445e-08       0-10            0.0000    0.0000  
scan_clk__L4_I1         2.445e-08       0-10            0.0000    0.0000  
scan_clk__L5_I0         2.445e-08       0-10            0.0000    0.0000  
scan_clk__L5_I1         2.445e-08       0-10            0.0000    0.0000  
scan_clk__L6_I0         2.445e-08       0-10            0.0000    0.0000  
scan_clk__L6_I1         2.445e-08       0-10            0.0000    0.0000  
scan_clk__L7_I0         2.445e-08       0-10            0.0000    0.0000  
scan_clk__L7_I1         2.445e-08       0-10            0.0000    0.0000  
scan_clk__L8_I0         2.445e-08       0-10            0.0000    0.0000  
scan_clk__L8_I1         2.445e-08       0-10            0.0000    0.0000  
scan_clk__L9_I0         7.318e-09       0-10            0.0000    0.0000  
scan_clk__L9_I1         2.445e-08       0-10            0.0000    0.0000  
scan_clk__L10_I0        2.445e-08       0-10            0.0000    0.0000  
scan_clk__L11_I0        2.445e-08       0-10            0.0000    0.0000  
scan_clk__L12_I0        7.318e-09       0-10            0.0000    0.0000  
--------------------------------------------------------------------------------
Totals (122 cells)                                      0.0000    0.0000
1
