**************************************************
Report         : passing_points

Reference      : r:/WORK/SYS_TOP
Implementation : i:/WORK/SYS_TOP
Version        : L-2016.03-SP1
Date           : Thu Oct  8 17:40:12 2026
**************************************************

391 Passing compare points:

  Ref  LAT        r:/WORK/SYS_TOP/U0_CLK_GATE/U0_TLATNCAX12M
  Impl LAT        i:/WORK/SYS_TOP/U0_CLK_GATE/U0_TLATNCAX12M

  Ref  DFF        r:/WORK/SYS_TOP/U0_ALU/ALU_OUT_reg[0]
  Impl DFF        i:/WORK/SYS_TOP/U0_ALU/ALU_OUT_reg_0_

  Ref  DFF        r:/WORK/SYS_TOP/U0_ALU/ALU_OUT_reg[10]
  Impl DFF        i:/WORK/SYS_TOP/U0_ALU/ALU_OUT_reg_10_

  Ref  DFF        r:/WORK/SYS_TOP/U0_ALU/ALU_OUT_reg[11]
  Impl DFF        i:/WORK/SYS_TOP/U0_ALU/ALU_OUT_reg_11_

  Ref  DFF        r:/WORK/SYS_TOP/U0_ALU/ALU_OUT_reg[12]
  Impl DFF        i:/WORK/SYS_TOP/U0_ALU/ALU_OUT_reg_12_

  Ref  DFF        r:/WORK/SYS_TOP/U0_ALU/ALU_OUT_reg[13]
  Impl DFF        i:/WORK/SYS_TOP/U0_ALU/ALU_OUT_reg_13_

  Ref  DFF        r:/WORK/SYS_TOP/U0_ALU/ALU_OUT_reg[14]
  Impl DFF        i:/WORK/SYS_TOP/U0_ALU/ALU_OUT_reg_14_

  Ref  DFF        r:/WORK/SYS_TOP/U0_ALU/ALU_OUT_reg[15]
  Impl DFF        i:/WORK/SYS_TOP/U0_ALU/ALU_OUT_reg_15_

  Ref  DFF        r:/WORK/SYS_TOP/U0_ALU/ALU_OUT_reg[1]
  Impl DFF        i:/WORK/SYS_TOP/U0_ALU/ALU_OUT_reg_1_

  Ref  DFF        r:/WORK/SYS_TOP/U0_ALU/ALU_OUT_reg[2]
  Impl DFF        i:/WORK/SYS_TOP/U0_ALU/ALU_OUT_reg_2_

  Ref  DFF        r:/WORK/SYS_TOP/U0_ALU/ALU_OUT_reg[3]
  Impl DFF        i:/WORK/SYS_TOP/U0_ALU/ALU_OUT_reg_3_

  Ref  DFF        r:/WORK/SYS_TOP/U0_ALU/ALU_OUT_reg[4]
  Impl DFF        i:/WORK/SYS_TOP/U0_ALU/ALU_OUT_reg_4_

  Ref  DFF        r:/WORK/SYS_TOP/U0_ALU/ALU_OUT_reg[5]
  Impl DFF        i:/WORK/SYS_TOP/U0_ALU/ALU_OUT_reg_5_

  Ref  DFF        r:/WORK/SYS_TOP/U0_ALU/ALU_OUT_reg[6]
  Impl DFF        i:/WORK/SYS_TOP/U0_ALU/ALU_OUT_reg_6_

  Ref  DFF        r:/WORK/SYS_TOP/U0_ALU/ALU_OUT_reg[7]
  Impl DFF        i:/WORK/SYS_TOP/U0_ALU/ALU_OUT_reg_7_

  Ref  DFF        r:/WORK/SYS_TOP/U0_ALU/ALU_OUT_reg[8]
  Impl DFF        i:/WORK/SYS_TOP/U0_ALU/ALU_OUT_reg_8_

  Ref  DFF        r:/WORK/SYS_TOP/U0_ALU/ALU_OUT_reg[9]
  Impl DFF        i:/WORK/SYS_TOP/U0_ALU/ALU_OUT_reg_9_

  Ref  DFF        r:/WORK/SYS_TOP/U0_ALU/OUT_VALID_reg
  Impl DFF        i:/WORK/SYS_TOP/U0_ALU/OUT_VALID_reg

  Ref  DFF        r:/WORK/SYS_TOP/U0_ClkDiv/counter_reg[0]
  Impl DFF        i:/WORK/SYS_TOP/U0_ClkDiv/counter_reg_0_

  Ref  DFF        r:/WORK/SYS_TOP/U0_ClkDiv/counter_reg[1]
  Impl DFF        i:/WORK/SYS_TOP/U0_ClkDiv/counter_reg_1_

  Ref  DFF        r:/WORK/SYS_TOP/U0_ClkDiv/counter_reg[2]
  Impl DFF        i:/WORK/SYS_TOP/U0_ClkDiv/counter_reg_2_

  Ref  DFF        r:/WORK/SYS_TOP/U0_ClkDiv/counter_reg[3]
  Impl DFF        i:/WORK/SYS_TOP/U0_ClkDiv/counter_reg_3_

  Ref  DFF        r:/WORK/SYS_TOP/U0_ClkDiv/counter_reg[4]
  Impl DFF        i:/WORK/SYS_TOP/U0_ClkDiv/counter_reg_4_

  Ref  DFF        r:/WORK/SYS_TOP/U0_ClkDiv/counter_reg[5]
  Impl DFF        i:/WORK/SYS_TOP/U0_ClkDiv/counter_reg_5_

  Ref  DFF        r:/WORK/SYS_TOP/U0_ClkDiv/counter_reg[6]
  Impl DFF        i:/WORK/SYS_TOP/U0_ClkDiv/counter_reg_6_

  Ref  DFF        r:/WORK/SYS_TOP/U0_ClkDiv/counter_reg[7]
  Impl DFF        i:/WORK/SYS_TOP/U0_ClkDiv/counter_reg_7_

  Ref  DFF        r:/WORK/SYS_TOP/U0_ClkDiv/div_clk_reg
  Impl DFF        i:/WORK/SYS_TOP/U0_ClkDiv/div_clk_reg

  Ref  DFF        r:/WORK/SYS_TOP/U0_ClkDiv/flag_reg
  Impl DFF        i:/WORK/SYS_TOP/U0_ClkDiv/flag_reg

  Ref  DFF        r:/WORK/SYS_TOP/U0_PULSE_GEN/pls_flop_reg
  Impl DFF        i:/WORK/SYS_TOP/U0_PULSE_GEN/pls_flop_reg

  Ref  DFF        r:/WORK/SYS_TOP/U0_PULSE_GEN/rcv_flop_reg
  Impl DFF        i:/WORK/SYS_TOP/U0_PULSE_GEN/rcv_flop_reg

  Ref  DFF        r:/WORK/SYS_TOP/U0_RST_SYNC/sync_reg_reg[0]
  Impl DFF        i:/WORK/SYS_TOP/U0_RST_SYNC/sync_reg_reg_0_

  Ref  DFF        r:/WORK/SYS_TOP/U0_RST_SYNC/sync_reg_reg[1]
  Impl DFF        i:/WORK/SYS_TOP/U0_RST_SYNC/sync_reg_reg_1_

  Ref  DFF        r:/WORK/SYS_TOP/U0_RegFile/RdData_VLD_reg
  Impl DFF        i:/WORK/SYS_TOP/U0_RegFile/RdData_VLD_reg

  Ref  DFF        r:/WORK/SYS_TOP/U0_RegFile/RdData_reg[0]
  Impl DFF        i:/WORK/SYS_TOP/U0_RegFile/RdData_reg_0_

  Ref  DFF        r:/WORK/SYS_TOP/U0_RegFile/RdData_reg[1]
  Impl DFF        i:/WORK/SYS_TOP/U0_RegFile/RdData_reg_1_

  Ref  DFF        r:/WORK/SYS_TOP/U0_RegFile/RdData_reg[2]
  Impl DFF        i:/WORK/SYS_TOP/U0_RegFile/RdData_reg_2_

  Ref  DFF        r:/WORK/SYS_TOP/U0_RegFile/RdData_reg[3]
  Impl DFF        i:/WORK/SYS_TOP/U0_RegFile/RdData_reg_3_

  Ref  DFF        r:/WORK/SYS_TOP/U0_RegFile/RdData_reg[4]
  Impl DFF        i:/WORK/SYS_TOP/U0_RegFile/RdData_reg_4_

  Ref  DFF        r:/WORK/SYS_TOP/U0_RegFile/RdData_reg[5]
  Impl DFF        i:/WORK/SYS_TOP/U0_RegFile/RdData_reg_5_

  Ref  DFF        r:/WORK/SYS_TOP/U0_RegFile/RdData_reg[6]
  Impl DFF        i:/WORK/SYS_TOP/U0_RegFile/RdData_reg_6_

  Ref  DFF        r:/WORK/SYS_TOP/U0_RegFile/RdData_reg[7]
  Impl DFF        i:/WORK/SYS_TOP/U0_RegFile/RdData_reg_7_

  Ref  DFF        r:/WORK/SYS_TOP/U0_RegFile/regArr_reg[0][0]
  Impl DFF        i:/WORK/SYS_TOP/U0_RegFile/regArr_reg_0__0_

  Ref  DFF        r:/WORK/SYS_TOP/U0_RegFile/regArr_reg[0][1]
  Impl DFF        i:/WORK/SYS_TOP/U0_RegFile/regArr_reg_0__1_

  Ref  DFF        r:/WORK/SYS_TOP/U0_RegFile/regArr_reg[0][2]
  Impl DFF        i:/WORK/SYS_TOP/U0_RegFile/regArr_reg_0__2_

  Ref  DFF        r:/WORK/SYS_TOP/U0_RegFile/regArr_reg[0][3]
  Impl DFF        i:/WORK/SYS_TOP/U0_RegFile/regArr_reg_0__3_

  Ref  DFF        r:/WORK/SYS_TOP/U0_RegFile/regArr_reg[0][4]
  Impl DFF        i:/WORK/SYS_TOP/U0_RegFile/regArr_reg_0__4_

  Ref  DFF        r:/WORK/SYS_TOP/U0_RegFile/regArr_reg[0][5]
  Impl DFF        i:/WORK/SYS_TOP/U0_RegFile/regArr_reg_0__5_

  Ref  DFF        r:/WORK/SYS_TOP/U0_RegFile/regArr_reg[0][6]
  Impl DFF        i:/WORK/SYS_TOP/U0_RegFile/regArr_reg_0__6_

  Ref  DFF        r:/WORK/SYS_TOP/U0_RegFile/regArr_reg[0][7]
  Impl DFF        i:/WORK/SYS_TOP/U0_RegFile/regArr_reg_0__7_

  Ref  DFF        r:/WORK/SYS_TOP/U0_RegFile/regArr_reg[10][0]
  Impl DFF        i:/WORK/SYS_TOP/U0_RegFile/regArr_reg_10__0_

  Ref  DFF        r:/WORK/SYS_TOP/U0_RegFile/regArr_reg[10][1]
  Impl DFF        i:/WORK/SYS_TOP/U0_RegFile/regArr_reg_10__1_

  Ref  DFF        r:/WORK/SYS_TOP/U0_RegFile/regArr_reg[10][2]
  Impl DFF        i:/WORK/SYS_TOP/U0_RegFile/regArr_reg_10__2_

  Ref  DFF        r:/WORK/SYS_TOP/U0_RegFile/regArr_reg[10][3]
  Impl DFF        i:/WORK/SYS_TOP/U0_RegFile/regArr_reg_10__3_

  Ref  DFF        r:/WORK/SYS_TOP/U0_RegFile/regArr_reg[10][4]
  Impl DFF        i:/WORK/SYS_TOP/U0_RegFile/regArr_reg_10__4_

  Ref  DFF        r:/WORK/SYS_TOP/U0_RegFile/regArr_reg[10][5]
  Impl DFF        i:/WORK/SYS_TOP/U0_RegFile/regArr_reg_10__5_

  Ref  DFF        r:/WORK/SYS_TOP/U0_RegFile/regArr_reg[10][6]
  Impl DFF        i:/WORK/SYS_TOP/U0_RegFile/regArr_reg_10__6_

  Ref  DFF        r:/WORK/SYS_TOP/U0_RegFile/regArr_reg[10][7]
  Impl DFF        i:/WORK/SYS_TOP/U0_RegFile/regArr_reg_10__7_

  Ref  DFF        r:/WORK/SYS_TOP/U0_RegFile/regArr_reg[11][0]
  Impl DFF        i:/WORK/SYS_TOP/U0_RegFile/regArr_reg_11__0_

  Ref  DFF        r:/WORK/SYS_TOP/U0_RegFile/regArr_reg[11][1]
  Impl DFF        i:/WORK/SYS_TOP/U0_RegFile/regArr_reg_11__1_

  Ref  DFF        r:/WORK/SYS_TOP/U0_RegFile/regArr_reg[11][2]
  Impl DFF        i:/WORK/SYS_TOP/U0_RegFile/regArr_reg_11__2_

  Ref  DFF        r:/WORK/SYS_TOP/U0_RegFile/regArr_reg[11][3]
  Impl DFF        i:/WORK/SYS_TOP/U0_RegFile/regArr_reg_11__3_

  Ref  DFF        r:/WORK/SYS_TOP/U0_RegFile/regArr_reg[11][4]
  Impl DFF        i:/WORK/SYS_TOP/U0_RegFile/regArr_reg_11__4_

  Ref  DFF        r:/WORK/SYS_TOP/U0_RegFile/regArr_reg[11][5]
  Impl DFF        i:/WORK/SYS_TOP/U0_RegFile/regArr_reg_11__5_

  Ref  DFF        r:/WORK/SYS_TOP/U0_RegFile/regArr_reg[11][6]
  Impl DFF        i:/WORK/SYS_TOP/U0_RegFile/regArr_reg_11__6_

  Ref  DFF        r:/WORK/SYS_TOP/U0_RegFile/regArr_reg[11][7]
  Impl DFF        i:/WORK/SYS_TOP/U0_RegFile/regArr_reg_11__7_

  Ref  DFF        r:/WORK/SYS_TOP/U0_RegFile/regArr_reg[12][0]
  Impl DFF        i:/WORK/SYS_TOP/U0_RegFile/regArr_reg_12__0_

  Ref  DFF        r:/WORK/SYS_TOP/U0_RegFile/regArr_reg[12][1]
  Impl DFF        i:/WORK/SYS_TOP/U0_RegFile/regArr_reg_12__1_

  Ref  DFF        r:/WORK/SYS_TOP/U0_RegFile/regArr_reg[12][2]
  Impl DFF        i:/WORK/SYS_TOP/U0_RegFile/regArr_reg_12__2_

  Ref  DFF        r:/WORK/SYS_TOP/U0_RegFile/regArr_reg[12][3]
  Impl DFF        i:/WORK/SYS_TOP/U0_RegFile/regArr_reg_12__3_

  Ref  DFF        r:/WORK/SYS_TOP/U0_RegFile/regArr_reg[12][4]
  Impl DFF        i:/WORK/SYS_TOP/U0_RegFile/regArr_reg_12__4_

  Ref  DFF        r:/WORK/SYS_TOP/U0_RegFile/regArr_reg[12][5]
  Impl DFF        i:/WORK/SYS_TOP/U0_RegFile/regArr_reg_12__5_

  Ref  DFF        r:/WORK/SYS_TOP/U0_RegFile/regArr_reg[12][6]
  Impl DFF        i:/WORK/SYS_TOP/U0_RegFile/regArr_reg_12__6_

  Ref  DFF        r:/WORK/SYS_TOP/U0_RegFile/regArr_reg[12][7]
  Impl DFF        i:/WORK/SYS_TOP/U0_RegFile/regArr_reg_12__7_

  Ref  DFF        r:/WORK/SYS_TOP/U0_RegFile/regArr_reg[13][0]
  Impl DFF        i:/WORK/SYS_TOP/U0_RegFile/regArr_reg_13__0_

  Ref  DFF        r:/WORK/SYS_TOP/U0_RegFile/regArr_reg[13][1]
  Impl DFF        i:/WORK/SYS_TOP/U0_RegFile/regArr_reg_13__1_

  Ref  DFF        r:/WORK/SYS_TOP/U0_RegFile/regArr_reg[13][2]
  Impl DFF        i:/WORK/SYS_TOP/U0_RegFile/regArr_reg_13__2_

  Ref  DFF        r:/WORK/SYS_TOP/U0_RegFile/regArr_reg[13][3]
  Impl DFF        i:/WORK/SYS_TOP/U0_RegFile/regArr_reg_13__3_

  Ref  DFF        r:/WORK/SYS_TOP/U0_RegFile/regArr_reg[13][4]
  Impl DFF        i:/WORK/SYS_TOP/U0_RegFile/regArr_reg_13__4_

  Ref  DFF        r:/WORK/SYS_TOP/U0_RegFile/regArr_reg[13][5]
  Impl DFF        i:/WORK/SYS_TOP/U0_RegFile/regArr_reg_13__5_

  Ref  DFF        r:/WORK/SYS_TOP/U0_RegFile/regArr_reg[13][6]
  Impl DFF        i:/WORK/SYS_TOP/U0_RegFile/regArr_reg_13__6_

  Ref  DFF        r:/WORK/SYS_TOP/U0_RegFile/regArr_reg[13][7]
  Impl DFF        i:/WORK/SYS_TOP/U0_RegFile/regArr_reg_13__7_

  Ref  DFF        r:/WORK/SYS_TOP/U0_RegFile/regArr_reg[14][0]
  Impl DFF        i:/WORK/SYS_TOP/U0_RegFile/regArr_reg_14__0_

  Ref  DFF        r:/WORK/SYS_TOP/U0_RegFile/regArr_reg[14][1]
  Impl DFF        i:/WORK/SYS_TOP/U0_RegFile/regArr_reg_14__1_

  Ref  DFF        r:/WORK/SYS_TOP/U0_RegFile/regArr_reg[14][2]
  Impl DFF        i:/WORK/SYS_TOP/U0_RegFile/regArr_reg_14__2_

  Ref  DFF        r:/WORK/SYS_TOP/U0_RegFile/regArr_reg[14][3]
  Impl DFF        i:/WORK/SYS_TOP/U0_RegFile/regArr_reg_14__3_

  Ref  DFF        r:/WORK/SYS_TOP/U0_RegFile/regArr_reg[14][4]
  Impl DFF        i:/WORK/SYS_TOP/U0_RegFile/regArr_reg_14__4_

  Ref  DFF        r:/WORK/SYS_TOP/U0_RegFile/regArr_reg[14][5]
  Impl DFF        i:/WORK/SYS_TOP/U0_RegFile/regArr_reg_14__5_

  Ref  DFF        r:/WORK/SYS_TOP/U0_RegFile/regArr_reg[14][6]
  Impl DFF        i:/WORK/SYS_TOP/U0_RegFile/regArr_reg_14__6_

  Ref  DFF        r:/WORK/SYS_TOP/U0_RegFile/regArr_reg[14][7]
  Impl DFF        i:/WORK/SYS_TOP/U0_RegFile/regArr_reg_14__7_

  Ref  DFF        r:/WORK/SYS_TOP/U0_RegFile/regArr_reg[15][0]
  Impl DFF        i:/WORK/SYS_TOP/U0_RegFile/regArr_reg_15__0_

  Ref  DFF        r:/WORK/SYS_TOP/U0_RegFile/regArr_reg[15][1]
  Impl DFF        i:/WORK/SYS_TOP/U0_RegFile/regArr_reg_15__1_

  Ref  DFF        r:/WORK/SYS_TOP/U0_RegFile/regArr_reg[15][2]
  Impl DFF        i:/WORK/SYS_TOP/U0_RegFile/regArr_reg_15__2_

  Ref  DFF        r:/WORK/SYS_TOP/U0_RegFile/regArr_reg[15][3]
  Impl DFF        i:/WORK/SYS_TOP/U0_RegFile/regArr_reg_15__3_

  Ref  DFF        r:/WORK/SYS_TOP/U0_RegFile/regArr_reg[15][4]
  Impl DFF        i:/WORK/SYS_TOP/U0_RegFile/regArr_reg_15__4_

  Ref  DFF        r:/WORK/SYS_TOP/U0_RegFile/regArr_reg[15][5]
  Impl DFF        i:/WORK/SYS_TOP/U0_RegFile/regArr_reg_15__5_

  Ref  DFF        r:/WORK/SYS_TOP/U0_RegFile/regArr_reg[15][6]
  Impl DFF        i:/WORK/SYS_TOP/U0_RegFile/regArr_reg_15__6_

  Ref  DFF        r:/WORK/SYS_TOP/U0_RegFile/regArr_reg[15][7]
  Impl DFF        i:/WORK/SYS_TOP/U0_RegFile/regArr_reg_15__7_

  Ref  DFF        r:/WORK/SYS_TOP/U0_RegFile/regArr_reg[1][0]
  Impl DFF        i:/WORK/SYS_TOP/U0_RegFile/regArr_reg_1__0_

  Ref  DFF        r:/WORK/SYS_TOP/U0_RegFile/regArr_reg[1][1]
  Impl DFF        i:/WORK/SYS_TOP/U0_RegFile/regArr_reg_1__1_

  Ref  DFF        r:/WORK/SYS_TOP/U0_RegFile/regArr_reg[1][2]
  Impl DFF        i:/WORK/SYS_TOP/U0_RegFile/regArr_reg_1__2_

  Ref  DFF        r:/WORK/SYS_TOP/U0_RegFile/regArr_reg[1][3]
  Impl DFF        i:/WORK/SYS_TOP/U0_RegFile/regArr_reg_1__3_

  Ref  DFF        r:/WORK/SYS_TOP/U0_RegFile/regArr_reg[1][4]
  Impl DFF        i:/WORK/SYS_TOP/U0_RegFile/regArr_reg_1__4_

  Ref  DFF        r:/WORK/SYS_TOP/U0_RegFile/regArr_reg[1][5]
  Impl DFF        i:/WORK/SYS_TOP/U0_RegFile/regArr_reg_1__5_

  Ref  DFF        r:/WORK/SYS_TOP/U0_RegFile/regArr_reg[1][6]
  Impl DFF        i:/WORK/SYS_TOP/U0_RegFile/regArr_reg_1__6_

  Ref  DFF        r:/WORK/SYS_TOP/U0_RegFile/regArr_reg[1][7]
  Impl DFF        i:/WORK/SYS_TOP/U0_RegFile/regArr_reg_1__7_

  Ref  DFF        r:/WORK/SYS_TOP/U0_RegFile/regArr_reg[2][0]
  Impl DFF        i:/WORK/SYS_TOP/U0_RegFile/regArr_reg_2__0_

  Ref  DFF        r:/WORK/SYS_TOP/U0_RegFile/regArr_reg[2][1]
  Impl DFF        i:/WORK/SYS_TOP/U0_RegFile/regArr_reg_2__1_

  Ref  DFF        r:/WORK/SYS_TOP/U0_RegFile/regArr_reg[2][2]
  Impl DFF        i:/WORK/SYS_TOP/U0_RegFile/regArr_reg_2__2_

  Ref  DFF        r:/WORK/SYS_TOP/U0_RegFile/regArr_reg[2][3]
  Impl DFF        i:/WORK/SYS_TOP/U0_RegFile/regArr_reg_2__3_

  Ref  DFF        r:/WORK/SYS_TOP/U0_RegFile/regArr_reg[2][4]
  Impl DFF        i:/WORK/SYS_TOP/U0_RegFile/regArr_reg_2__4_

  Ref  DFF        r:/WORK/SYS_TOP/U0_RegFile/regArr_reg[2][5]
  Impl DFF        i:/WORK/SYS_TOP/U0_RegFile/regArr_reg_2__5_

  Ref  DFF        r:/WORK/SYS_TOP/U0_RegFile/regArr_reg[2][6]
  Impl DFF        i:/WORK/SYS_TOP/U0_RegFile/regArr_reg_2__6_

  Ref  DFF        r:/WORK/SYS_TOP/U0_RegFile/regArr_reg[2][7]
  Impl DFF        i:/WORK/SYS_TOP/U0_RegFile/regArr_reg_2__7_

  Ref  DFF        r:/WORK/SYS_TOP/U0_RegFile/regArr_reg[3][0]
  Impl DFF        i:/WORK/SYS_TOP/U0_RegFile/regArr_reg_3__0_

  Ref  DFF        r:/WORK/SYS_TOP/U0_RegFile/regArr_reg[3][1]
  Impl DFF        i:/WORK/SYS_TOP/U0_RegFile/regArr_reg_3__1_

  Ref  DFF        r:/WORK/SYS_TOP/U0_RegFile/regArr_reg[3][2]
  Impl DFF        i:/WORK/SYS_TOP/U0_RegFile/regArr_reg_3__2_

  Ref  DFF        r:/WORK/SYS_TOP/U0_RegFile/regArr_reg[3][3]
  Impl DFF        i:/WORK/SYS_TOP/U0_RegFile/regArr_reg_3__3_

  Ref  DFF        r:/WORK/SYS_TOP/U0_RegFile/regArr_reg[3][4]
  Impl DFF        i:/WORK/SYS_TOP/U0_RegFile/regArr_reg_3__4_

  Ref  DFF        r:/WORK/SYS_TOP/U0_RegFile/regArr_reg[3][5]
  Impl DFF        i:/WORK/SYS_TOP/U0_RegFile/regArr_reg_3__5_

  Ref  DFF        r:/WORK/SYS_TOP/U0_RegFile/regArr_reg[3][6]
  Impl DFF        i:/WORK/SYS_TOP/U0_RegFile/regArr_reg_3__6_

  Ref  DFF        r:/WORK/SYS_TOP/U0_RegFile/regArr_reg[3][7]
  Impl DFF        i:/WORK/SYS_TOP/U0_RegFile/regArr_reg_3__7_

  Ref  DFF        r:/WORK/SYS_TOP/U0_RegFile/regArr_reg[4][0]
  Impl DFF        i:/WORK/SYS_TOP/U0_RegFile/regArr_reg_4__0_

  Ref  DFF        r:/WORK/SYS_TOP/U0_RegFile/regArr_reg[4][1]
  Impl DFF        i:/WORK/SYS_TOP/U0_RegFile/regArr_reg_4__1_

  Ref  DFF        r:/WORK/SYS_TOP/U0_RegFile/regArr_reg[4][2]
  Impl DFF        i:/WORK/SYS_TOP/U0_RegFile/regArr_reg_4__2_

  Ref  DFF        r:/WORK/SYS_TOP/U0_RegFile/regArr_reg[4][3]
  Impl DFF        i:/WORK/SYS_TOP/U0_RegFile/regArr_reg_4__3_

  Ref  DFF        r:/WORK/SYS_TOP/U0_RegFile/regArr_reg[4][4]
  Impl DFF        i:/WORK/SYS_TOP/U0_RegFile/regArr_reg_4__4_

  Ref  DFF        r:/WORK/SYS_TOP/U0_RegFile/regArr_reg[4][5]
  Impl DFF        i:/WORK/SYS_TOP/U0_RegFile/regArr_reg_4__5_

  Ref  DFF        r:/WORK/SYS_TOP/U0_RegFile/regArr_reg[4][6]
  Impl DFF        i:/WORK/SYS_TOP/U0_RegFile/regArr_reg_4__6_

  Ref  DFF        r:/WORK/SYS_TOP/U0_RegFile/regArr_reg[4][7]
  Impl DFF        i:/WORK/SYS_TOP/U0_RegFile/regArr_reg_4__7_

  Ref  DFF        r:/WORK/SYS_TOP/U0_RegFile/regArr_reg[5][0]
  Impl DFF        i:/WORK/SYS_TOP/U0_RegFile/regArr_reg_5__0_

  Ref  DFF        r:/WORK/SYS_TOP/U0_RegFile/regArr_reg[5][1]
  Impl DFF        i:/WORK/SYS_TOP/U0_RegFile/regArr_reg_5__1_

  Ref  DFF        r:/WORK/SYS_TOP/U0_RegFile/regArr_reg[5][2]
  Impl DFF        i:/WORK/SYS_TOP/U0_RegFile/regArr_reg_5__2_

  Ref  DFF        r:/WORK/SYS_TOP/U0_RegFile/regArr_reg[5][3]
  Impl DFF        i:/WORK/SYS_TOP/U0_RegFile/regArr_reg_5__3_

  Ref  DFF        r:/WORK/SYS_TOP/U0_RegFile/regArr_reg[5][4]
  Impl DFF        i:/WORK/SYS_TOP/U0_RegFile/regArr_reg_5__4_

  Ref  DFF        r:/WORK/SYS_TOP/U0_RegFile/regArr_reg[5][5]
  Impl DFF        i:/WORK/SYS_TOP/U0_RegFile/regArr_reg_5__5_

  Ref  DFF        r:/WORK/SYS_TOP/U0_RegFile/regArr_reg[5][6]
  Impl DFF        i:/WORK/SYS_TOP/U0_RegFile/regArr_reg_5__6_

  Ref  DFF        r:/WORK/SYS_TOP/U0_RegFile/regArr_reg[5][7]
  Impl DFF        i:/WORK/SYS_TOP/U0_RegFile/regArr_reg_5__7_

  Ref  DFF        r:/WORK/SYS_TOP/U0_RegFile/regArr_reg[6][0]
  Impl DFF        i:/WORK/SYS_TOP/U0_RegFile/regArr_reg_6__0_

  Ref  DFF        r:/WORK/SYS_TOP/U0_RegFile/regArr_reg[6][1]
  Impl DFF        i:/WORK/SYS_TOP/U0_RegFile/regArr_reg_6__1_

  Ref  DFF        r:/WORK/SYS_TOP/U0_RegFile/regArr_reg[6][2]
  Impl DFF        i:/WORK/SYS_TOP/U0_RegFile/regArr_reg_6__2_

  Ref  DFF        r:/WORK/SYS_TOP/U0_RegFile/regArr_reg[6][3]
  Impl DFF        i:/WORK/SYS_TOP/U0_RegFile/regArr_reg_6__3_

  Ref  DFF        r:/WORK/SYS_TOP/U0_RegFile/regArr_reg[6][4]
  Impl DFF        i:/WORK/SYS_TOP/U0_RegFile/regArr_reg_6__4_

  Ref  DFF        r:/WORK/SYS_TOP/U0_RegFile/regArr_reg[6][5]
  Impl DFF        i:/WORK/SYS_TOP/U0_RegFile/regArr_reg_6__5_

  Ref  DFF        r:/WORK/SYS_TOP/U0_RegFile/regArr_reg[6][6]
  Impl DFF        i:/WORK/SYS_TOP/U0_RegFile/regArr_reg_6__6_

  Ref  DFF        r:/WORK/SYS_TOP/U0_RegFile/regArr_reg[6][7]
  Impl DFF        i:/WORK/SYS_TOP/U0_RegFile/regArr_reg_6__7_

  Ref  DFF        r:/WORK/SYS_TOP/U0_RegFile/regArr_reg[7][0]
  Impl DFF        i:/WORK/SYS_TOP/U0_RegFile/regArr_reg_7__0_

  Ref  DFF        r:/WORK/SYS_TOP/U0_RegFile/regArr_reg[7][1]
  Impl DFF        i:/WORK/SYS_TOP/U0_RegFile/regArr_reg_7__1_

  Ref  DFF        r:/WORK/SYS_TOP/U0_RegFile/regArr_reg[7][2]
  Impl DFF        i:/WORK/SYS_TOP/U0_RegFile/regArr_reg_7__2_

  Ref  DFF        r:/WORK/SYS_TOP/U0_RegFile/regArr_reg[7][3]
  Impl DFF        i:/WORK/SYS_TOP/U0_RegFile/regArr_reg_7__3_

  Ref  DFF        r:/WORK/SYS_TOP/U0_RegFile/regArr_reg[7][4]
  Impl DFF        i:/WORK/SYS_TOP/U0_RegFile/regArr_reg_7__4_

  Ref  DFF        r:/WORK/SYS_TOP/U0_RegFile/regArr_reg[7][5]
  Impl DFF        i:/WORK/SYS_TOP/U0_RegFile/regArr_reg_7__5_

  Ref  DFF        r:/WORK/SYS_TOP/U0_RegFile/regArr_reg[7][6]
  Impl DFF        i:/WORK/SYS_TOP/U0_RegFile/regArr_reg_7__6_

  Ref  DFF        r:/WORK/SYS_TOP/U0_RegFile/regArr_reg[7][7]
  Impl DFF        i:/WORK/SYS_TOP/U0_RegFile/regArr_reg_7__7_

  Ref  DFF        r:/WORK/SYS_TOP/U0_RegFile/regArr_reg[8][0]
  Impl DFF        i:/WORK/SYS_TOP/U0_RegFile/regArr_reg_8__0_

  Ref  DFF        r:/WORK/SYS_TOP/U0_RegFile/regArr_reg[8][1]
  Impl DFF        i:/WORK/SYS_TOP/U0_RegFile/regArr_reg_8__1_

  Ref  DFF        r:/WORK/SYS_TOP/U0_RegFile/regArr_reg[8][2]
  Impl DFF        i:/WORK/SYS_TOP/U0_RegFile/regArr_reg_8__2_

  Ref  DFF        r:/WORK/SYS_TOP/U0_RegFile/regArr_reg[8][3]
  Impl DFF        i:/WORK/SYS_TOP/U0_RegFile/regArr_reg_8__3_

  Ref  DFF        r:/WORK/SYS_TOP/U0_RegFile/regArr_reg[8][4]
  Impl DFF        i:/WORK/SYS_TOP/U0_RegFile/regArr_reg_8__4_

  Ref  DFF        r:/WORK/SYS_TOP/U0_RegFile/regArr_reg[8][5]
  Impl DFF        i:/WORK/SYS_TOP/U0_RegFile/regArr_reg_8__5_

  Ref  DFF        r:/WORK/SYS_TOP/U0_RegFile/regArr_reg[8][6]
  Impl DFF        i:/WORK/SYS_TOP/U0_RegFile/regArr_reg_8__6_

  Ref  DFF        r:/WORK/SYS_TOP/U0_RegFile/regArr_reg[8][7]
  Impl DFF        i:/WORK/SYS_TOP/U0_RegFile/regArr_reg_8__7_

  Ref  DFF        r:/WORK/SYS_TOP/U0_RegFile/regArr_reg[9][0]
  Impl DFF        i:/WORK/SYS_TOP/U0_RegFile/regArr_reg_9__0_

  Ref  DFF        r:/WORK/SYS_TOP/U0_RegFile/regArr_reg[9][1]
  Impl DFF        i:/WORK/SYS_TOP/U0_RegFile/regArr_reg_9__1_

  Ref  DFF        r:/WORK/SYS_TOP/U0_RegFile/regArr_reg[9][2]
  Impl DFF        i:/WORK/SYS_TOP/U0_RegFile/regArr_reg_9__2_

  Ref  DFF        r:/WORK/SYS_TOP/U0_RegFile/regArr_reg[9][3]
  Impl DFF        i:/WORK/SYS_TOP/U0_RegFile/regArr_reg_9__3_

  Ref  DFF        r:/WORK/SYS_TOP/U0_RegFile/regArr_reg[9][4]
  Impl DFF        i:/WORK/SYS_TOP/U0_RegFile/regArr_reg_9__4_

  Ref  DFF        r:/WORK/SYS_TOP/U0_RegFile/regArr_reg[9][5]
  Impl DFF        i:/WORK/SYS_TOP/U0_RegFile/regArr_reg_9__5_

  Ref  DFF        r:/WORK/SYS_TOP/U0_RegFile/regArr_reg[9][6]
  Impl DFF        i:/WORK/SYS_TOP/U0_RegFile/regArr_reg_9__6_

  Ref  DFF        r:/WORK/SYS_TOP/U0_RegFile/regArr_reg[9][7]
  Impl DFF        i:/WORK/SYS_TOP/U0_RegFile/regArr_reg_9__7_

  Ref  DFF        r:/WORK/SYS_TOP/U0_SYS_CTRL/ALU_EN_reg
  Impl DFF        i:/WORK/SYS_TOP/U0_SYS_CTRL/ALU_EN_reg

  Ref  DFF        r:/WORK/SYS_TOP/U0_SYS_CTRL/ALU_FUN_reg[0]
  Impl DFF        i:/WORK/SYS_TOP/U0_SYS_CTRL/ALU_FUN_reg_0_

  Ref  DFF        r:/WORK/SYS_TOP/U0_SYS_CTRL/ALU_FUN_reg[1]
  Impl DFF        i:/WORK/SYS_TOP/U0_SYS_CTRL/ALU_FUN_reg_1_

  Ref  DFF        r:/WORK/SYS_TOP/U0_SYS_CTRL/ALU_FUN_reg[2]
  Impl DFF        i:/WORK/SYS_TOP/U0_SYS_CTRL/ALU_FUN_reg_2_

  Ref  DFF        r:/WORK/SYS_TOP/U0_SYS_CTRL/ALU_FUN_reg[3]
  Impl DFF        i:/WORK/SYS_TOP/U0_SYS_CTRL/ALU_FUN_reg_3_

  Ref  DFF        r:/WORK/SYS_TOP/U0_SYS_CTRL/RF_Address_reg[0]
  Impl DFF        i:/WORK/SYS_TOP/U0_SYS_CTRL/RF_Address_reg_0_

  Ref  DFF        r:/WORK/SYS_TOP/U0_SYS_CTRL/RF_Address_reg[1]
  Impl DFF        i:/WORK/SYS_TOP/U0_SYS_CTRL/RF_Address_reg_1_

  Ref  DFF        r:/WORK/SYS_TOP/U0_SYS_CTRL/RF_Address_reg[2]
  Impl DFF        i:/WORK/SYS_TOP/U0_SYS_CTRL/RF_Address_reg_2_

  Ref  DFF        r:/WORK/SYS_TOP/U0_SYS_CTRL/RF_Address_reg[3]
  Impl DFF        i:/WORK/SYS_TOP/U0_SYS_CTRL/RF_Address_reg_3_

  Ref  DFF        r:/WORK/SYS_TOP/U0_SYS_CTRL/RF_RdEn_reg
  Impl DFF        i:/WORK/SYS_TOP/U0_SYS_CTRL/RF_RdEn_reg

  Ref  DFF        r:/WORK/SYS_TOP/U0_SYS_CTRL/RF_WrData_reg[0]
  Impl DFF        i:/WORK/SYS_TOP/U0_SYS_CTRL/RF_WrData_reg_0_

  Ref  DFF        r:/WORK/SYS_TOP/U0_SYS_CTRL/RF_WrData_reg[1]
  Impl DFF        i:/WORK/SYS_TOP/U0_SYS_CTRL/RF_WrData_reg_1_

  Ref  DFF        r:/WORK/SYS_TOP/U0_SYS_CTRL/RF_WrData_reg[2]
  Impl DFF        i:/WORK/SYS_TOP/U0_SYS_CTRL/RF_WrData_reg_2_

  Ref  DFF        r:/WORK/SYS_TOP/U0_SYS_CTRL/RF_WrData_reg[3]
  Impl DFF        i:/WORK/SYS_TOP/U0_SYS_CTRL/RF_WrData_reg_3_

  Ref  DFF        r:/WORK/SYS_TOP/U0_SYS_CTRL/RF_WrData_reg[4]
  Impl DFF        i:/WORK/SYS_TOP/U0_SYS_CTRL/RF_WrData_reg_4_

  Ref  DFF        r:/WORK/SYS_TOP/U0_SYS_CTRL/RF_WrData_reg[5]
  Impl DFF        i:/WORK/SYS_TOP/U0_SYS_CTRL/RF_WrData_reg_5_

  Ref  DFF        r:/WORK/SYS_TOP/U0_SYS_CTRL/RF_WrData_reg[6]
  Impl DFF        i:/WORK/SYS_TOP/U0_SYS_CTRL/RF_WrData_reg_6_

  Ref  DFF        r:/WORK/SYS_TOP/U0_SYS_CTRL/RF_WrData_reg[7]
  Impl DFF        i:/WORK/SYS_TOP/U0_SYS_CTRL/RF_WrData_reg_7_

  Ref  DFF        r:/WORK/SYS_TOP/U0_SYS_CTRL/RF_WrEn_reg
  Impl DFF        i:/WORK/SYS_TOP/U0_SYS_CTRL/RF_WrEn_reg

  Ref  DFF        r:/WORK/SYS_TOP/U0_SYS_CTRL/UART_TX_DATA_reg[0]
  Impl DFF        i:/WORK/SYS_TOP/U0_SYS_CTRL/UART_TX_DATA_reg_0_

  Ref  DFF        r:/WORK/SYS_TOP/U0_SYS_CTRL/UART_TX_DATA_reg[1]
  Impl DFF        i:/WORK/SYS_TOP/U0_SYS_CTRL/UART_TX_DATA_reg_1_

  Ref  DFF        r:/WORK/SYS_TOP/U0_SYS_CTRL/UART_TX_DATA_reg[2]
  Impl DFF        i:/WORK/SYS_TOP/U0_SYS_CTRL/UART_TX_DATA_reg_2_

  Ref  DFF        r:/WORK/SYS_TOP/U0_SYS_CTRL/UART_TX_DATA_reg[3]
  Impl DFF        i:/WORK/SYS_TOP/U0_SYS_CTRL/UART_TX_DATA_reg_3_

  Ref  DFF        r:/WORK/SYS_TOP/U0_SYS_CTRL/UART_TX_DATA_reg[4]
  Impl DFF        i:/WORK/SYS_TOP/U0_SYS_CTRL/UART_TX_DATA_reg_4_

  Ref  DFF        r:/WORK/SYS_TOP/U0_SYS_CTRL/UART_TX_DATA_reg[5]
  Impl DFF        i:/WORK/SYS_TOP/U0_SYS_CTRL/UART_TX_DATA_reg_5_

  Ref  DFF        r:/WORK/SYS_TOP/U0_SYS_CTRL/UART_TX_DATA_reg[6]
  Impl DFF        i:/WORK/SYS_TOP/U0_SYS_CTRL/UART_TX_DATA_reg_6_

  Ref  DFF        r:/WORK/SYS_TOP/U0_SYS_CTRL/UART_TX_DATA_reg[7]
  Impl DFF        i:/WORK/SYS_TOP/U0_SYS_CTRL/UART_TX_DATA_reg_7_

  Ref  DFF        r:/WORK/SYS_TOP/U0_SYS_CTRL/UART_TX_VLD_reg
  Impl DFF        i:/WORK/SYS_TOP/U0_SYS_CTRL/UART_TX_VLD_reg

  Ref  DFF        r:/WORK/SYS_TOP/U0_SYS_CTRL/alu_out_reg_reg[0]
  Impl DFF        i:/WORK/SYS_TOP/U0_SYS_CTRL/alu_out_reg_reg_0_

  Ref  DFF        r:/WORK/SYS_TOP/U0_SYS_CTRL/alu_out_reg_reg[10]
  Impl DFF        i:/WORK/SYS_TOP/U0_SYS_CTRL/alu_out_reg_reg_10_

  Ref  DFF        r:/WORK/SYS_TOP/U0_SYS_CTRL/alu_out_reg_reg[11]
  Impl DFF        i:/WORK/SYS_TOP/U0_SYS_CTRL/alu_out_reg_reg_11_

  Ref  DFF        r:/WORK/SYS_TOP/U0_SYS_CTRL/alu_out_reg_reg[12]
  Impl DFF        i:/WORK/SYS_TOP/U0_SYS_CTRL/alu_out_reg_reg_12_

  Ref  DFF        r:/WORK/SYS_TOP/U0_SYS_CTRL/alu_out_reg_reg[13]
  Impl DFF        i:/WORK/SYS_TOP/U0_SYS_CTRL/alu_out_reg_reg_13_

  Ref  DFF        r:/WORK/SYS_TOP/U0_SYS_CTRL/alu_out_reg_reg[14]
  Impl DFF        i:/WORK/SYS_TOP/U0_SYS_CTRL/alu_out_reg_reg_14_

  Ref  DFF        r:/WORK/SYS_TOP/U0_SYS_CTRL/alu_out_reg_reg[15]
  Impl DFF        i:/WORK/SYS_TOP/U0_SYS_CTRL/alu_out_reg_reg_15_

  Ref  DFF        r:/WORK/SYS_TOP/U0_SYS_CTRL/alu_out_reg_reg[1]
  Impl DFF        i:/WORK/SYS_TOP/U0_SYS_CTRL/alu_out_reg_reg_1_

  Ref  DFF        r:/WORK/SYS_TOP/U0_SYS_CTRL/alu_out_reg_reg[2]
  Impl DFF        i:/WORK/SYS_TOP/U0_SYS_CTRL/alu_out_reg_reg_2_

  Ref  DFF        r:/WORK/SYS_TOP/U0_SYS_CTRL/alu_out_reg_reg[3]
  Impl DFF        i:/WORK/SYS_TOP/U0_SYS_CTRL/alu_out_reg_reg_3_

  Ref  DFF        r:/WORK/SYS_TOP/U0_SYS_CTRL/alu_out_reg_reg[4]
  Impl DFF        i:/WORK/SYS_TOP/U0_SYS_CTRL/alu_out_reg_reg_4_

  Ref  DFF        r:/WORK/SYS_TOP/U0_SYS_CTRL/alu_out_reg_reg[5]
  Impl DFF        i:/WORK/SYS_TOP/U0_SYS_CTRL/alu_out_reg_reg_5_

  Ref  DFF        r:/WORK/SYS_TOP/U0_SYS_CTRL/alu_out_reg_reg[6]
  Impl DFF        i:/WORK/SYS_TOP/U0_SYS_CTRL/alu_out_reg_reg_6_

  Ref  DFF        r:/WORK/SYS_TOP/U0_SYS_CTRL/alu_out_reg_reg[7]
  Impl DFF        i:/WORK/SYS_TOP/U0_SYS_CTRL/alu_out_reg_reg_7_

  Ref  DFF        r:/WORK/SYS_TOP/U0_SYS_CTRL/alu_out_reg_reg[8]
  Impl DFF        i:/WORK/SYS_TOP/U0_SYS_CTRL/alu_out_reg_reg_8_

  Ref  DFF        r:/WORK/SYS_TOP/U0_SYS_CTRL/alu_out_reg_reg[9]
  Impl DFF        i:/WORK/SYS_TOP/U0_SYS_CTRL/alu_out_reg_reg_9_

  Ref  DFF        r:/WORK/SYS_TOP/U0_SYS_CTRL/current_state_reg[0]
  Impl DFF        i:/WORK/SYS_TOP/U0_SYS_CTRL/current_state_reg_0_

  Ref  DFF        r:/WORK/SYS_TOP/U0_SYS_CTRL/current_state_reg[1]
  Impl DFF        i:/WORK/SYS_TOP/U0_SYS_CTRL/current_state_reg_1_

  Ref  DFF        r:/WORK/SYS_TOP/U0_SYS_CTRL/current_state_reg[2]
  Impl DFF        i:/WORK/SYS_TOP/U0_SYS_CTRL/current_state_reg_2_

  Ref  DFF        r:/WORK/SYS_TOP/U0_SYS_CTRL/current_state_reg[3]
  Impl DFF        i:/WORK/SYS_TOP/U0_SYS_CTRL/current_state_reg_3_

  Ref  DFF        r:/WORK/SYS_TOP/U0_SYS_CTRL/rd_data_reg_reg[0]
  Impl DFF        i:/WORK/SYS_TOP/U0_SYS_CTRL/rd_data_reg_reg_0_

  Ref  DFF        r:/WORK/SYS_TOP/U0_SYS_CTRL/rd_data_reg_reg[1]
  Impl DFF        i:/WORK/SYS_TOP/U0_SYS_CTRL/rd_data_reg_reg_1_

  Ref  DFF        r:/WORK/SYS_TOP/U0_SYS_CTRL/rd_data_reg_reg[2]
  Impl DFF        i:/WORK/SYS_TOP/U0_SYS_CTRL/rd_data_reg_reg_2_

  Ref  DFF        r:/WORK/SYS_TOP/U0_SYS_CTRL/rd_data_reg_reg[3]
  Impl DFF        i:/WORK/SYS_TOP/U0_SYS_CTRL/rd_data_reg_reg_3_

  Ref  DFF        r:/WORK/SYS_TOP/U0_SYS_CTRL/rd_data_reg_reg[4]
  Impl DFF        i:/WORK/SYS_TOP/U0_SYS_CTRL/rd_data_reg_reg_4_

  Ref  DFF        r:/WORK/SYS_TOP/U0_SYS_CTRL/rd_data_reg_reg[5]
  Impl DFF        i:/WORK/SYS_TOP/U0_SYS_CTRL/rd_data_reg_reg_5_

  Ref  DFF        r:/WORK/SYS_TOP/U0_SYS_CTRL/rd_data_reg_reg[6]
  Impl DFF        i:/WORK/SYS_TOP/U0_SYS_CTRL/rd_data_reg_reg_6_

  Ref  DFF        r:/WORK/SYS_TOP/U0_SYS_CTRL/rd_data_reg_reg[7]
  Impl DFF        i:/WORK/SYS_TOP/U0_SYS_CTRL/rd_data_reg_reg_7_

  Ref  DFF        r:/WORK/SYS_TOP/U0_UART/U0_UART_RX/U_FSM/current_state_reg[0]
  Impl DFF        i:/WORK/SYS_TOP/U0_UART/U0_UART_RX/U_FSM/current_state_reg_0_

  Ref  DFF        r:/WORK/SYS_TOP/U0_UART/U0_UART_RX/U_FSM/current_state_reg[1]
  Impl DFF        i:/WORK/SYS_TOP/U0_UART/U0_UART_RX/U_FSM/current_state_reg_1_

  Ref  DFF        r:/WORK/SYS_TOP/U0_UART/U0_UART_RX/U_FSM/current_state_reg[2]
  Impl DFF        i:/WORK/SYS_TOP/U0_UART/U0_UART_RX/U_FSM/current_state_reg_2_

  Ref  DFF        r:/WORK/SYS_TOP/U0_UART/U0_UART_RX/U_FSM/data_valid_reg
  Impl DFF        i:/WORK/SYS_TOP/U0_UART/U0_UART_RX/U_FSM/data_valid_reg

  Ref  DFF        r:/WORK/SYS_TOP/U0_UART/U0_UART_RX/U_Parity_Check/par_err_reg
  Impl DFF        i:/WORK/SYS_TOP/U0_UART/U0_UART_RX/U_Parity_Check/par_err_reg

  Ref  DFF        r:/WORK/SYS_TOP/U0_UART/U0_UART_RX/U_Start_Check/strt_glitch_reg
  Impl DFF        i:/WORK/SYS_TOP/U0_UART/U0_UART_RX/U_Start_Check/strt_glitch_reg

  Ref  DFF        r:/WORK/SYS_TOP/U0_UART/U0_UART_RX/U_Stop_Check/stp_err_reg
  Impl DFF        i:/WORK/SYS_TOP/U0_UART/U0_UART_RX/U_Stop_Check/stp_err_reg

  Ref  DFF        r:/WORK/SYS_TOP/U0_UART/U0_UART_RX/U_data_sampling/sampled_bit_reg
  Impl DFF        i:/WORK/SYS_TOP/U0_UART/U0_UART_RX/U_data_sampling/sampled_bit_reg

  Ref  DFF        r:/WORK/SYS_TOP/U0_UART/U0_UART_RX/U_data_sampling/samples_reg[0]
  Impl DFF        i:/WORK/SYS_TOP/U0_UART/U0_UART_RX/U_data_sampling/samples_reg_0_

  Ref  DFF        r:/WORK/SYS_TOP/U0_UART/U0_UART_RX/U_data_sampling/samples_reg[1]
  Impl DFF        i:/WORK/SYS_TOP/U0_UART/U0_UART_RX/U_data_sampling/samples_reg_1_

  Ref  DFF        r:/WORK/SYS_TOP/U0_UART/U0_UART_RX/U_deserializer/P_DATA_reg[0]
  Impl DFF        i:/WORK/SYS_TOP/U0_UART/U0_UART_RX/U_deserializer/P_DATA_reg_0_

  Ref  DFF        r:/WORK/SYS_TOP/U0_UART/U0_UART_RX/U_deserializer/P_DATA_reg[1]
  Impl DFF        i:/WORK/SYS_TOP/U0_UART/U0_UART_RX/U_deserializer/P_DATA_reg_1_

  Ref  DFF        r:/WORK/SYS_TOP/U0_UART/U0_UART_RX/U_deserializer/P_DATA_reg[2]
  Impl DFF        i:/WORK/SYS_TOP/U0_UART/U0_UART_RX/U_deserializer/P_DATA_reg_2_

  Ref  DFF        r:/WORK/SYS_TOP/U0_UART/U0_UART_RX/U_deserializer/P_DATA_reg[3]
  Impl DFF        i:/WORK/SYS_TOP/U0_UART/U0_UART_RX/U_deserializer/P_DATA_reg_3_

  Ref  DFF        r:/WORK/SYS_TOP/U0_UART/U0_UART_RX/U_deserializer/P_DATA_reg[4]
  Impl DFF        i:/WORK/SYS_TOP/U0_UART/U0_UART_RX/U_deserializer/P_DATA_reg_4_

  Ref  DFF        r:/WORK/SYS_TOP/U0_UART/U0_UART_RX/U_deserializer/P_DATA_reg[5]
  Impl DFF        i:/WORK/SYS_TOP/U0_UART/U0_UART_RX/U_deserializer/P_DATA_reg_5_

  Ref  DFF        r:/WORK/SYS_TOP/U0_UART/U0_UART_RX/U_deserializer/P_DATA_reg[6]
  Impl DFF        i:/WORK/SYS_TOP/U0_UART/U0_UART_RX/U_deserializer/P_DATA_reg_6_

  Ref  DFF        r:/WORK/SYS_TOP/U0_UART/U0_UART_RX/U_deserializer/P_DATA_reg[7]
  Impl DFF        i:/WORK/SYS_TOP/U0_UART/U0_UART_RX/U_deserializer/P_DATA_reg_7_

  Ref  DFF        r:/WORK/SYS_TOP/U0_UART/U0_UART_RX/U_edge_bit_counter/bit_cnt_reg[0]
  Impl DFF        i:/WORK/SYS_TOP/U0_UART/U0_UART_RX/U_edge_bit_counter/bit_cnt_reg_0_

  Ref  DFF        r:/WORK/SYS_TOP/U0_UART/U0_UART_RX/U_edge_bit_counter/bit_cnt_reg[1]
  Impl DFF        i:/WORK/SYS_TOP/U0_UART/U0_UART_RX/U_edge_bit_counter/bit_cnt_reg_1_

  Ref  DFF        r:/WORK/SYS_TOP/U0_UART/U0_UART_RX/U_edge_bit_counter/bit_cnt_reg[2]
  Impl DFF        i:/WORK/SYS_TOP/U0_UART/U0_UART_RX/U_edge_bit_counter/bit_cnt_reg_2_

  Ref  DFF        r:/WORK/SYS_TOP/U0_UART/U0_UART_RX/U_edge_bit_counter/bit_cnt_reg[3]
  Impl DFF        i:/WORK/SYS_TOP/U0_UART/U0_UART_RX/U_edge_bit_counter/bit_cnt_reg_3_

  Ref  DFF        r:/WORK/SYS_TOP/U0_UART/U0_UART_RX/U_edge_bit_counter/edge_cnt_reg[0]
  Impl DFF        i:/WORK/SYS_TOP/U0_UART/U0_UART_RX/U_edge_bit_counter/edge_cnt_reg_0_

  Ref  DFF        r:/WORK/SYS_TOP/U0_UART/U0_UART_RX/U_edge_bit_counter/edge_cnt_reg[1]
  Impl DFF        i:/WORK/SYS_TOP/U0_UART/U0_UART_RX/U_edge_bit_counter/edge_cnt_reg_1_

  Ref  DFF        r:/WORK/SYS_TOP/U0_UART/U0_UART_RX/U_edge_bit_counter/edge_cnt_reg[2]
  Impl DFF        i:/WORK/SYS_TOP/U0_UART/U0_UART_RX/U_edge_bit_counter/edge_cnt_reg_2_

  Ref  DFF        r:/WORK/SYS_TOP/U0_UART/U0_UART_RX/U_edge_bit_counter/edge_cnt_reg[3]
  Impl DFF        i:/WORK/SYS_TOP/U0_UART/U0_UART_RX/U_edge_bit_counter/edge_cnt_reg_3_

  Ref  DFF        r:/WORK/SYS_TOP/U0_UART/U0_UART_RX/U_edge_bit_counter/edge_cnt_reg[4]
  Impl DFF        i:/WORK/SYS_TOP/U0_UART/U0_UART_RX/U_edge_bit_counter/edge_cnt_reg_4_

  Ref  DFF        r:/WORK/SYS_TOP/U0_UART/U0_UART_RX/U_edge_bit_counter/edge_cnt_reg[5]
  Impl DFF        i:/WORK/SYS_TOP/U0_UART/U0_UART_RX/U_edge_bit_counter/edge_cnt_reg_5_

  Ref  DFF        r:/WORK/SYS_TOP/U0_UART/U0_UART_TX/U_FSM/current_state_reg[0]
  Impl DFF        i:/WORK/SYS_TOP/U0_UART/U0_UART_TX/U_FSM/current_state_reg_0_

  Ref  DFF        r:/WORK/SYS_TOP/U0_UART/U0_UART_TX/U_FSM/current_state_reg[1]
  Impl DFF        i:/WORK/SYS_TOP/U0_UART/U0_UART_TX/U_FSM/current_state_reg_1_

  Ref  DFF        r:/WORK/SYS_TOP/U0_UART/U0_UART_TX/U_FSM/current_state_reg[2]
  Impl DFF        i:/WORK/SYS_TOP/U0_UART/U0_UART_TX/U_FSM/current_state_reg_2_

  Ref  DFF        r:/WORK/SYS_TOP/U0_UART/U0_UART_TX/U_parity_calc/par_bit_reg
  Impl DFF        i:/WORK/SYS_TOP/U0_UART/U0_UART_TX/U_parity_calc/par_bit_reg

  Ref  DFF        r:/WORK/SYS_TOP/U0_UART/U0_UART_TX/U_serializer/count_reg[0]
  Impl DFF        i:/WORK/SYS_TOP/U0_UART/U0_UART_TX/U_serializer/count_reg_0_

  Ref  DFF        r:/WORK/SYS_TOP/U0_UART/U0_UART_TX/U_serializer/count_reg[1]
  Impl DFF        i:/WORK/SYS_TOP/U0_UART/U0_UART_TX/U_serializer/count_reg_1_

  Ref  DFF        r:/WORK/SYS_TOP/U0_UART/U0_UART_TX/U_serializer/count_reg[2]
  Impl DFF        i:/WORK/SYS_TOP/U0_UART/U0_UART_TX/U_serializer/count_reg_2_

  Ref  DFF        r:/WORK/SYS_TOP/U0_UART/U0_UART_TX/U_serializer/shift_data_reg[0]
  Impl DFF        i:/WORK/SYS_TOP/U0_UART/U0_UART_TX/U_serializer/shift_data_reg_0_

  Ref  DFF        r:/WORK/SYS_TOP/U0_UART/U0_UART_TX/U_serializer/shift_data_reg[1]
  Impl DFF        i:/WORK/SYS_TOP/U0_UART/U0_UART_TX/U_serializer/shift_data_reg_1_

  Ref  DFF        r:/WORK/SYS_TOP/U0_UART/U0_UART_TX/U_serializer/shift_data_reg[2]
  Impl DFF        i:/WORK/SYS_TOP/U0_UART/U0_UART_TX/U_serializer/shift_data_reg_2_

  Ref  DFF        r:/WORK/SYS_TOP/U0_UART/U0_UART_TX/U_serializer/shift_data_reg[3]
  Impl DFF        i:/WORK/SYS_TOP/U0_UART/U0_UART_TX/U_serializer/shift_data_reg_3_

  Ref  DFF        r:/WORK/SYS_TOP/U0_UART/U0_UART_TX/U_serializer/shift_data_reg[4]
  Impl DFF        i:/WORK/SYS_TOP/U0_UART/U0_UART_TX/U_serializer/shift_data_reg_4_

  Ref  DFF        r:/WORK/SYS_TOP/U0_UART/U0_UART_TX/U_serializer/shift_data_reg[5]
  Impl DFF        i:/WORK/SYS_TOP/U0_UART/U0_UART_TX/U_serializer/shift_data_reg_5_

  Ref  DFF        r:/WORK/SYS_TOP/U0_UART/U0_UART_TX/U_serializer/shift_data_reg[6]
  Impl DFF        i:/WORK/SYS_TOP/U0_UART/U0_UART_TX/U_serializer/shift_data_reg_6_

  Ref  DFF        r:/WORK/SYS_TOP/U0_UART/U0_UART_TX/U_serializer/shift_data_reg[7]
  Impl DFF        i:/WORK/SYS_TOP/U0_UART/U0_UART_TX/U_serializer/shift_data_reg_7_

  Ref  DFF        r:/WORK/SYS_TOP/U0_UART_FIFO/sync_r2w/sync_reg[0]
  Impl DFF        i:/WORK/SYS_TOP/U0_UART_FIFO/sync_r2w/sync_reg_0_

  Ref  DFF        r:/WORK/SYS_TOP/U0_UART_FIFO/sync_r2w/sync_reg[1]
  Impl DFF        i:/WORK/SYS_TOP/U0_UART_FIFO/sync_r2w/sync_reg_1_

  Ref  DFF        r:/WORK/SYS_TOP/U0_UART_FIFO/sync_r2w/sync_reg[2]
  Impl DFF        i:/WORK/SYS_TOP/U0_UART_FIFO/sync_r2w/sync_reg_2_

  Ref  DFF        r:/WORK/SYS_TOP/U0_UART_FIFO/sync_r2w/sync_reg[3]
  Impl DFF        i:/WORK/SYS_TOP/U0_UART_FIFO/sync_r2w/sync_reg_3_

  Ref  DFF        r:/WORK/SYS_TOP/U0_UART_FIFO/sync_r2w/sync_reg_reg[0]
  Impl DFF        i:/WORK/SYS_TOP/U0_UART_FIFO/sync_r2w/sync_reg_reg_0_

  Ref  DFF        r:/WORK/SYS_TOP/U0_UART_FIFO/sync_r2w/sync_reg_reg[1]
  Impl DFF        i:/WORK/SYS_TOP/U0_UART_FIFO/sync_r2w/sync_reg_reg_1_

  Ref  DFF        r:/WORK/SYS_TOP/U0_UART_FIFO/sync_r2w/sync_reg_reg[2]
  Impl DFF        i:/WORK/SYS_TOP/U0_UART_FIFO/sync_r2w/sync_reg_reg_2_

  Ref  DFF        r:/WORK/SYS_TOP/U0_UART_FIFO/sync_r2w/sync_reg_reg[3]
  Impl DFF        i:/WORK/SYS_TOP/U0_UART_FIFO/sync_r2w/sync_reg_reg_3_

  Ref  DFF        r:/WORK/SYS_TOP/U0_UART_FIFO/sync_w2r/sync_reg[0]
  Impl DFF        i:/WORK/SYS_TOP/U0_UART_FIFO/sync_w2r/sync_reg_0_

  Ref  DFF        r:/WORK/SYS_TOP/U0_UART_FIFO/sync_w2r/sync_reg[1]
  Impl DFF        i:/WORK/SYS_TOP/U0_UART_FIFO/sync_w2r/sync_reg_1_

  Ref  DFF        r:/WORK/SYS_TOP/U0_UART_FIFO/sync_w2r/sync_reg[2]
  Impl DFF        i:/WORK/SYS_TOP/U0_UART_FIFO/sync_w2r/sync_reg_2_

  Ref  DFF        r:/WORK/SYS_TOP/U0_UART_FIFO/sync_w2r/sync_reg[3]
  Impl DFF        i:/WORK/SYS_TOP/U0_UART_FIFO/sync_w2r/sync_reg_3_

  Ref  DFF        r:/WORK/SYS_TOP/U0_UART_FIFO/sync_w2r/sync_reg_reg[0]
  Impl DFF        i:/WORK/SYS_TOP/U0_UART_FIFO/sync_w2r/sync_reg_reg_0_

  Ref  DFF        r:/WORK/SYS_TOP/U0_UART_FIFO/sync_w2r/sync_reg_reg[1]
  Impl DFF        i:/WORK/SYS_TOP/U0_UART_FIFO/sync_w2r/sync_reg_reg_1_

  Ref  DFF        r:/WORK/SYS_TOP/U0_UART_FIFO/sync_w2r/sync_reg_reg[2]
  Impl DFF        i:/WORK/SYS_TOP/U0_UART_FIFO/sync_w2r/sync_reg_reg_2_

  Ref  DFF        r:/WORK/SYS_TOP/U0_UART_FIFO/sync_w2r/sync_reg_reg[3]
  Impl DFF        i:/WORK/SYS_TOP/U0_UART_FIFO/sync_w2r/sync_reg_reg_3_

  Ref  DFF        r:/WORK/SYS_TOP/U0_UART_FIFO/u_fifo_mem/FIFO_MEM_reg[0][0]
  Impl DFF        i:/WORK/SYS_TOP/U0_UART_FIFO/u_fifo_mem/FIFO_MEM_reg_0__0_

  Ref  DFF        r:/WORK/SYS_TOP/U0_UART_FIFO/u_fifo_mem/FIFO_MEM_reg[0][1]
  Impl DFF        i:/WORK/SYS_TOP/U0_UART_FIFO/u_fifo_mem/FIFO_MEM_reg_0__1_

  Ref  DFF        r:/WORK/SYS_TOP/U0_UART_FIFO/u_fifo_mem/FIFO_MEM_reg[0][2]
  Impl DFF        i:/WORK/SYS_TOP/U0_UART_FIFO/u_fifo_mem/FIFO_MEM_reg_0__2_

  Ref  DFF        r:/WORK/SYS_TOP/U0_UART_FIFO/u_fifo_mem/FIFO_MEM_reg[0][3]
  Impl DFF        i:/WORK/SYS_TOP/U0_UART_FIFO/u_fifo_mem/FIFO_MEM_reg_0__3_

  Ref  DFF        r:/WORK/SYS_TOP/U0_UART_FIFO/u_fifo_mem/FIFO_MEM_reg[0][4]
  Impl DFF        i:/WORK/SYS_TOP/U0_UART_FIFO/u_fifo_mem/FIFO_MEM_reg_0__4_

  Ref  DFF        r:/WORK/SYS_TOP/U0_UART_FIFO/u_fifo_mem/FIFO_MEM_reg[0][5]
  Impl DFF        i:/WORK/SYS_TOP/U0_UART_FIFO/u_fifo_mem/FIFO_MEM_reg_0__5_

  Ref  DFF        r:/WORK/SYS_TOP/U0_UART_FIFO/u_fifo_mem/FIFO_MEM_reg[0][6]
  Impl DFF        i:/WORK/SYS_TOP/U0_UART_FIFO/u_fifo_mem/FIFO_MEM_reg_0__6_

  Ref  DFF        r:/WORK/SYS_TOP/U0_UART_FIFO/u_fifo_mem/FIFO_MEM_reg[0][7]
  Impl DFF        i:/WORK/SYS_TOP/U0_UART_FIFO/u_fifo_mem/FIFO_MEM_reg_0__7_

  Ref  DFF        r:/WORK/SYS_TOP/U0_UART_FIFO/u_fifo_mem/FIFO_MEM_reg[1][0]
  Impl DFF        i:/WORK/SYS_TOP/U0_UART_FIFO/u_fifo_mem/FIFO_MEM_reg_1__0_

  Ref  DFF        r:/WORK/SYS_TOP/U0_UART_FIFO/u_fifo_mem/FIFO_MEM_reg[1][1]
  Impl DFF        i:/WORK/SYS_TOP/U0_UART_FIFO/u_fifo_mem/FIFO_MEM_reg_1__1_

  Ref  DFF        r:/WORK/SYS_TOP/U0_UART_FIFO/u_fifo_mem/FIFO_MEM_reg[1][2]
  Impl DFF        i:/WORK/SYS_TOP/U0_UART_FIFO/u_fifo_mem/FIFO_MEM_reg_1__2_

  Ref  DFF        r:/WORK/SYS_TOP/U0_UART_FIFO/u_fifo_mem/FIFO_MEM_reg[1][3]
  Impl DFF        i:/WORK/SYS_TOP/U0_UART_FIFO/u_fifo_mem/FIFO_MEM_reg_1__3_

  Ref  DFF        r:/WORK/SYS_TOP/U0_UART_FIFO/u_fifo_mem/FIFO_MEM_reg[1][4]
  Impl DFF        i:/WORK/SYS_TOP/U0_UART_FIFO/u_fifo_mem/FIFO_MEM_reg_1__4_

  Ref  DFF        r:/WORK/SYS_TOP/U0_UART_FIFO/u_fifo_mem/FIFO_MEM_reg[1][5]
  Impl DFF        i:/WORK/SYS_TOP/U0_UART_FIFO/u_fifo_mem/FIFO_MEM_reg_1__5_

  Ref  DFF        r:/WORK/SYS_TOP/U0_UART_FIFO/u_fifo_mem/FIFO_MEM_reg[1][6]
  Impl DFF        i:/WORK/SYS_TOP/U0_UART_FIFO/u_fifo_mem/FIFO_MEM_reg_1__6_

  Ref  DFF        r:/WORK/SYS_TOP/U0_UART_FIFO/u_fifo_mem/FIFO_MEM_reg[1][7]
  Impl DFF        i:/WORK/SYS_TOP/U0_UART_FIFO/u_fifo_mem/FIFO_MEM_reg_1__7_

  Ref  DFF        r:/WORK/SYS_TOP/U0_UART_FIFO/u_fifo_mem/FIFO_MEM_reg[2][0]
  Impl DFF        i:/WORK/SYS_TOP/U0_UART_FIFO/u_fifo_mem/FIFO_MEM_reg_2__0_

  Ref  DFF        r:/WORK/SYS_TOP/U0_UART_FIFO/u_fifo_mem/FIFO_MEM_reg[2][1]
  Impl DFF        i:/WORK/SYS_TOP/U0_UART_FIFO/u_fifo_mem/FIFO_MEM_reg_2__1_

  Ref  DFF        r:/WORK/SYS_TOP/U0_UART_FIFO/u_fifo_mem/FIFO_MEM_reg[2][2]
  Impl DFF        i:/WORK/SYS_TOP/U0_UART_FIFO/u_fifo_mem/FIFO_MEM_reg_2__2_

  Ref  DFF        r:/WORK/SYS_TOP/U0_UART_FIFO/u_fifo_mem/FIFO_MEM_reg[2][3]
  Impl DFF        i:/WORK/SYS_TOP/U0_UART_FIFO/u_fifo_mem/FIFO_MEM_reg_2__3_

  Ref  DFF        r:/WORK/SYS_TOP/U0_UART_FIFO/u_fifo_mem/FIFO_MEM_reg[2][4]
  Impl DFF        i:/WORK/SYS_TOP/U0_UART_FIFO/u_fifo_mem/FIFO_MEM_reg_2__4_

  Ref  DFF        r:/WORK/SYS_TOP/U0_UART_FIFO/u_fifo_mem/FIFO_MEM_reg[2][5]
  Impl DFF        i:/WORK/SYS_TOP/U0_UART_FIFO/u_fifo_mem/FIFO_MEM_reg_2__5_

  Ref  DFF        r:/WORK/SYS_TOP/U0_UART_FIFO/u_fifo_mem/FIFO_MEM_reg[2][6]
  Impl DFF        i:/WORK/SYS_TOP/U0_UART_FIFO/u_fifo_mem/FIFO_MEM_reg_2__6_

  Ref  DFF        r:/WORK/SYS_TOP/U0_UART_FIFO/u_fifo_mem/FIFO_MEM_reg[2][7]
  Impl DFF        i:/WORK/SYS_TOP/U0_UART_FIFO/u_fifo_mem/FIFO_MEM_reg_2__7_

  Ref  DFF        r:/WORK/SYS_TOP/U0_UART_FIFO/u_fifo_mem/FIFO_MEM_reg[3][0]
  Impl DFF        i:/WORK/SYS_TOP/U0_UART_FIFO/u_fifo_mem/FIFO_MEM_reg_3__0_

  Ref  DFF        r:/WORK/SYS_TOP/U0_UART_FIFO/u_fifo_mem/FIFO_MEM_reg[3][1]
  Impl DFF        i:/WORK/SYS_TOP/U0_UART_FIFO/u_fifo_mem/FIFO_MEM_reg_3__1_

  Ref  DFF        r:/WORK/SYS_TOP/U0_UART_FIFO/u_fifo_mem/FIFO_MEM_reg[3][2]
  Impl DFF        i:/WORK/SYS_TOP/U0_UART_FIFO/u_fifo_mem/FIFO_MEM_reg_3__2_

  Ref  DFF        r:/WORK/SYS_TOP/U0_UART_FIFO/u_fifo_mem/FIFO_MEM_reg[3][3]
  Impl DFF        i:/WORK/SYS_TOP/U0_UART_FIFO/u_fifo_mem/FIFO_MEM_reg_3__3_

  Ref  DFF        r:/WORK/SYS_TOP/U0_UART_FIFO/u_fifo_mem/FIFO_MEM_reg[3][4]
  Impl DFF        i:/WORK/SYS_TOP/U0_UART_FIFO/u_fifo_mem/FIFO_MEM_reg_3__4_

  Ref  DFF        r:/WORK/SYS_TOP/U0_UART_FIFO/u_fifo_mem/FIFO_MEM_reg[3][5]
  Impl DFF        i:/WORK/SYS_TOP/U0_UART_FIFO/u_fifo_mem/FIFO_MEM_reg_3__5_

  Ref  DFF        r:/WORK/SYS_TOP/U0_UART_FIFO/u_fifo_mem/FIFO_MEM_reg[3][6]
  Impl DFF        i:/WORK/SYS_TOP/U0_UART_FIFO/u_fifo_mem/FIFO_MEM_reg_3__6_

  Ref  DFF        r:/WORK/SYS_TOP/U0_UART_FIFO/u_fifo_mem/FIFO_MEM_reg[3][7]
  Impl DFF        i:/WORK/SYS_TOP/U0_UART_FIFO/u_fifo_mem/FIFO_MEM_reg_3__7_

  Ref  DFF        r:/WORK/SYS_TOP/U0_UART_FIFO/u_fifo_mem/FIFO_MEM_reg[4][0]
  Impl DFF        i:/WORK/SYS_TOP/U0_UART_FIFO/u_fifo_mem/FIFO_MEM_reg_4__0_

  Ref  DFF        r:/WORK/SYS_TOP/U0_UART_FIFO/u_fifo_mem/FIFO_MEM_reg[4][1]
  Impl DFF        i:/WORK/SYS_TOP/U0_UART_FIFO/u_fifo_mem/FIFO_MEM_reg_4__1_

  Ref  DFF        r:/WORK/SYS_TOP/U0_UART_FIFO/u_fifo_mem/FIFO_MEM_reg[4][2]
  Impl DFF        i:/WORK/SYS_TOP/U0_UART_FIFO/u_fifo_mem/FIFO_MEM_reg_4__2_

  Ref  DFF        r:/WORK/SYS_TOP/U0_UART_FIFO/u_fifo_mem/FIFO_MEM_reg[4][3]
  Impl DFF        i:/WORK/SYS_TOP/U0_UART_FIFO/u_fifo_mem/FIFO_MEM_reg_4__3_

  Ref  DFF        r:/WORK/SYS_TOP/U0_UART_FIFO/u_fifo_mem/FIFO_MEM_reg[4][4]
  Impl DFF        i:/WORK/SYS_TOP/U0_UART_FIFO/u_fifo_mem/FIFO_MEM_reg_4__4_

  Ref  DFF        r:/WORK/SYS_TOP/U0_UART_FIFO/u_fifo_mem/FIFO_MEM_reg[4][5]
  Impl DFF        i:/WORK/SYS_TOP/U0_UART_FIFO/u_fifo_mem/FIFO_MEM_reg_4__5_

  Ref  DFF        r:/WORK/SYS_TOP/U0_UART_FIFO/u_fifo_mem/FIFO_MEM_reg[4][6]
  Impl DFF        i:/WORK/SYS_TOP/U0_UART_FIFO/u_fifo_mem/FIFO_MEM_reg_4__6_

  Ref  DFF        r:/WORK/SYS_TOP/U0_UART_FIFO/u_fifo_mem/FIFO_MEM_reg[4][7]
  Impl DFF        i:/WORK/SYS_TOP/U0_UART_FIFO/u_fifo_mem/FIFO_MEM_reg_4__7_

  Ref  DFF        r:/WORK/SYS_TOP/U0_UART_FIFO/u_fifo_mem/FIFO_MEM_reg[5][0]
  Impl DFF        i:/WORK/SYS_TOP/U0_UART_FIFO/u_fifo_mem/FIFO_MEM_reg_5__0_

  Ref  DFF        r:/WORK/SYS_TOP/U0_UART_FIFO/u_fifo_mem/FIFO_MEM_reg[5][1]
  Impl DFF        i:/WORK/SYS_TOP/U0_UART_FIFO/u_fifo_mem/FIFO_MEM_reg_5__1_

  Ref  DFF        r:/WORK/SYS_TOP/U0_UART_FIFO/u_fifo_mem/FIFO_MEM_reg[5][2]
  Impl DFF        i:/WORK/SYS_TOP/U0_UART_FIFO/u_fifo_mem/FIFO_MEM_reg_5__2_

  Ref  DFF        r:/WORK/SYS_TOP/U0_UART_FIFO/u_fifo_mem/FIFO_MEM_reg[5][3]
  Impl DFF        i:/WORK/SYS_TOP/U0_UART_FIFO/u_fifo_mem/FIFO_MEM_reg_5__3_

  Ref  DFF        r:/WORK/SYS_TOP/U0_UART_FIFO/u_fifo_mem/FIFO_MEM_reg[5][4]
  Impl DFF        i:/WORK/SYS_TOP/U0_UART_FIFO/u_fifo_mem/FIFO_MEM_reg_5__4_

  Ref  DFF        r:/WORK/SYS_TOP/U0_UART_FIFO/u_fifo_mem/FIFO_MEM_reg[5][5]
  Impl DFF        i:/WORK/SYS_TOP/U0_UART_FIFO/u_fifo_mem/FIFO_MEM_reg_5__5_

  Ref  DFF        r:/WORK/SYS_TOP/U0_UART_FIFO/u_fifo_mem/FIFO_MEM_reg[5][6]
  Impl DFF        i:/WORK/SYS_TOP/U0_UART_FIFO/u_fifo_mem/FIFO_MEM_reg_5__6_

  Ref  DFF        r:/WORK/SYS_TOP/U0_UART_FIFO/u_fifo_mem/FIFO_MEM_reg[5][7]
  Impl DFF        i:/WORK/SYS_TOP/U0_UART_FIFO/u_fifo_mem/FIFO_MEM_reg_5__7_

  Ref  DFF        r:/WORK/SYS_TOP/U0_UART_FIFO/u_fifo_mem/FIFO_MEM_reg[6][0]
  Impl DFF        i:/WORK/SYS_TOP/U0_UART_FIFO/u_fifo_mem/FIFO_MEM_reg_6__0_

  Ref  DFF        r:/WORK/SYS_TOP/U0_UART_FIFO/u_fifo_mem/FIFO_MEM_reg[6][1]
  Impl DFF        i:/WORK/SYS_TOP/U0_UART_FIFO/u_fifo_mem/FIFO_MEM_reg_6__1_

  Ref  DFF        r:/WORK/SYS_TOP/U0_UART_FIFO/u_fifo_mem/FIFO_MEM_reg[6][2]
  Impl DFF        i:/WORK/SYS_TOP/U0_UART_FIFO/u_fifo_mem/FIFO_MEM_reg_6__2_

  Ref  DFF        r:/WORK/SYS_TOP/U0_UART_FIFO/u_fifo_mem/FIFO_MEM_reg[6][3]
  Impl DFF        i:/WORK/SYS_TOP/U0_UART_FIFO/u_fifo_mem/FIFO_MEM_reg_6__3_

  Ref  DFF        r:/WORK/SYS_TOP/U0_UART_FIFO/u_fifo_mem/FIFO_MEM_reg[6][4]
  Impl DFF        i:/WORK/SYS_TOP/U0_UART_FIFO/u_fifo_mem/FIFO_MEM_reg_6__4_

  Ref  DFF        r:/WORK/SYS_TOP/U0_UART_FIFO/u_fifo_mem/FIFO_MEM_reg[6][5]
  Impl DFF        i:/WORK/SYS_TOP/U0_UART_FIFO/u_fifo_mem/FIFO_MEM_reg_6__5_

  Ref  DFF        r:/WORK/SYS_TOP/U0_UART_FIFO/u_fifo_mem/FIFO_MEM_reg[6][6]
  Impl DFF        i:/WORK/SYS_TOP/U0_UART_FIFO/u_fifo_mem/FIFO_MEM_reg_6__6_

  Ref  DFF        r:/WORK/SYS_TOP/U0_UART_FIFO/u_fifo_mem/FIFO_MEM_reg[6][7]
  Impl DFF        i:/WORK/SYS_TOP/U0_UART_FIFO/u_fifo_mem/FIFO_MEM_reg_6__7_

  Ref  DFF        r:/WORK/SYS_TOP/U0_UART_FIFO/u_fifo_mem/FIFO_MEM_reg[7][0]
  Impl DFF        i:/WORK/SYS_TOP/U0_UART_FIFO/u_fifo_mem/FIFO_MEM_reg_7__0_

  Ref  DFF        r:/WORK/SYS_TOP/U0_UART_FIFO/u_fifo_mem/FIFO_MEM_reg[7][1]
  Impl DFF        i:/WORK/SYS_TOP/U0_UART_FIFO/u_fifo_mem/FIFO_MEM_reg_7__1_

  Ref  DFF        r:/WORK/SYS_TOP/U0_UART_FIFO/u_fifo_mem/FIFO_MEM_reg[7][2]
  Impl DFF        i:/WORK/SYS_TOP/U0_UART_FIFO/u_fifo_mem/FIFO_MEM_reg_7__2_

  Ref  DFF        r:/WORK/SYS_TOP/U0_UART_FIFO/u_fifo_mem/FIFO_MEM_reg[7][3]
  Impl DFF        i:/WORK/SYS_TOP/U0_UART_FIFO/u_fifo_mem/FIFO_MEM_reg_7__3_

  Ref  DFF        r:/WORK/SYS_TOP/U0_UART_FIFO/u_fifo_mem/FIFO_MEM_reg[7][4]
  Impl DFF        i:/WORK/SYS_TOP/U0_UART_FIFO/u_fifo_mem/FIFO_MEM_reg_7__4_

  Ref  DFF        r:/WORK/SYS_TOP/U0_UART_FIFO/u_fifo_mem/FIFO_MEM_reg[7][5]
  Impl DFF        i:/WORK/SYS_TOP/U0_UART_FIFO/u_fifo_mem/FIFO_MEM_reg_7__5_

  Ref  DFF        r:/WORK/SYS_TOP/U0_UART_FIFO/u_fifo_mem/FIFO_MEM_reg[7][6]
  Impl DFF        i:/WORK/SYS_TOP/U0_UART_FIFO/u_fifo_mem/FIFO_MEM_reg_7__6_

  Ref  DFF        r:/WORK/SYS_TOP/U0_UART_FIFO/u_fifo_mem/FIFO_MEM_reg[7][7]
  Impl DFF        i:/WORK/SYS_TOP/U0_UART_FIFO/u_fifo_mem/FIFO_MEM_reg_7__7_

  Ref  DFF        r:/WORK/SYS_TOP/U0_UART_FIFO/u_fifo_rd/gray_rd_ptr_reg[0]
  Impl DFF        i:/WORK/SYS_TOP/U0_UART_FIFO/u_fifo_rd/gray_rd_ptr_reg_0_

  Ref  DFF        r:/WORK/SYS_TOP/U0_UART_FIFO/u_fifo_rd/gray_rd_ptr_reg[1]
  Impl DFF        i:/WORK/SYS_TOP/U0_UART_FIFO/u_fifo_rd/gray_rd_ptr_reg_1_

  Ref  DFF        r:/WORK/SYS_TOP/U0_UART_FIFO/u_fifo_rd/gray_rd_ptr_reg[2]
  Impl DFF        i:/WORK/SYS_TOP/U0_UART_FIFO/u_fifo_rd/gray_rd_ptr_reg_2_

  Ref  DFF        r:/WORK/SYS_TOP/U0_UART_FIFO/u_fifo_rd/gray_rd_ptr_reg[3]
  Impl DFF        i:/WORK/SYS_TOP/U0_UART_FIFO/u_fifo_rd/gray_rd_ptr_reg_3_

  Ref  DFF        r:/WORK/SYS_TOP/U0_UART_FIFO/u_fifo_rd/rd_ptr_reg[0]
  Impl DFF        i:/WORK/SYS_TOP/U0_UART_FIFO/u_fifo_rd/rd_ptr_reg_0_

  Ref  DFF        r:/WORK/SYS_TOP/U0_UART_FIFO/u_fifo_rd/rd_ptr_reg[1]
  Impl DFF        i:/WORK/SYS_TOP/U0_UART_FIFO/u_fifo_rd/rd_ptr_reg_1_

  Ref  DFF        r:/WORK/SYS_TOP/U0_UART_FIFO/u_fifo_rd/rd_ptr_reg[2]
  Impl DFF        i:/WORK/SYS_TOP/U0_UART_FIFO/u_fifo_rd/rd_ptr_reg_2_

  Ref  DFF        r:/WORK/SYS_TOP/U0_UART_FIFO/u_fifo_rd/rd_ptr_reg[3]
  Impl DFF        i:/WORK/SYS_TOP/U0_UART_FIFO/u_fifo_rd/rd_ptr_reg_3_

  Ref  DFF        r:/WORK/SYS_TOP/U0_UART_FIFO/u_fifo_wr/gray_w_ptr_reg[0]
  Impl DFF        i:/WORK/SYS_TOP/U0_UART_FIFO/u_fifo_wr/gray_w_ptr_reg_0_

  Ref  DFF        r:/WORK/SYS_TOP/U0_UART_FIFO/u_fifo_wr/gray_w_ptr_reg[1]
  Impl DFF        i:/WORK/SYS_TOP/U0_UART_FIFO/u_fifo_wr/gray_w_ptr_reg_1_

  Ref  DFF        r:/WORK/SYS_TOP/U0_UART_FIFO/u_fifo_wr/gray_w_ptr_reg[2]
  Impl DFF        i:/WORK/SYS_TOP/U0_UART_FIFO/u_fifo_wr/gray_w_ptr_reg_2_

  Ref  DFF        r:/WORK/SYS_TOP/U0_UART_FIFO/u_fifo_wr/gray_w_ptr_reg[3]
  Impl DFF        i:/WORK/SYS_TOP/U0_UART_FIFO/u_fifo_wr/gray_w_ptr_reg_3_

  Ref  DFF        r:/WORK/SYS_TOP/U0_UART_FIFO/u_fifo_wr/w_ptr_reg[0]
  Impl DFF        i:/WORK/SYS_TOP/U0_UART_FIFO/u_fifo_wr/w_ptr_reg_0_

  Ref  DFF        r:/WORK/SYS_TOP/U0_UART_FIFO/u_fifo_wr/w_ptr_reg[1]
  Impl DFF        i:/WORK/SYS_TOP/U0_UART_FIFO/u_fifo_wr/w_ptr_reg_1_

  Ref  DFF        r:/WORK/SYS_TOP/U0_UART_FIFO/u_fifo_wr/w_ptr_reg[2]
  Impl DFF        i:/WORK/SYS_TOP/U0_UART_FIFO/u_fifo_wr/w_ptr_reg_2_

  Ref  DFF        r:/WORK/SYS_TOP/U0_UART_FIFO/u_fifo_wr/w_ptr_reg[3]
  Impl DFF        i:/WORK/SYS_TOP/U0_UART_FIFO/u_fifo_wr/w_ptr_reg_3_

  Ref  DFF        r:/WORK/SYS_TOP/U0_ref_sync/enable_flop_reg
  Impl DFF        i:/WORK/SYS_TOP/U0_ref_sync/enable_flop_reg

  Ref  DFF        r:/WORK/SYS_TOP/U0_ref_sync/enable_pulse_reg
  Impl DFF        i:/WORK/SYS_TOP/U0_ref_sync/enable_pulse_reg

  Ref  DFF        r:/WORK/SYS_TOP/U0_ref_sync/sync_bus_reg[0]
  Impl DFF        i:/WORK/SYS_TOP/U0_ref_sync/sync_bus_reg_0_

  Ref  DFF        r:/WORK/SYS_TOP/U0_ref_sync/sync_bus_reg[1]
  Impl DFF        i:/WORK/SYS_TOP/U0_ref_sync/sync_bus_reg_1_

  Ref  DFF        r:/WORK/SYS_TOP/U0_ref_sync/sync_bus_reg[2]
  Impl DFF        i:/WORK/SYS_TOP/U0_ref_sync/sync_bus_reg_2_

  Ref  DFF        r:/WORK/SYS_TOP/U0_ref_sync/sync_bus_reg[3]
  Impl DFF        i:/WORK/SYS_TOP/U0_ref_sync/sync_bus_reg_3_

  Ref  DFF        r:/WORK/SYS_TOP/U0_ref_sync/sync_bus_reg[4]
  Impl DFF        i:/WORK/SYS_TOP/U0_ref_sync/sync_bus_reg_4_

  Ref  DFF        r:/WORK/SYS_TOP/U0_ref_sync/sync_bus_reg[5]
  Impl DFF        i:/WORK/SYS_TOP/U0_ref_sync/sync_bus_reg_5_

  Ref  DFF        r:/WORK/SYS_TOP/U0_ref_sync/sync_bus_reg[6]
  Impl DFF        i:/WORK/SYS_TOP/U0_ref_sync/sync_bus_reg_6_

  Ref  DFF        r:/WORK/SYS_TOP/U0_ref_sync/sync_bus_reg[7]
  Impl DFF        i:/WORK/SYS_TOP/U0_ref_sync/sync_bus_reg_7_

  Ref  DFF        r:/WORK/SYS_TOP/U0_ref_sync/sync_flop_reg[0]
  Impl DFF        i:/WORK/SYS_TOP/U0_ref_sync/sync_flop_reg_0_

  Ref  DFF        r:/WORK/SYS_TOP/U0_ref_sync/sync_flop_reg[1]
  Impl DFF        i:/WORK/SYS_TOP/U0_ref_sync/sync_flop_reg_1_

  Ref  DFF        r:/WORK/SYS_TOP/U1_ClkDiv/counter_reg[0]
  Impl DFF        i:/WORK/SYS_TOP/U1_ClkDiv/counter_reg_0_

  Ref  DFF        r:/WORK/SYS_TOP/U1_ClkDiv/counter_reg[1]
  Impl DFF        i:/WORK/SYS_TOP/U1_ClkDiv/counter_reg_1_

  Ref  DFF        r:/WORK/SYS_TOP/U1_ClkDiv/counter_reg[2]
  Impl DFF        i:/WORK/SYS_TOP/U1_ClkDiv/counter_reg_2_

  Ref  DFF        r:/WORK/SYS_TOP/U1_ClkDiv/counter_reg[3]
  Impl DFF        i:/WORK/SYS_TOP/U1_ClkDiv/counter_reg_3_

  Ref  DFF        r:/WORK/SYS_TOP/U1_ClkDiv/counter_reg[4]
  Impl DFF        i:/WORK/SYS_TOP/U1_ClkDiv/counter_reg_4_

  Ref  DFF        r:/WORK/SYS_TOP/U1_ClkDiv/counter_reg[5]
  Impl DFF        i:/WORK/SYS_TOP/U1_ClkDiv/counter_reg_5_

  Ref  DFF        r:/WORK/SYS_TOP/U1_ClkDiv/counter_reg[6]
  Impl DFF        i:/WORK/SYS_TOP/U1_ClkDiv/counter_reg_6_

  Ref  DFF        r:/WORK/SYS_TOP/U1_ClkDiv/counter_reg[7]
  Impl DFF        i:/WORK/SYS_TOP/U1_ClkDiv/counter_reg_7_

  Ref  DFF        r:/WORK/SYS_TOP/U1_ClkDiv/div_clk_reg
  Impl DFF        i:/WORK/SYS_TOP/U1_ClkDiv/div_clk_reg

  Ref  DFF        r:/WORK/SYS_TOP/U1_ClkDiv/flag_reg
  Impl DFF        i:/WORK/SYS_TOP/U1_ClkDiv/flag_reg

  Ref  DFF        r:/WORK/SYS_TOP/U1_RST_SYNC/sync_reg_reg[0]
  Impl DFF        i:/WORK/SYS_TOP/U1_RST_SYNC/sync_reg_reg_0_

  Ref  DFF        r:/WORK/SYS_TOP/U1_RST_SYNC/sync_reg_reg[1]
  Impl DFF        i:/WORK/SYS_TOP/U1_RST_SYNC/sync_reg_reg_1_

  Ref  Port       r:/WORK/SYS_TOP/UART_TX_O
  Impl Port       i:/WORK/SYS_TOP/UART_TX_O

  Ref  Port       r:/WORK/SYS_TOP/framing_error
  Impl Port       i:/WORK/SYS_TOP/framing_error

  Ref  Port       r:/WORK/SYS_TOP/parity_error
  Impl Port       i:/WORK/SYS_TOP/parity_error

 [BBNet: multiply-driven net
  BBPin: black-box pin
  Cut:   cut-point
  DFF:   non-constant DFF register
  DFF0:  constant 0 DFF register
  DFF1:  constant 1 DFF register
  DFFX:  constant X DFF register
  DFF0X: constrained 0X DFF register
  DFF1X: constrained 1X DFF register
  LAT:   non-constant latch register
  LAT0:  constant 0 latch register
  LAT1:  constant 1 latch register
  LATX:  constant X latch register
  LAT0X: constrained 0X latch register
  LAT1X: constrained 1X latch register
  LATCG: clock-gating latch register
  TLA:   transparent latch register
  TLA0X: transparent constrained 0X latch register
  TLA1X: transparent constrained 1X latch register
  Loop:  cycle break point
  Port:  primary (top-level) port
  Und:   undriven signal cut-point
  Unk:   unknown signal cut-point]

1
